Archive member included because of file (symbol)

C:\Users\hardi\SimplicityStudio\v4_workspace\Blinky_SDK_2_9\platform\radio\rail_lib\autogen\librail_release\librail_efr32xg13_gcc_release.a(rail_pti.o)
                              ./pti.o (RAIL_ConfigPti)
C:\Users\hardi\SimplicityStudio\v4_workspace\Blinky_SDK_2_9\platform\radio\rail_lib\autogen\librail_release\librail_efr32xg13_gcc_release.a(rail_rf_hal.o)
                              C:\Users\hardi\SimplicityStudio\v4_workspace\Blinky_SDK_2_9\platform\radio\rail_lib\autogen\librail_release\librail_efr32xg13_gcc_release.a(rail_pti.o) (RFHAL_ConfigPti)
C:\Users\hardi\SimplicityStudio\v4_workspace\Blinky_SDK_2_9\platform\radio\rail_lib\autogen\librail_release\librail_efr32xg13_gcc_release.a(rail_ieee802154_rf_hal.o)
                              C:\Users\hardi\SimplicityStudio\v4_workspace\Blinky_SDK_2_9\platform\radio\rail_lib\autogen\librail_release\librail_efr32xg13_gcc_release.a(rail_rf_hal.o) (RFHAL_IEEE802154IsEnabled)
C:\Users\hardi\SimplicityStudio\v4_workspace\Blinky_SDK_2_9\platform\radio\rail_lib\autogen\librail_release\librail_efr32xg13_gcc_release.a(ieee802154_efr32xg13_configurator_out.o)
                              C:\Users\hardi\SimplicityStudio\v4_workspace\Blinky_SDK_2_9\platform\radio\rail_lib\autogen\librail_release\librail_efr32xg13_gcc_release.a(rail_ieee802154_rf_hal.o) (ieee802154_coherent_min)
C:\Users\hardi\SimplicityStudio\v4_workspace\Blinky_SDK_2_9\platform\radio\rail_lib\autogen\librail_release\librail_efr32xg13_gcc_release.a(ieee802154_gb868_efr32xg13_configurator_out.o)
                              C:\Users\hardi\SimplicityStudio\v4_workspace\Blinky_SDK_2_9\platform\radio\rail_lib\autogen\librail_release\librail_efr32xg13_gcc_release.a(rail_ieee802154_rf_hal.o) (ieee802154_gb868_config_915_min)
C:\Users\hardi\SimplicityStudio\v4_workspace\Blinky_SDK_2_9\platform\radio\rail_lib\autogen\librail_release\librail_efr32xg13_gcc_release.a(rail_ble_rf_hal.o)
                              C:\Users\hardi\SimplicityStudio\v4_workspace\Blinky_SDK_2_9\platform\radio\rail_lib\autogen\librail_release\librail_efr32xg13_gcc_release.a(rail_rf_hal.o) (RFHAL_IsBleLongRangeEnabled)
C:\Users\hardi\SimplicityStudio\v4_workspace\Blinky_SDK_2_9\platform\radio\rail_lib\autogen\librail_release\librail_efr32xg13_gcc_release.a(ble_efr32xg13_configurator_out.o)
                              C:\Users\hardi\SimplicityStudio\v4_workspace\Blinky_SDK_2_9\platform\radio\rail_lib\autogen\librail_release\librail_efr32xg13_gcc_release.a(rail_ble_rf_hal.o) (ble_viterbi2M_min)
C:\Users\hardi\SimplicityStudio\v4_workspace\Blinky_SDK_2_9\platform\radio\rail_lib\autogen\librail_release\librail_efr32xg13_gcc_release.a(rail_singleprotocol.o)
                              C:\Users\hardi\SimplicityStudio\v4_workspace\Blinky_SDK_2_9\platform\radio\rail_lib\autogen\librail_release\librail_efr32xg13_gcc_release.a(rail_rf_hal.o) (RAIL_ActiveHandle)
C:\Users\hardi\SimplicityStudio\v4_workspace\Blinky_SDK_2_9\platform\radio\rail_lib\autogen\librail_release\librail_efr32xg13_gcc_release.a(rail_rf.o)
                              C:\Users\hardi\SimplicityStudio\v4_workspace\Blinky_SDK_2_9\platform\radio\rail_lib\autogen\librail_release\librail_efr32xg13_gcc_release.a(rail_singleprotocol.o) (RAILCore_Init)
C:\Users\hardi\SimplicityStudio\v4_workspace\Blinky_SDK_2_9\platform\radio\rail_lib\autogen\librail_release\librail_efr32xg13_gcc_release.a(rail_rx.o)
                              C:\Users\hardi\SimplicityStudio\v4_workspace\Blinky_SDK_2_9\platform\radio\rail_lib\autogen\librail_release\librail_efr32xg13_gcc_release.a(rail_rf_hal.o) (RAILCore_StartRx)
C:\Users\hardi\SimplicityStudio\v4_workspace\Blinky_SDK_2_9\platform\radio\rail_lib\autogen\librail_release\librail_efr32xg13_gcc_release.a(rail_tx.o)
                              C:\Users\hardi\SimplicityStudio\v4_workspace\Blinky_SDK_2_9\platform\radio\rail_lib\autogen\librail_release\librail_efr32xg13_gcc_release.a(rail_singleprotocol.o) (RAILCore_StartTxStream)
C:\Users\hardi\SimplicityStudio\v4_workspace\Blinky_SDK_2_9\platform\radio\rail_lib\autogen\librail_release\librail_efr32xg13_gcc_release.a(rail_calibration.o)
                              C:\Users\hardi\SimplicityStudio\v4_workspace\Blinky_SDK_2_9\platform\radio\rail_lib\autogen\librail_release\librail_efr32xg13_gcc_release.a(rail_rf_hal.o) (RAILInt_PendCal)
C:\Users\hardi\SimplicityStudio\v4_workspace\Blinky_SDK_2_9\platform\radio\rail_lib\autogen\librail_release\librail_efr32xg13_gcc_release.a(rail_data.o)
                              C:\Users\hardi\SimplicityStudio\v4_workspace\Blinky_SDK_2_9\platform\radio\rail_lib\autogen\librail_release\librail_efr32xg13_gcc_release.a(rail_rf_hal.o) (RAILCb_SetupRxFifo)
C:\Users\hardi\SimplicityStudio\v4_workspace\Blinky_SDK_2_9\platform\radio\rail_lib\autogen\librail_release\librail_efr32xg13_gcc_release.a(rail_assert.o)
[...]
Memory Configuration

Name             Origin             Length             Attributes
FLASH_BOOTLOADER 0x0fe10000         0x00004000         xr
FLASH            0x00000000         0x0007f000         xr
RAM              0x20000000         0x00010000         xrw
*default*        0x00000000         0xffffffff

Linker script and memory map

LOAD c:/siliconlabs/simplicitystudio/v4/developer/toolchains/gnu_arm/4.9_2015q3/bin/../lib/gcc/arm-none-eabi/4.9.3/armv7e-m/softfp/crti.o
LOAD c:/siliconlabs/simplicitystudio/v4/developer/toolchains/gnu_arm/4.9_2015q3/bin/../lib/gcc/arm-none-eabi/4.9.3/armv7e-m/softfp/crtbegin.o
LOAD c:/siliconlabs/simplicitystudio/v4/developer/toolchains/gnu_arm/4.9_2015q3/bin/../lib/gcc/arm-none-eabi/4.9.3/../../../../arm-none-eabi/lib/armv7e-m/softfp/crt0.o
START GROUP
LOAD ./application_properties.o
LOAD ./gatt_db.o
LOAD ./init_app.o
LOAD ./init_board.o
LOAD ./init_mcu.o
LOAD ./main.o
LOAD ./pti.o
LOAD ./hardware/kit/common/bsp/bsp_stk.o
LOAD ./hardware/kit/common/drivers/i2cspm.o
LOAD ./hardware/kit/common/drivers/mx25flash_spi.o
LOAD ./hardware/kit/common/drivers/si7013.o
LOAD ./hardware/kit/common/drivers/tempsens.o
LOAD ./hardware/kit/common/drivers/udelay.o
LOAD ./platform/Device/SiliconLabs/EFR32BG13P/Source/GCC/startup_efr32bg13p.o
LOAD ./platform/Device/SiliconLabs/EFR32BG13P/Source/system_efr32bg13p.o
LOAD ./platform/emdrv/sleep/src/sleep.o
LOAD ./platform/emlib/src/em_cmu.o
LOAD ./platform/emlib/src/em_core.o
LOAD ./platform/emlib/src/em_cryotimer.o
LOAD ./platform/emlib/src/em_crypto.o
LOAD ./platform/emlib/src/em_emu.o
LOAD ./platform/emlib/src/em_gpio.o
LOAD ./platform/emlib/src/em_i2c.o
LOAD ./platform/emlib/src/em_msc.o
LOAD ./platform/emlib/src/em_rmu.o
LOAD ./platform/emlib/src/em_rtcc.o
LOAD ./platform/emlib/src/em_system.o
LOAD ./platform/emlib/src/em_timer.o
LOAD ./platform/emlib/src/em_usart.o
LOAD ./src/cmu.o
LOAD ./src/gpio.o
LOAD C:\Users\hardi\SimplicityStudio\v4_workspace\Blinky_SDK_2_9\platform\radio\rail_lib\autogen\librail_release\librail_efr32xg13_gcc_release.a
LOAD C:\Users\hardi\SimplicityStudio\v4_workspace\Blinky_SDK_2_9\protocol\bluetooth\lib\EFR32BG13P\GCC\binapploader.o
LOAD C:\Users\hardi\SimplicityStudio\v4_workspace\Blinky_SDK_2_9\protocol\bluetooth\lib\EFR32BG13P\GCC\libbluetooth.a
LOAD C:\Users\hardi\SimplicityStudio\v4_workspace\Blinky_SDK_2_9\protocol\bluetooth\lib\EFR32BG13P\GCC\libpsstore.a
LOAD C:\Users\hardi\SimplicityStudio\v4_workspace\Blinky_SDK_2_9\protocol\bluetooth\lib\EFR32BG13P\GCC\libmbedtls.a
LOAD c:/siliconlabs/simplicitystudio/v4/developer/toolchains/gnu_arm/4.9_2015q3/bin/../lib/gcc/arm-none-eabi/4.9.3/../../../../arm-none-eabi/lib/armv7e-m/softfp\libm.a
END GROUP
START GROUP
LOAD c:/siliconlabs/simplicitystudio/v4/developer/toolchains/gnu_arm/4.9_2015q3/bin/../lib/gcc/arm-none-eabi/4.9.3/armv7e-m/softfp\libgcc.a
LOAD c:/siliconlabs/simplicitystudio/v4/developer/toolchains/gnu_arm/4.9_2015q3/bin/../lib/gcc/arm-none-eabi/4.9.3/../../../../arm-none-eabi/lib/armv7e-m/softfp\libc_nano.a
LOAD c:/siliconlabs/simplicitystudio/v4/developer/toolchains/gnu_arm/4.9_2015q3/bin/../lib/gcc/arm-none-eabi/4.9.3/../../../../arm-none-eabi/lib/armv7e-m/softfp\libnosys.a
END GROUP
START GROUP
LOAD c:/siliconlabs/simplicitystudio/v4/developer/toolchains/gnu_arm/4.9_2015q3/bin/../lib/gcc/arm-none-eabi/4.9.3/armv7e-m/softfp\libgcc.a
LOAD c:/siliconlabs/simplicitystudio/v4/developer/toolchains/gnu_arm/4.9_2015q3/bin/../lib/gcc/arm-none-eabi/4.9.3/../../../../arm-none-eabi/lib/armv7e-m/softfp\libg_nano.a
LOAD c:/siliconlabs/simplicitystudio/v4/developer/toolchains/gnu_arm/4.9_2015q3/bin/../lib/gcc/arm-none-eabi/4.9.3/../../../../arm-none-eabi/lib/armv7e-m/softfp\libc_nano.a
END GROUP
START GROUP
LOAD c:/siliconlabs/simplicitystudio/v4/developer/toolchains/gnu_arm/4.9_2015q3/bin/../lib/gcc/arm-none-eabi/4.9.3/armv7e-m/softfp\libgcc.a
LOAD c:/siliconlabs/simplicitystudio/v4/developer/toolchains/gnu_arm/4.9_2015q3/bin/../lib/gcc/arm-none-eabi/4.9.3/../../../../arm-none-eabi/lib/armv7e-m/softfp\libc_nano.a
END GROUP
LOAD c:/siliconlabs/simplicitystudio/v4/developer/toolchains/gnu_arm/4.9_2015q3/bin/../lib/gcc/arm-none-eabi/4.9.3/armv7e-m/softfp/crtend.o
LOAD c:/siliconlabs/simplicitystudio/v4/developer/toolchains/gnu_arm/4.9_2015q3/bin/../lib/gcc/arm-none-eabi/4.9.3/armv7e-m/softfp/crtn.o

.text_bootloader
                0x0fe10000        0x0
 *(.binbootloader*)
                0x0fe10000                . = ALIGN (0x4000)

.text_apploader
                0x00000000     0x8fc0
 *(.binapploader*)
 .binapploader  0x00000000     0x8fc0 C:\Users\hardi\SimplicityStudio\v4_workspace\Blinky_SDK_2_9\protocol\bluetooth\lib\EFR32BG13P\GCC\binapploader.o

.text_signature
                0x00008fc0       0x40
                0x00009000                . = ALIGN (0x800)
 *fill*         0x00008fc0       0x40 
                0x00009000                __text_start__ = .

.text_application
                0x00009000    0x1f6e4
 *(.vectors)
 .vectors       0x00009000       0xfc ./platform/Device/SiliconLabs/EFR32BG13P/Source/GCC/startup_efr32bg13p.o
                0x00009000                __Vectors
                0x000090fc                __Vectors_End = .
                0x000000fc                __Vectors_Size = (__Vectors_End - __Vectors)
                0x000090fc                __end__ = .
 *(.application_properties)
 .application_properties
                0x000090fc       0x38 ./application_properties.o
                0x000090fc                applicationProperties
 *(.gecko_configuration)
 *(.xo_configuration)
 *(.gatt_header)
 .gatt_header   0x00009134       0x34 ./gatt_db.o
                0x00009134                bg_gattdb_data
 *(.gatt_data)
 .gatt_data     0x00009168      0x1c6 ./gatt_db.o
                0x00009168                bg_gattdb_data_adv_uuid128_map
                0x0000916c                bg_gattdb_data_adv_uuid16_map
                0x00009170                bg_gattdb_data_attributes_dynamic_mapping_map
                0x00009178                bg_gattdb_data_attributes_map
                0x0000925c                bg_gattdb_data_attribute_field_0
                0x00009260                bg_gattdb_data_attribute_field_1
                0x00009268                bg_gattdb_data_attribute_field_2
                0x00009270                bg_gattdb_data_attribute_field_4
                0x00009274                bg_gattdb_data_attribute_field_5
                0x0000927c                bg_gattdb_data_attribute_field_6
                0x00009284                bg_gattdb_data_attribute_field_7
                0x0000928c                bg_gattdb_data_attribute_field_8
                0x00009290                bg_gattdb_data_attribute_field_9
                0x00009294                bg_gattdb_data_attribute_field_10
                0x0000929c                bg_gattdb_data_attribute_field_11
                0x000092ac                bg_gattdb_data_attribute_field_12
                0x000092b0                bg_gattdb_data_attribute_field_13
                0x000092b8                bg_gattdb_data_attribute_field_14
                0x000092c0                bg_gattdb_data_attribute_field_16
                0x000092d4                bg_gattdb_data_attribute_field_17
                0x000092ec                bg_gattdb_data_attribute_field_18
                0x000092f4                bg_gattdb_data_uuidtable_128_map
                0x00009314                bg_gattdb_data_uuidtable_16_map
 *(.text*)
 *fill*         0x0000932e        0x2 
 .text          0x00009330       0x5c c:/siliconlabs/simplicitystudio/v4/developer/toolchains/gnu_arm/4.9_2015q3/bin/../lib/gcc/arm-none-eabi/4.9.3/armv7e-m/softfp/crtbegin.o
 .text          0x0000938c       0x74 c:/siliconlabs/simplicitystudio/v4/developer/toolchains/gnu_arm/4.9_2015q3/bin/../lib/gcc/arm-none-eabi/4.9.3/../../../../arm-none-eabi/lib/armv7e-m/softfp/crt0.o
                0x0000938c                _start
                0x0000938c                _mainCRTStartup
 .text.initBoard
                0x00009400       0x48 ./init_board.o
                0x00009400                initBoard
 .text.initMcu  0x00009448      0x118 ./init_mcu.o
                0x00009448                initMcu
 .text.main     0x00009560       0x80 ./main.o
                0x00009560                main
 .text.Wait_Flash_WarmUp
                0x000095e0       0x20 ./hardware/kit/common/drivers/mx25flash_spi.o
                0x000095e0                Wait_Flash_WarmUp
 .text.MX25_init
                0x00009600       0x90 ./hardware/kit/common/drivers/mx25flash_spi.o
                0x00009600                MX25_init
 .text.InsertDummyCycle
                0x00009690       0x20 ./hardware/kit/common/drivers/mx25flash_spi.o
                0x00009690                InsertDummyCycle
 .text.SendByte
                0x000096b0       0x14 ./hardware/kit/common/drivers/mx25flash_spi.o
                0x000096b0                SendByte
 .text.MX25_DP  0x000096c4       0x38 ./hardware/kit/common/drivers/mx25flash_spi.o
                0x000096c4                MX25_DP
 .text.Default_Handler
                0x000096fc        0x4 ./platform/Device/SiliconLabs/EFR32BG13P/Source/GCC/startup_efr32bg13p.o
                0x000096fc                DebugMon_Handler
                0x000096fc                USART0_TX_IRQHandler
                0x000096fc                I2C0_IRQHandler
                0x000096fc                HardFault_Handler
                0x000096fc                SysTick_Handler
                0x000096fc                USART1_RX_IRQHandler
                0x000096fc                PendSV_Handler
                0x000096fc                NMI_Handler
                0x000096fc                I2C1_IRQHandler
                0x000096fc                WTIMER0_IRQHandler
                0x000096fc                CRYPTO0_IRQHandler
                0x000096fc                WDOG0_IRQHandler
                0x000096fc                USART1_TX_IRQHandler
                0x000096fc                SMU_IRQHandler
                0x000096fc                MSC_IRQHandler
                0x000096fc                ADC0_IRQHandler
                0x000096fc                UsageFault_Handler
                0x000096fc                WDOG1_IRQHandler
                0x000096fc                LEUART0_IRQHandler
                0x000096fc                FPUEH_IRQHandler
                0x000096fc                GPIO_EVEN_IRQHandler
                0x000096fc                VDAC0_IRQHandler
                0x000096fc                LDMA_IRQHandler
                0x000096fc                CSEN_IRQHandler
                0x000096fc                CRYPTO1_IRQHandler
                0x000096fc                TIMER0_IRQHandler
                0x000096fc                LETIMER0_IRQHandler
                0x000096fc                TIMER1_IRQHandler
                0x000096fc                TRNG0_IRQHandler
                0x000096fc                USART2_RX_IRQHandler
                0x000096fc                Default_Handler
                0x000096fc                EMU_IRQHandler
                0x000096fc                CRYOTIMER_IRQHandler
                0x000096fc                PCNT0_IRQHandler
                0x000096fc                ACMP0_IRQHandler
                0x000096fc                USART0_RX_IRQHandler
                0x000096fc                MemManage_Handler
                0x000096fc                SVC_Handler
                0x000096fc                RTCC_IRQHandler
                0x000096fc                CMU_IRQHandler
                0x000096fc                LESENSE_IRQHandler
                0x000096fc                GPIO_ODD_IRQHandler
                0x000096fc                BusFault_Handler
                0x000096fc                USART2_TX_IRQHandler
                0x000096fc                IDAC0_IRQHandler
 .text.Reset_Handler
                0x00009700       0x2c ./platform/Device/SiliconLabs/EFR32BG13P/Source/GCC/startup_efr32bg13p.o
                0x00009700                Reset_Handler
 .text.SystemMaxCoreClockGet
                0x0000972c        0x8 ./platform/Device/SiliconLabs/EFR32BG13P/Source/system_efr32bg13p.o
                0x0000972c                SystemMaxCoreClockGet
 .text.SystemHFClockGet
                0x00009734       0x50 ./platform/Device/SiliconLabs/EFR32BG13P/Source/system_efr32bg13p.o
                0x00009734                SystemHFClockGet
 .text.SystemCoreClockGet
                0x00009784       0x24 ./platform/Device/SiliconLabs/EFR32BG13P/Source/system_efr32bg13p.o
                0x00009784                SystemCoreClockGet
 .text.SystemHFXOClockGet
                0x000097a8        0xc ./platform/Device/SiliconLabs/EFR32BG13P/Source/system_efr32bg13p.o
                0x000097a8                SystemHFXOClockGet
 .text.SystemHFXOClockSet
                0x000097b4       0x24 ./platform/Device/SiliconLabs/EFR32BG13P/Source/system_efr32bg13p.o
                0x000097b4                SystemHFXOClockSet
 .text.SystemInit
                0x000097d8       0x14 ./platform/Device/SiliconLabs/EFR32BG13P/Source/system_efr32bg13p.o
                0x000097d8                SystemInit
 .text.SystemLFRCOClockGet
                0x000097ec        0x8 ./platform/Device/SiliconLabs/EFR32BG13P/Source/system_efr32bg13p.o
                0x000097ec                SystemLFRCOClockGet
 .text.SystemULFRCOClockGet
                0x000097f4        0x8 ./platform/Device/SiliconLabs/EFR32BG13P/Source/system_efr32bg13p.o
                0x000097f4                SystemULFRCOClockGet
 .text.SystemLFXOClockGet
                0x000097fc        0xc ./platform/Device/SiliconLabs/EFR32BG13P/Source/system_efr32bg13p.o
                0x000097fc                SystemLFXOClockGet
 .text.SystemLFXOClockSet
                0x00009808       0x24 ./platform/Device/SiliconLabs/EFR32BG13P/Source/system_efr32bg13p.o
                0x00009808                SystemLFXOClockSet
 .text.sleepCallbackWrapper
                0x0000982c       0x14 ./platform/emdrv/sleep/src/sleep.o
 .text.SLEEP_Init
                0x00009840       0x40 ./platform/emdrv/sleep/src/sleep.o
                0x00009840                SLEEP_Init
 .text.SLEEP_SleepBlockBegin
                0x00009880       0x28 ./platform/emdrv/sleep/src/sleep.o
                0x00009880                SLEEP_SleepBlockBegin
 .text.setHfLeConfig
                0x000098a8       0x44 ./platform/emlib/src/em_cmu.o
 .text.flashWaitStateControl
                0x000098ec       0x50 ./platform/emlib/src/em_cmu.o
 .text.flashWaitStateMax
                0x0000993c       0x24 ./platform/emlib/src/em_cmu.o
 .text.CMU_UpdateWaitStates
                0x00009960       0x20 ./platform/emlib/src/em_cmu.o
                0x00009960                CMU_UpdateWaitStates
 .text.CMU_ClockEnable
                0x00009980       0x90 ./platform/emlib/src/em_cmu.o
                0x00009980                CMU_ClockEnable
 .text.CMU_ClockSelectGet
                0x00009a10       0xf4 ./platform/emlib/src/em_cmu.o
                0x00009a10                CMU_ClockSelectGet
 .text.lfClkGet
                0x00009b04       0x8c ./platform/emlib/src/em_cmu.o
 .text.CMU_ClockFreqGet
                0x00009b90      0x1d0 ./platform/emlib/src/em_cmu.o
                0x00009b90                CMU_ClockFreqGet
 .text.CMU_HFXOAutostartEnable
                0x00009d60       0x68 ./platform/emlib/src/em_cmu.o
                0x00009d60                CMU_HFXOAutostartEnable
 .text.CMU_OscillatorTuningSet
                0x00009dc8       0xa4 ./platform/emlib/src/em_cmu.o
                0x00009dc8                CMU_OscillatorTuningSet
 .text.CMU_OscillatorTuningWait
                0x00009e6c       0x50 ./platform/emlib/src/em_cmu.o
                0x00009e6c                CMU_OscillatorTuningWait
 .text.CMU_OscillatorTuningOptimize
                0x00009ebc       0x2c ./platform/emlib/src/em_cmu.o
                0x00009ebc                CMU_OscillatorTuningOptimize
 .text.CMU_OscillatorEnable
                0x00009ee8      0x124 ./platform/emlib/src/em_cmu.o
                0x00009ee8                CMU_OscillatorEnable
 .text.CMU_ClockSelectSet
                0x0000a00c      0x1d0 ./platform/emlib/src/em_cmu.o
                0x0000a00c                CMU_ClockSelectSet
 .text.CMU_HFXOInit
                0x0000a1dc       0x7c ./platform/emlib/src/em_cmu.o
                0x0000a1dc                CMU_HFXOInit
 .text.CMU_LFXOInit
                0x0000a258       0x40 ./platform/emlib/src/em_cmu.o
                0x0000a258                CMU_LFXOInit
 .text.CORE_EnterCritical
                0x0000a298        0x8 ./platform/emlib/src/em_core.o
                0x0000a298                CORE_EnterCritical
 .text.CORE_ExitCritical
                0x0000a2a0        0x8 ./platform/emlib/src/em_core.o
                0x0000a2a0                CORE_ExitCritical
 .text.CORE_EnterAtomic
                0x0000a2a8        0x8 ./platform/emlib/src/em_core.o
                0x0000a2a8                CORE_EnterAtomic
 .text.CORE_ExitAtomic
                0x0000a2b0        0x8 ./platform/emlib/src/em_core.o
                0x0000a2b0                CORE_ExitAtomic
 .text.CORE_SetNvicRamTableHandler
                0x0000a2b8       0x10 ./platform/emlib/src/em_core.o
                0x0000a2b8                CORE_SetNvicRamTableHandler
 .text.CORE_InitNvicVectorTable
                0x0000a2c8       0x4c ./platform/emlib/src/em_core.o
                0x0000a2c8                CORE_InitNvicVectorTable
 .text.CRYPTO_ModulusSet
                0x0000a314       0x30 ./platform/emlib/src/em_crypto.o
                0x0000a314                CRYPTO_ModulusSet
 .text.CRYPTO_KeyRead
                0x0000a344       0x2c ./platform/emlib/src/em_crypto.o
                0x0000a344                CRYPTO_KeyRead
 .text.lpGetDevinfoVrefLowHigh
                0x0000a370       0xc0 ./platform/emlib/src/em_emu.o
 .text.EMU_VScaleEM01
                0x0000a430       0x6c ./platform/emlib/src/em_emu.o
                0x0000a430                EMU_VScaleEM01
 .text.EMU_VScaleEM01ByClock
                0x0000a49c       0x48 ./platform/emlib/src/em_emu.o
                0x0000a49c                EMU_VScaleEM01ByClock
 .text.EMU_EM01Init
                0x0000a4e4       0x18 ./platform/emlib/src/em_emu.o
                0x0000a4e4                EMU_EM01Init
 .text.EMU_EM23Init
                0x0000a4fc       0x18 ./platform/emlib/src/em_emu.o
                0x0000a4fc                EMU_EM23Init
 .text.EMU_DCDCModeSet
                0x0000a514       0x9c ./platform/emlib/src/em_emu.o
                0x0000a514                EMU_DCDCModeSet
 .text.EMU_DCDCOutputVoltageSet
                0x0000a5b0      0x1e4 ./platform/emlib/src/em_emu.o
                0x0000a5b0                EMU_DCDCOutputVoltageSet
 .text.EMU_DCDCOptimizeSlice
                0x0000a794      0x10c ./platform/emlib/src/em_emu.o
                0x0000a794                EMU_DCDCOptimizeSlice
 .text.EMU_DCDCLnRcoBandSet
                0x0000a8a0       0x28 ./platform/emlib/src/em_emu.o
                0x0000a8a0                EMU_DCDCLnRcoBandSet
 .text.EMU_DCDCInit
                0x0000a8c8       0xec ./platform/emlib/src/em_emu.o
                0x0000a8c8                EMU_DCDCInit
 .text.GPIO_DriveStrengthSet
                0x0000a9b4       0x20 ./platform/emlib/src/em_gpio.o
                0x0000a9b4                GPIO_DriveStrengthSet
 .text.GPIO_PinModeSet
                0x0000a9d4       0xb0 ./platform/emlib/src/em_gpio.o
                0x0000a9d4                GPIO_PinModeSet
 .text.MSC_Init
                0x0000aa84       0x20 ./platform/emlib/src/em_msc.o
                0x0000aa84                MSC_Init
 .text.MSC_Deinit
                0x0000aaa4       0x14 ./platform/emlib/src/em_msc.o
                0x0000aaa4                MSC_Deinit
 .text.RMU_ResetCauseClear
                0x0000aab8        0xc ./platform/emlib/src/em_rmu.o
                0x0000aab8                RMU_ResetCauseClear
 .text.RMU_ResetCauseGet
                0x0000aac4       0x64 ./platform/emlib/src/em_rmu.o
                0x0000aac4                RMU_ResetCauseGet
 .text.RTCC_Init
                0x0000ab28       0x64 ./platform/emlib/src/em_rtcc.o
                0x0000ab28                RTCC_Init
 .text.SYSTEM_ChipRevisionGet
                0x0000ab8c       0x34 ./platform/emlib/src/em_system.o
                0x0000ab8c                SYSTEM_ChipRevisionGet
 .text.USART_BaudrateSyncSet
                0x0000abc0       0x24 ./platform/emlib/src/em_usart.o
                0x0000abc0                USART_BaudrateSyncSet
 .text.USART_Reset
                0x0000abe4       0x5c ./platform/emlib/src/em_usart.o
                0x0000abe4                USART_Reset
 .text.USART_InitSync
                0x0000ac40       0x84 ./platform/emlib/src/em_usart.o
                0x0000ac40                USART_InitSync
 .text.USART_SpiTransfer
                0x0000acc4       0x18 ./platform/emlib/src/em_usart.o
                0x0000acc4                USART_SpiTransfer
 .text.cmu_init
                0x0000acdc       0x10 ./src/cmu.o
                0x0000acdc                cmu_init
 .text.gpio_init
                0x0000acec       0x1c ./src/gpio.o
                0x0000acec                gpio_init
 .text.eventDefault
                0x0000ad08        0x2 C:\Users\hardi\SimplicityStudio\v4_workspace\Blinky_SDK_2_9\platform\radio\rail_lib\autogen\librail_release\librail_efr32xg13_gcc_release.a(rail_rf_hal.o)
 *fill*         0x0000ad0a        0x2 
 .text.RFHAL_NotifyUserOfIrCal
                0x0000ad0c       0x78 C:\Users\hardi\SimplicityStudio\v4_workspace\Blinky_SDK_2_9\platform\radio\rail_lib\autogen\librail_release\librail_efr32xg13_gcc_release.a(rail_rf_hal.o)
 *fill*         0x0000ad84        0x4 
 .text.GENERIC_PHY_EventCallback
                0x0000ad88      0x194 C:\Users\hardi\SimplicityStudio\v4_workspace\Blinky_SDK_2_9\platform\radio\rail_lib\autogen\librail_release\librail_efr32xg13_gcc_release.a(rail_rf_hal.o)
                0x0000ad88                GENERIC_PHY_EventCallback
 .text.RFHAL_IntEnable
                0x0000af1c       0x58 C:\Users\hardi\SimplicityStudio\v4_workspace\Blinky_SDK_2_9\platform\radio\rail_lib\autogen\librail_release\librail_efr32xg13_gcc_release.a(rail_rf_hal.o)
                0x0000af1c                RFHAL_IntEnable
 .text.RFHAL_SetEventCallback
                0x0000af74       0x18 C:\Users\hardi\SimplicityStudio\v4_workspace\Blinky_SDK_2_9\platform\radio\rail_lib\autogen\librail_release\librail_efr32xg13_gcc_release.a(rail_rf_hal.o)
                0x0000af74                RFHAL_SetEventCallback
 .text.RFHAL_SetPtiProtocol
                0x0000af8c       0x20 C:\Users\hardi\SimplicityStudio\v4_workspace\Blinky_SDK_2_9\platform\radio\rail_lib\autogen\librail_release\librail_efr32xg13_gcc_release.a(rail_rf_hal.o)
                0x0000af8c                RFHAL_SetPtiProtocol
 .text.RFHAL_Idle
                0x0000afac       0x2a C:\Users\hardi\SimplicityStudio\v4_workspace\Blinky_SDK_2_9\platform\radio\rail_lib\autogen\librail_release\librail_efr32xg13_gcc_release.a(rail_rf_hal.o)
                0x0000afac                RFHAL_Idle
 *fill*         0x0000afd6        0x2 
 .text.RFHAL_GetRadioState
                0x0000afd8       0x48 C:\Users\hardi\SimplicityStudio\v4_workspace\Blinky_SDK_2_9\platform\radio\rail_lib\autogen\librail_release\librail_efr32xg13_gcc_release.a(rail_rf_hal.o)
                0x0000afd8                RFHAL_GetRadioState
 .text.RFHAL_OkToTransmit
                0x0000b020       0x18 C:\Users\hardi\SimplicityStudio\v4_workspace\Blinky_SDK_2_9\platform\radio\rail_lib\autogen\librail_release\librail_efr32xg13_gcc_release.a(rail_rf_hal.o)
                0x0000b020                RFHAL_OkToTransmit
 .text.RFHAL_ScheduleRx
                0x0000b038       0x5a C:\Users\hardi\SimplicityStudio\v4_workspace\Blinky_SDK_2_9\platform\radio\rail_lib\autogen\librail_release\librail_efr32xg13_gcc_release.a(rail_rf_hal.o)
                0x0000b038                RFHAL_ScheduleRx
 *fill*         0x0000b092        0x2 
 .text.RFHAL_EnableRxRawCapture
                0x0000b094       0x58 C:\Users\hardi\SimplicityStudio\v4_workspace\Blinky_SDK_2_9\platform\radio\rail_lib\autogen\librail_release\librail_efr32xg13_gcc_release.a(rail_rf_hal.o)
                0x0000b094                RFHAL_EnableRxRawCapture
 .text.RFHAL_DisableRxRawCapture
                0x0000b0ec       0x50 C:\Users\hardi\SimplicityStudio\v4_workspace\Blinky_SDK_2_9\platform\radio\rail_lib\autogen\librail_release\librail_efr32xg13_gcc_release.a(rail_rf_hal.o)
                0x0000b0ec                RFHAL_DisableRxRawCapture
 .text.RFHAL_AcceptCrcErrors
                0x0000b13c       0x18 C:\Users\hardi\SimplicityStudio\v4_workspace\Blinky_SDK_2_9\platform\radio\rail_lib\autogen\librail_release\librail_efr32xg13_gcc_release.a(rail_rf_hal.o)
                0x0000b13c                RFHAL_AcceptCrcErrors
 .text.RFHAL_ConfigRxOptions
                0x0000b154      0x124 C:\Users\hardi\SimplicityStudio\v4_workspace\Blinky_SDK_2_9\platform\radio\rail_lib\autogen\librail_release\librail_efr32xg13_gcc_release.a(rail_rf_hal.o)
                0x0000b154                RFHAL_ConfigRxOptions
 .text.RFHAL_GetTimer
                0x0000b278        0xc C:\Users\hardi\SimplicityStudio\v4_workspace\Blinky_SDK_2_9\platform\radio\rail_lib\autogen\librail_release\librail_efr32xg13_gcc_release.a(rail_rf_hal.o)
                0x0000b278                RFHAL_GetTimer
 .text.RFHAL_CancelTimer
                0x0000b284       0x28 C:\Users\hardi\SimplicityStudio\v4_workspace\Blinky_SDK_2_9\platform\radio\rail_lib\autogen\librail_release\librail_efr32xg13_gcc_release.a(rail_rf_hal.o)
                0x0000b284                RFHAL_CancelTimer
 .text.RFHAL_SetTimer
                0x0000b2ac       0x7c C:\Users\hardi\SimplicityStudio\v4_workspace\Blinky_SDK_2_9\platform\radio\rail_lib\autogen\librail_release\librail_efr32xg13_gcc_release.a(rail_rf_hal.o)
                0x0000b2ac                RFHAL_SetTimer
 .text.RFHAL_IsTimerExpired
                0x0000b328       0x1c C:\Users\hardi\SimplicityStudio\v4_workspace\Blinky_SDK_2_9\platform\radio\rail_lib\autogen\librail_release\librail_efr32xg13_gcc_release.a(rail_rf_hal.o)
                0x0000b328                RFHAL_IsTimerExpired
 .text.RFHAL_IsTimerRunning
                0x0000b344        0x6 C:\Users\hardi\SimplicityStudio\v4_workspace\Blinky_SDK_2_9\platform\radio\rail_lib\autogen\librail_release\librail_efr32xg13_gcc_release.a(rail_rf_hal.o)
                0x0000b344                RFHAL_IsTimerRunning
 *fill*         0x0000b34a        0x2 
 .text.RFHAL_CalcBitRate
                0x0000b34c        0xc C:\Users\hardi\SimplicityStudio\v4_workspace\Blinky_SDK_2_9\platform\radio\rail_lib\autogen\librail_release\librail_efr32xg13_gcc_release.a(rail_rf_hal.o)
                0x0000b34c                RFHAL_CalcBitRate
 .text.RFHAL_GetBitRate
                0x0000b358       0x22 C:\Users\hardi\SimplicityStudio\v4_workspace\Blinky_SDK_2_9\platform\radio\rail_lib\autogen\librail_release\librail_efr32xg13_gcc_release.a(rail_rf_hal.o)
                0x0000b358                RFHAL_GetBitRate
 *fill*         0x0000b37a        0x2 
 .text.RFHAL_SetTxTransitions
                0x0000b37c       0x1c C:\Users\hardi\SimplicityStudio\v4_workspace\Blinky_SDK_2_9\platform\radio\rail_lib\autogen\librail_release\librail_efr32xg13_gcc_release.a(rail_rf_hal.o)
                0x0000b37c                RFHAL_SetTxTransitions
 .text.RFHAL_SetRxTransitions
                0x0000b398       0x1c C:\Users\hardi\SimplicityStudio\v4_workspace\Blinky_SDK_2_9\platform\radio\rail_lib\autogen\librail_release\librail_efr32xg13_gcc_release.a(rail_rf_hal.o)
                0x0000b398                RFHAL_SetRxTransitions
 .text.RFHAL_SetCRCInitVal
                0x0000b3b4        0x4 C:\Users\hardi\SimplicityStudio\v4_workspace\Blinky_SDK_2_9\platform\radio\rail_lib\autogen\librail_release\librail_efr32xg13_gcc_release.a(rail_rf_hal.o)
                0x0000b3b4                RFHAL_SetCRCInitVal
 .text.RFHAL_ConfigTxPower
                0x0000b3b8        0xc C:\Users\hardi\SimplicityStudio\v4_workspace\Blinky_SDK_2_9\platform\radio\rail_lib\autogen\librail_release\librail_efr32xg13_gcc_release.a(rail_rf_hal.o)
                0x0000b3b8                RFHAL_ConfigTxPower
 .text.RFHAL_SetTxPowerUnchecked
                0x0000b3c4       0x18 C:\Users\hardi\SimplicityStudio\v4_workspace\Blinky_SDK_2_9\platform\radio\rail_lib\autogen\librail_release\librail_efr32xg13_gcc_release.a(rail_rf_hal.o)
                0x0000b3c4                RFHAL_SetTxPowerUnchecked
 .text.RFHAL_SetTxPower
                0x0000b3dc       0x40 C:\Users\hardi\SimplicityStudio\v4_workspace\Blinky_SDK_2_9\platform\radio\rail_lib\autogen\librail_release\librail_efr32xg13_gcc_release.a(rail_rf_hal.o)
                0x0000b3dc                RFHAL_SetTxPower
 .text.RFHAL_GetTxPowerConfig
                0x0000b41c        0xc C:\Users\hardi\SimplicityStudio\v4_workspace\Blinky_SDK_2_9\platform\radio\rail_lib\autogen\librail_release\librail_efr32xg13_gcc_release.a(rail_rf_hal.o)
                0x0000b41c                RFHAL_GetTxPowerConfig
 .text.RFHAL_GetTxPower
                0x0000b428        0x4 C:\Users\hardi\SimplicityStudio\v4_workspace\Blinky_SDK_2_9\platform\radio\rail_lib\autogen\librail_release\librail_efr32xg13_gcc_release.a(rail_rf_hal.o)
                0x0000b428                RFHAL_GetTxPower
 .text.RFHAL_SetChannel
                0x0000b42c       0xc4 C:\Users\hardi\SimplicityStudio\v4_workspace\Blinky_SDK_2_9\platform\radio\rail_lib\autogen\librail_release\librail_efr32xg13_gcc_release.a(rail_rf_hal.o)
                0x0000b42c                RFHAL_SetChannel
 .text.RFHAL_IsAutoAckEnabled
                0x0000b4f0        0x6 C:\Users\hardi\SimplicityStudio\v4_workspace\Blinky_SDK_2_9\platform\radio\rail_lib\autogen\librail_release\librail_efr32xg13_gcc_release.a(rail_rf_hal.o)
                0x0000b4f0                RFHAL_IsAutoAckEnabled
 *fill*         0x0000b4f6        0x2 
 .text.RFHAL_AutoAckWaitForAck
                0x0000b4f8       0x18 C:\Users\hardi\SimplicityStudio\v4_workspace\Blinky_SDK_2_9\platform\radio\rail_lib\autogen\librail_release\librail_efr32xg13_gcc_release.a(rail_rf_hal.o)
                0x0000b4f8                RFHAL_AutoAckWaitForAck
 .text.preTxOps
                0x0000b510       0xf4 C:\Users\hardi\SimplicityStudio\v4_workspace\Blinky_SDK_2_9\platform\radio\rail_lib\autogen\librail_release\librail_efr32xg13_gcc_release.a(rail_rf_hal.o)
 .text.RFHAL_StartTx
                0x0000b604       0x12 C:\Users\hardi\SimplicityStudio\v4_workspace\Blinky_SDK_2_9\platform\radio\rail_lib\autogen\librail_release\librail_efr32xg13_gcc_release.a(rail_rf_hal.o)
                0x0000b604                RFHAL_StartTx
 .text.RFHAL_StartScheduledTx
                0x0000b616       0x3c C:\Users\hardi\SimplicityStudio\v4_workspace\Blinky_SDK_2_9\platform\radio\rail_lib\autogen\librail_release\librail_efr32xg13_gcc_release.a(rail_rf_hal.o)
                0x0000b616                RFHAL_StartScheduledTx
 *fill*         0x0000b652        0x2 
 .text.RFHAL_GetRxPacketInfo
                0x0000b654       0x48 C:\Users\hardi\SimplicityStudio\v4_workspace\Blinky_SDK_2_9\platform\radio\rail_lib\autogen\librail_release\librail_efr32xg13_gcc_release.a(rail_rf_hal.o)
                0x0000b654                RFHAL_GetRxPacketInfo
 .text.RFHAL_GetRxPacketDetailsAlt
                0x0000b69c       0x98 C:\Users\hardi\SimplicityStudio\v4_workspace\Blinky_SDK_2_9\platform\radio\rail_lib\autogen\librail_release\librail_efr32xg13_gcc_release.a(rail_rf_hal.o)
                0x0000b69c                RFHAL_GetRxPacketDetailsAlt
 .text.RFHAL_GetRxPacketDetails
                0x0000b734       0x22 C:\Users\hardi\SimplicityStudio\v4_workspace\Blinky_SDK_2_9\platform\radio\rail_lib\autogen\librail_release\librail_efr32xg13_gcc_release.a(rail_rf_hal.o)
                0x0000b734                RFHAL_GetRxPacketDetails
 .text.RFHAL_SetTxBuffer
                0x0000b756       0x34 C:\Users\hardi\SimplicityStudio\v4_workspace\Blinky_SDK_2_9\platform\radio\rail_lib\autogen\librail_release\librail_efr32xg13_gcc_release.a(rail_rf_hal.o)
                0x0000b756                RFHAL_SetTxBuffer
 .text.RFHAL_SetRxBuffer
                0x0000b78a       0x2c C:\Users\hardi\SimplicityStudio\v4_workspace\Blinky_SDK_2_9\platform\radio\rail_lib\autogen\librail_release\librail_efr32xg13_gcc_release.a(rail_rf_hal.o)
                0x0000b78a                RFHAL_SetRxBuffer
 *fill*         0x0000b7b6        0x2 
 .text.RFHAL_ResetTxFifo
                0x0000b7b8       0x2c C:\Users\hardi\SimplicityStudio\v4_workspace\Blinky_SDK_2_9\platform\radio\rail_lib\autogen\librail_release\librail_efr32xg13_gcc_release.a(rail_rf_hal.o)
                0x0000b7b8                RFHAL_ResetTxFifo
 .text.RFHAL_WriteTxFifo
                0x0000b7e4       0x4c C:\Users\hardi\SimplicityStudio\v4_workspace\Blinky_SDK_2_9\platform\radio\rail_lib\autogen\librail_release\librail_efr32xg13_gcc_release.a(rail_rf_hal.o)
                0x0000b7e4                RFHAL_WriteTxFifo
 .text.RFHAL_ResetRxFifo
                0x0000b830       0x40 C:\Users\hardi\SimplicityStudio\v4_workspace\Blinky_SDK_2_9\platform\radio\rail_lib\autogen\librail_release\librail_efr32xg13_gcc_release.a(rail_rf_hal.o)
                0x0000b830                RFHAL_ResetRxFifo
 .text.RFHAL_ConfigData
                0x0000b870       0x7c C:\Users\hardi\SimplicityStudio\v4_workspace\Blinky_SDK_2_9\platform\radio\rail_lib\autogen\librail_release\librail_efr32xg13_gcc_release.a(rail_rf_hal.o)
                0x0000b870                RFHAL_ConfigData
 .text.RFHAL_SetAbortScheduledTxDuringRx
                0x0000b8ec       0x18 C:\Users\hardi\SimplicityStudio\v4_workspace\Blinky_SDK_2_9\platform\radio\rail_lib\autogen\librail_release\librail_efr32xg13_gcc_release.a(rail_rf_hal.o)
                0x0000b8ec                RFHAL_SetAbortScheduledTxDuringRx
 .text.RFHAL_ConfigRadio
                0x0000b904       0xac C:\Users\hardi\SimplicityStudio\v4_workspace\Blinky_SDK_2_9\platform\radio\rail_lib\autogen\librail_release\librail_efr32xg13_gcc_release.a(rail_rf_hal.o)
                0x0000b904                RFHAL_ConfigRadio
 .text.RFHAL_ConfigFrameTypeLength
                0x0000b9b0       0x70 C:\Users\hardi\SimplicityStudio\v4_workspace\Blinky_SDK_2_9\platform\radio\rail_lib\autogen\librail_release\librail_efr32xg13_gcc_release.a(rail_rf_hal.o)
                0x0000b9b0                RFHAL_ConfigFrameTypeLength
 .text.RFHAL_GetTime
                0x0000ba20        0x4 C:\Users\hardi\SimplicityStudio\v4_workspace\Blinky_SDK_2_9\platform\radio\rail_lib\autogen\librail_release\librail_efr32xg13_gcc_release.a(rail_rf_hal.o)
                0x0000ba20                RFHAL_GetTime
 .text.RFHAL_ResetAddressFilter
                0x0000ba24       0x10 C:\Users\hardi\SimplicityStudio\v4_workspace\Blinky_SDK_2_9\platform\radio\rail_lib\autogen\librail_release\librail_efr32xg13_gcc_release.a(rail_rf_hal.o)
                0x0000ba24                RFHAL_ResetAddressFilter
 .text.RFHAL_Init
                0x0000ba34       0xa8 C:\Users\hardi\SimplicityStudio\v4_workspace\Blinky_SDK_2_9\platform\radio\rail_lib\autogen\librail_release\librail_efr32xg13_gcc_release.a(rail_rf_hal.o)
                0x0000ba34                RFHAL_Init
 .text.RFHAL_GetRadioEntropy
                0x0000badc        0x4 C:\Users\hardi\SimplicityStudio\v4_workspace\Blinky_SDK_2_9\platform\radio\rail_lib\autogen\librail_release\librail_efr32xg13_gcc_release.a(rail_rf_hal.o)
                0x0000badc                RFHAL_GetRadioEntropy
 .text.RFHAL_SetStateTiming
                0x0000bae0       0x56 C:\Users\hardi\SimplicityStudio\v4_workspace\Blinky_SDK_2_9\platform\radio\rail_lib\autogen\librail_release\librail_efr32xg13_gcc_release.a(rail_rf_hal.o)
                0x0000bae0                RFHAL_SetStateTiming
 .text.RFHAL_IEEE802154IsEnabled
                0x0000bb36        0x6 C:\Users\hardi\SimplicityStudio\v4_workspace\Blinky_SDK_2_9\platform\radio\rail_lib\autogen\librail_release\librail_efr32xg13_gcc_release.a(rail_ieee802154_rf_hal.o)
                0x0000bb36                RFHAL_IEEE802154IsEnabled
 .text.RFHAL_ConfigBle2MbpsViterbi
                0x0000bb3c       0x28 C:\Users\hardi\SimplicityStudio\v4_workspace\Blinky_SDK_2_9\platform\radio\rail_lib\autogen\librail_release\librail_efr32xg13_gcc_release.a(rail_ble_rf_hal.o)
                0x0000bb3c                RFHAL_ConfigBle2MbpsViterbi
 .text.RFHAL_ConfigBle1MbpsViterbi
                0x0000bb64       0x28 C:\Users\hardi\SimplicityStudio\v4_workspace\Blinky_SDK_2_9\platform\radio\rail_lib\autogen\librail_release\librail_efr32xg13_gcc_release.a(rail_ble_rf_hal.o)
                0x0000bb64                RFHAL_ConfigBle1MbpsViterbi
 .text.RFHAL_ConfigBleCoded
                0x0000bb8c       0x34 C:\Users\hardi\SimplicityStudio\v4_workspace\Blinky_SDK_2_9\platform\radio\rail_lib\autogen\librail_release\librail_efr32xg13_gcc_release.a(rail_ble_rf_hal.o)
                0x0000bb8c                RFHAL_ConfigBleCoded
 .text.RFHAL_BleReinit
                0x0000bbc0       0x1c C:\Users\hardi\SimplicityStudio\v4_workspace\Blinky_SDK_2_9\platform\radio\rail_lib\autogen\librail_release\librail_efr32xg13_gcc_release.a(rail_ble_rf_hal.o)
                0x0000bbc0                RFHAL_BleReinit
 .text.RFHAL_BleInit
                0x0000bbdc       0x12 C:\Users\hardi\SimplicityStudio\v4_workspace\Blinky_SDK_2_9\platform\radio\rail_lib\autogen\librail_release\librail_efr32xg13_gcc_release.a(rail_ble_rf_hal.o)
                0x0000bbdc                RFHAL_BleInit
 *fill*         0x0000bbee        0x2 
 .text.RFHAL_IsBleLongRangeEnabled
                0x0000bbf0       0x18 C:\Users\hardi\SimplicityStudio\v4_workspace\Blinky_SDK_2_9\platform\radio\rail_lib\autogen\librail_release\librail_efr32xg13_gcc_release.a(rail_ble_rf_hal.o)
                0x0000bbf0                RFHAL_IsBleLongRangeEnabled
 .text.RFHAL_BLEPreambleSyncWordSet
                0x0000bc08       0x44 C:\Users\hardi\SimplicityStudio\v4_workspace\Blinky_SDK_2_9\platform\radio\rail_lib\autogen\librail_release\librail_efr32xg13_gcc_release.a(rail_ble_rf_hal.o)
                0x0000bc08                RFHAL_BLEPreambleSyncWordSet
 .text.RFHAL_BLEWhiteningSet
                0x0000bc4c       0x68 C:\Users\hardi\SimplicityStudio\v4_workspace\Blinky_SDK_2_9\platform\radio\rail_lib\autogen\librail_release\librail_efr32xg13_gcc_release.a(rail_ble_rf_hal.o)
                0x0000bc4c                RFHAL_BLEWhiteningSet
 .text.setMultiTimer
                0x0000bcb4        0x4 C:\Users\hardi\SimplicityStudio\v4_workspace\Blinky_SDK_2_9\platform\radio\rail_lib\autogen\librail_release\librail_efr32xg13_gcc_release.a(rail_singleprotocol.o)
 .text.cancelMultiTimer
                0x0000bcb8        0x4 C:\Users\hardi\SimplicityStudio\v4_workspace\Blinky_SDK_2_9\platform\radio\rail_lib\autogen\librail_release\librail_efr32xg13_gcc_release.a(rail_singleprotocol.o)
 .text.isMultiTimerExpired
                0x0000bcbc        0x4 C:\Users\hardi\SimplicityStudio\v4_workspace\Blinky_SDK_2_9\platform\radio\rail_lib\autogen\librail_release\librail_efr32xg13_gcc_release.a(rail_singleprotocol.o)
 .text.getMultiTimer
                0x0000bcc0        0x4 C:\Users\hardi\SimplicityStudio\v4_workspace\Blinky_SDK_2_9\platform\radio\rail_lib\autogen\librail_release\librail_efr32xg13_gcc_release.a(rail_singleprotocol.o)
 .text.getActiveTimerCb
                0x0000bcc4       0x18 C:\Users\hardi\SimplicityStudio\v4_workspace\Blinky_SDK_2_9\platform\radio\rail_lib\autogen\librail_release\librail_efr32xg13_gcc_release.a(rail_singleprotocol.o)
 .text.isMultiTimerRunning
                0x0000bcdc        0x4 C:\Users\hardi\SimplicityStudio\v4_workspace\Blinky_SDK_2_9\platform\radio\rail_lib\autogen\librail_release\librail_efr32xg13_gcc_release.a(rail_singleprotocol.o)
 .text.RAIL_Init
                0x0000bce0       0x20 C:\Users\hardi\SimplicityStudio\v4_workspace\Blinky_SDK_2_9\platform\radio\rail_lib\autogen\librail_release\librail_efr32xg13_gcc_release.a(rail_singleprotocol.o)
                0x0000bce0                RAIL_Init
 .text.RAIL_GetSchedulerStatus
                0x0000bd00        0x4 C:\Users\hardi\SimplicityStudio\v4_workspace\Blinky_SDK_2_9\platform\radio\rail_lib\autogen\librail_release\librail_efr32xg13_gcc_release.a(rail_singleprotocol.o)
                0x0000bd00                RAIL_GetSchedulerStatus
 .text.RAIL_Idle
                0x0000bd04        0x8 C:\Users\hardi\SimplicityStudio\v4_workspace\Blinky_SDK_2_9\platform\radio\rail_lib\autogen\librail_release\librail_efr32xg13_gcc_release.a(rail_singleprotocol.o)
                0x0000bd04                RAIL_Idle
 .text.RAIL_YieldRadio
                0x0000bd0c        0x2 C:\Users\hardi\SimplicityStudio\v4_workspace\Blinky_SDK_2_9\platform\radio\rail_lib\autogen\librail_release\librail_efr32xg13_gcc_release.a(rail_singleprotocol.o)
                0x0000bd0c                RAIL_YieldRadio
 .text.RAIL_GetRadioEntropy
                0x0000bd0e        0x8 C:\Users\hardi\SimplicityStudio\v4_workspace\Blinky_SDK_2_9\platform\radio\rail_lib\autogen\librail_release\librail_efr32xg13_gcc_release.a(rail_singleprotocol.o)
                0x0000bd0e                RAIL_GetRadioEntropy
 .text.RAIL_SetTimer
                0x0000bd16       0x1c C:\Users\hardi\SimplicityStudio\v4_workspace\Blinky_SDK_2_9\platform\radio\rail_lib\autogen\librail_release\librail_efr32xg13_gcc_release.a(rail_singleprotocol.o)
                0x0000bd16                RAIL_SetTimer
 .text.RAIL_CancelTimer
                0x0000bd32        0xe C:\Users\hardi\SimplicityStudio\v4_workspace\Blinky_SDK_2_9\platform\radio\rail_lib\autogen\librail_release\librail_efr32xg13_gcc_release.a(rail_singleprotocol.o)
                0x0000bd32                RAIL_CancelTimer
 .text.RAIL_StartTx
                0x0000bd40        0x6 C:\Users\hardi\SimplicityStudio\v4_workspace\Blinky_SDK_2_9\platform\radio\rail_lib\autogen\librail_release\librail_efr32xg13_gcc_release.a(rail_singleprotocol.o)
                0x0000bd40                RAIL_StartTx
 .text.RAIL_StartScheduledTx
                0x0000bd46        0x6 C:\Users\hardi\SimplicityStudio\v4_workspace\Blinky_SDK_2_9\platform\radio\rail_lib\autogen\librail_release\librail_efr32xg13_gcc_release.a(rail_singleprotocol.o)
                0x0000bd46                RAIL_StartScheduledTx
 .text.RAIL_ScheduleRx
                0x0000bd4c        0x6 C:\Users\hardi\SimplicityStudio\v4_workspace\Blinky_SDK_2_9\platform\radio\rail_lib\autogen\librail_release\librail_efr32xg13_gcc_release.a(rail_singleprotocol.o)
                0x0000bd4c                RAIL_ScheduleRx
 .text.radioConfigChangedDefault
                0x0000bd52        0x2 C:\Users\hardi\SimplicityStudio\v4_workspace\Blinky_SDK_2_9\platform\radio\rail_lib\autogen\librail_release\librail_efr32xg13_gcc_release.a(rail_rf.o)
 .text.isTransitionState
                0x0000bd54       0x12 C:\Users\hardi\SimplicityStudio\v4_workspace\Blinky_SDK_2_9\platform\radio\rail_lib\autogen\librail_release\librail_efr32xg13_gcc_release.a(rail_rf.o)
 .text.RAILCore_Init
                0x0000bd66       0x12 C:\Users\hardi\SimplicityStudio\v4_workspace\Blinky_SDK_2_9\platform\radio\rail_lib\autogen\librail_release\librail_efr32xg13_gcc_release.a(rail_rf.o)
                0x0000bd66                RAILCore_Init
 .text.RAILInt_SetCallbackConfig
                0x0000bd78       0x20 C:\Users\hardi\SimplicityStudio\v4_workspace\Blinky_SDK_2_9\platform\radio\rail_lib\autogen\librail_release\librail_efr32xg13_gcc_release.a(rail_rf.o)
                0x0000bd78                RAILInt_SetCallbackConfig
 .text.RAILCore_Idle
                0x0000bd98       0x14 C:\Users\hardi\SimplicityStudio\v4_workspace\Blinky_SDK_2_9\platform\radio\rail_lib\autogen\librail_release\librail_efr32xg13_gcc_release.a(rail_rf.o)
                0x0000bd98                RAILCore_Idle
 .text.RAILCb_CalcBitRate
                0x0000bdac        0x6 C:\Users\hardi\SimplicityStudio\v4_workspace\Blinky_SDK_2_9\platform\radio\rail_lib\autogen\librail_release\librail_efr32xg13_gcc_release.a(rail_rf.o)
                0x0000bdac                RAILCb_CalcBitRate
 .text.RAIL_SetStateTiming
                0x0000bdb2        0x6 C:\Users\hardi\SimplicityStudio\v4_workspace\Blinky_SDK_2_9\platform\radio\rail_lib\autogen\librail_release\librail_efr32xg13_gcc_release.a(rail_rf.o)
                0x0000bdb2                RAIL_SetStateTiming
 .text.RAILInt_IsPowerInRange
                0x0000bdb8       0x3c C:\Users\hardi\SimplicityStudio\v4_workspace\Blinky_SDK_2_9\platform\radio\rail_lib\autogen\librail_release\librail_efr32xg13_gcc_release.a(rail_rf.o)
                0x0000bdb8                RAILInt_IsPowerInRange
 .text.RAILInt_SetChannel
                0x0000bdf4      0x1c0 C:\Users\hardi\SimplicityStudio\v4_workspace\Blinky_SDK_2_9\platform\radio\rail_lib\autogen\librail_release\librail_efr32xg13_gcc_release.a(rail_rf.o)
                0x0000bdf4                RAILInt_SetChannel
 .text.RAILCore_ConfigChannels
                0x0000bfb4       0x60 C:\Users\hardi\SimplicityStudio\v4_workspace\Blinky_SDK_2_9\platform\radio\rail_lib\autogen\librail_release\librail_efr32xg13_gcc_release.a(rail_rf.o)
                0x0000bfb4                RAILCore_ConfigChannels
 .text.RAILInt_GetChannel
                0x0000c014        0x4 C:\Users\hardi\SimplicityStudio\v4_workspace\Blinky_SDK_2_9\platform\radio\rail_lib\autogen\librail_release\librail_efr32xg13_gcc_release.a(rail_rf.o)
                0x0000c014                RAILInt_GetChannel
 .text.RAILCore_SetTxTransitions
                0x0000c018       0x3c C:\Users\hardi\SimplicityStudio\v4_workspace\Blinky_SDK_2_9\platform\radio\rail_lib\autogen\librail_release\librail_efr32xg13_gcc_release.a(rail_rf.o)
                0x0000c018                RAILCore_SetTxTransitions
 .text.RAIL_SetTxTransitions
                0x0000c054        0x6 C:\Users\hardi\SimplicityStudio\v4_workspace\Blinky_SDK_2_9\platform\radio\rail_lib\autogen\librail_release\librail_efr32xg13_gcc_release.a(rail_rf.o)
                0x0000c054                RAIL_SetTxTransitions
 .text.RAILCore_SetRxTransitions
                0x0000c05a       0x38 C:\Users\hardi\SimplicityStudio\v4_workspace\Blinky_SDK_2_9\platform\radio\rail_lib\autogen\librail_release\librail_efr32xg13_gcc_release.a(rail_rf.o)
                0x0000c05a                RAILCore_SetRxTransitions
 .text.RAIL_SetRxTransitions
                0x0000c092        0x6 C:\Users\hardi\SimplicityStudio\v4_workspace\Blinky_SDK_2_9\platform\radio\rail_lib\autogen\librail_release\librail_efr32xg13_gcc_release.a(rail_rf.o)
                0x0000c092                RAIL_SetRxTransitions
 .text.RAIL_ConfigEvents
                0x0000c098        0x6 C:\Users\hardi\SimplicityStudio\v4_workspace\Blinky_SDK_2_9\platform\radio\rail_lib\autogen\librail_release\librail_efr32xg13_gcc_release.a(rail_rf.o)
                0x0000c098                RAIL_ConfigEvents
 .text.RAIL_ConfigRxOptions
                0x0000c09e        0x6 C:\Users\hardi\SimplicityStudio\v4_workspace\Blinky_SDK_2_9\platform\radio\rail_lib\autogen\librail_release\librail_efr32xg13_gcc_release.a(rail_rx.o)
                0x0000c09e                RAIL_ConfigRxOptions
 .text.RAILCore_ScheduleRx
                0x0000c0a4       0x2c C:\Users\hardi\SimplicityStudio\v4_workspace\Blinky_SDK_2_9\platform\radio\rail_lib\autogen\librail_release\librail_efr32xg13_gcc_release.a(rail_rx.o)
                0x0000c0a4                RAILCore_ScheduleRx
 .text.RAILCb_ConfigFrameTypeLength
                0x0000c0d0        0x6 C:\Users\hardi\SimplicityStudio\v4_workspace\Blinky_SDK_2_9\platform\radio\rail_lib\autogen\librail_release\librail_efr32xg13_gcc_release.a(rail_rx.o)
                0x0000c0d0                RAILCb_ConfigFrameTypeLength
 .text.RAIL_SetTxPower
                0x0000c0d6        0x6 C:\Users\hardi\SimplicityStudio\v4_workspace\Blinky_SDK_2_9\platform\radio\rail_lib\autogen\librail_release\librail_efr32xg13_gcc_release.a(rail_tx.o)
                0x0000c0d6                RAIL_SetTxPower
 .text.RAIL_ConfigTxPower
                0x0000c0dc       0x1c C:\Users\hardi\SimplicityStudio\v4_workspace\Blinky_SDK_2_9\platform\radio\rail_lib\autogen\librail_release\librail_efr32xg13_gcc_release.a(rail_tx.o)
                0x0000c0dc                RAIL_ConfigTxPower
 .text.RAILInt_PendCal
                0x0000c0f8       0x24 C:\Users\hardi\SimplicityStudio\v4_workspace\Blinky_SDK_2_9\platform\radio\rail_lib\autogen\librail_release\librail_efr32xg13_gcc_release.a(rail_calibration.o)
                0x0000c0f8                RAILInt_PendCal
 .text.RAIL_WriteTxFifo
                0x0000c11c        0x6 C:\Users\hardi\SimplicityStudio\v4_workspace\Blinky_SDK_2_9\platform\radio\rail_lib\autogen\librail_release\librail_efr32xg13_gcc_release.a(rail_data.o)
                0x0000c11c                RAIL_WriteTxFifo
 .text.RAIL_SetTxFifo
                0x0000c122        0x6 C:\Users\hardi\SimplicityStudio\v4_workspace\Blinky_SDK_2_9\platform\radio\rail_lib\autogen\librail_release\librail_efr32xg13_gcc_release.a(rail_data.o)
                0x0000c122                RAIL_SetTxFifo
 .text.RAIL_SetRxFifo
                0x0000c128        0x6 C:\Users\hardi\SimplicityStudio\v4_workspace\Blinky_SDK_2_9\platform\radio\rail_lib\autogen\librail_release\librail_efr32xg13_gcc_release.a(rail_data.o)
                0x0000c128                RAIL_SetRxFifo
 *fill*         0x0000c12e        0x2 
 .text.RAILCb_SetupRxFifo
                0x0000c130       0x30 C:\Users\hardi\SimplicityStudio\v4_workspace\Blinky_SDK_2_9\platform\radio\rail_lib\autogen\librail_release\librail_efr32xg13_gcc_release.a(rail_data.o)
                0x0000c130                RAILCb_SetupRxFifo
 .text.RAIL_GetRxPacketInfo
                0x0000c160        0x8 C:\Users\hardi\SimplicityStudio\v4_workspace\Blinky_SDK_2_9\platform\radio\rail_lib\autogen\librail_release\librail_efr32xg13_gcc_release.a(rail_data.o)
                0x0000c160                RAIL_GetRxPacketInfo
 .text.RAIL_GetRxPacketDetails
                0x0000c168        0x6 C:\Users\hardi\SimplicityStudio\v4_workspace\Blinky_SDK_2_9\platform\radio\rail_lib\autogen\librail_release\librail_efr32xg13_gcc_release.a(rail_data.o)
                0x0000c168                RAIL_GetRxPacketDetails
 .text.RAIL_ResetFifo
                0x0000c16e       0x1e C:\Users\hardi\SimplicityStudio\v4_workspace\Blinky_SDK_2_9\platform\radio\rail_lib\autogen\librail_release\librail_efr32xg13_gcc_release.a(rail_data.o)
                0x0000c16e                RAIL_ResetFifo
 .text.RAILCb_AssertFailed
                0x0000c18c       0x14 C:\Users\hardi\SimplicityStudio\v4_workspace\Blinky_SDK_2_9\platform\radio\rail_lib\autogen\librail_release\librail_efr32xg13_gcc_release.a(rail_assert.o)
                0x0000c18c                RAILCb_AssertFailed
 .text.RAILInt_Assert
                0x0000c1a0       0x1c C:\Users\hardi\SimplicityStudio\v4_workspace\Blinky_SDK_2_9\platform\radio\rail_lib\autogen\librail_release\librail_efr32xg13_gcc_release.a(rail_assert.o)
                0x0000c1a0                RAILInt_Assert
 .text.RAIL_GetTime
                0x0000c1bc        0x4 C:\Users\hardi\SimplicityStudio\v4_workspace\Blinky_SDK_2_9\platform\radio\rail_lib\autogen\librail_release\librail_efr32xg13_gcc_release.a(rail_timer.o)
                0x0000c1bc                RAIL_GetTime
 .text.checkAndAddRxLenOverflowEntry.part.0
                0x0000c1c0       0x2c C:\Users\hardi\SimplicityStudio\v4_workspace\Blinky_SDK_2_9\platform\radio\rail_lib\autogen\librail_release\librail_efr32xg13_gcc_release.a(bufc.o)
 .text.BUFC_ReadHelper
                0x0000c1ec       0x7a C:\Users\hardi\SimplicityStudio\v4_workspace\Blinky_SDK_2_9\platform\radio\rail_lib\autogen\librail_release\librail_efr32xg13_gcc_release.a(bufc.o)
 *fill*         0x0000c266        0x2 
 .text.BUFC_SetTxBuffer
                0x0000c268       0x38 C:\Users\hardi\SimplicityStudio\v4_workspace\Blinky_SDK_2_9\platform\radio\rail_lib\autogen\librail_release\librail_efr32xg13_gcc_release.a(bufc.o)
                0x0000c268                BUFC_SetTxBuffer
 .text.BUFC_SetRxBuffer
                0x0000c2a0       0x1c C:\Users\hardi\SimplicityStudio\v4_workspace\Blinky_SDK_2_9\platform\radio\rail_lib\autogen\librail_release\librail_efr32xg13_gcc_release.a(bufc.o)
                0x0000c2a0                BUFC_SetRxBuffer
 .text.BUFC_WriteBuffer
                0x0000c2bc       0xb0 C:\Users\hardi\SimplicityStudio\v4_workspace\Blinky_SDK_2_9\platform\radio\rail_lib\autogen\librail_release\librail_efr32xg13_gcc_release.a(bufc.o)
                0x0000c2bc                BUFC_WriteBuffer
 .text.BUFC_Peek
                0x0000c36c       0x12 C:\Users\hardi\SimplicityStudio\v4_workspace\Blinky_SDK_2_9\platform\radio\rail_lib\autogen\librail_release\librail_efr32xg13_gcc_release.a(bufc.o)
                0x0000c36c                BUFC_Peek
 .text.BUFC_PeekByte
                0x0000c37e       0x46 C:\Users\hardi\SimplicityStudio\v4_workspace\Blinky_SDK_2_9\platform\radio\rail_lib\autogen\librail_release\librail_efr32xg13_gcc_release.a(bufc.o)
                0x0000c37e                BUFC_PeekByte
 .text.BUFC_GetSpaceAvailable
                0x0000c3c4       0x24 C:\Users\hardi\SimplicityStudio\v4_workspace\Blinky_SDK_2_9\platform\radio\rail_lib\autogen\librail_release\librail_efr32xg13_gcc_release.a(bufc.o)
                0x0000c3c4                BUFC_GetSpaceAvailable
 .text.BUFC_GetBytesAvailable
                0x0000c3e8       0x14 C:\Users\hardi\SimplicityStudio\v4_workspace\Blinky_SDK_2_9\platform\radio\rail_lib\autogen\librail_release\librail_efr32xg13_gcc_release.a(bufc.o)
                0x0000c3e8                BUFC_GetBytesAvailable
 .text.BUFC_TxAckBufferSet
                0x0000c3fc       0x2c C:\Users\hardi\SimplicityStudio\v4_workspace\Blinky_SDK_2_9\platform\radio\rail_lib\autogen\librail_release\librail_efr32xg13_gcc_release.a(bufc.o)
                0x0000c3fc                BUFC_TxAckBufferSet
 .text.BUFC_RxBufferReset
                0x0000c428       0x5c C:\Users\hardi\SimplicityStudio\v4_workspace\Blinky_SDK_2_9\platform\radio\rail_lib\autogen\librail_release\librail_efr32xg13_gcc_release.a(bufc.o)
                0x0000c428                BUFC_RxBufferReset
 .text.BUFC_Init
                0x0000c484       0x50 C:\Users\hardi\SimplicityStudio\v4_workspace\Blinky_SDK_2_9\platform\radio\rail_lib\autogen\librail_release\librail_efr32xg13_gcc_release.a(bufc.o)
                0x0000c484                BUFC_Init
 .text.BUFC_ReleaseRxPacket
                0x0000c4d4      0x118 C:\Users\hardi\SimplicityStudio\v4_workspace\Blinky_SDK_2_9\platform\radio\rail_lib\autogen\librail_release\librail_efr32xg13_gcc_release.a(bufc.o)
                0x0000c4d4                BUFC_ReleaseRxPacket
 .text.BUFC_StartRxLenThrEvent
                0x0000c5ec       0x50 C:\Users\hardi\SimplicityStudio\v4_workspace\Blinky_SDK_2_9\platform\radio\rail_lib\autogen\librail_release\librail_efr32xg13_gcc_release.a(bufc.o)
                0x0000c5ec                BUFC_StartRxLenThrEvent
 .text.BUFC_EndRxLenThrEvent
                0x0000c63c       0x1c C:\Users\hardi\SimplicityStudio\v4_workspace\Blinky_SDK_2_9\platform\radio\rail_lib\autogen\librail_release\librail_efr32xg13_gcc_release.a(bufc.o)
                0x0000c63c                BUFC_EndRxLenThrEvent
 .text.BUFC_HandleRxLenOvfEvent
                0x0000c658       0x30 C:\Users\hardi\SimplicityStudio\v4_workspace\Blinky_SDK_2_9\platform\radio\rail_lib\autogen\librail_release\librail_efr32xg13_gcc_release.a(bufc.o)
                0x0000c658                BUFC_HandleRxLenOvfEvent
 .text.BUFC_GetRxPacketInfo
                0x0000c688      0x168 C:\Users\hardi\SimplicityStudio\v4_workspace\Blinky_SDK_2_9\platform\radio\rail_lib\autogen\librail_release\librail_efr32xg13_gcc_release.a(bufc.o)
                0x0000c688                BUFC_GetRxPacketInfo
 .text.IRCAL_Set
                0x0000c7f0       0x1c C:\Users\hardi\SimplicityStudio\v4_workspace\Blinky_SDK_2_9\platform\radio\rail_lib\autogen\librail_release\librail_efr32xg13_gcc_release.a(ir_cal.o)
                0x0000c7f0                IRCAL_Set
 .text.getRampTimeFromLevelAndRate
                0x0000c80c       0x20 C:\Users\hardi\SimplicityStudio\v4_workspace\Blinky_SDK_2_9\platform\radio\rail_lib\autogen\librail_release\librail_efr32xg13_gcc_release.a(pa.o)
 .text.PA_ProtectPa
                0x0000c82c       0xa0 C:\Users\hardi\SimplicityStudio\v4_workspace\Blinky_SDK_2_9\platform\radio\rail_lib\autogen\librail_release\librail_efr32xg13_gcc_release.a(pa.o)
 .text.PA_GetTxPowerConfig
                0x0000c8cc       0x14 C:\Users\hardi\SimplicityStudio\v4_workspace\Blinky_SDK_2_9\platform\radio\rail_lib\autogen\librail_release\librail_efr32xg13_gcc_release.a(pa.o)
                0x0000c8cc                PA_GetTxPowerConfig
 .text.PA_GetPowerLevel
                0x0000c8e0        0xc C:\Users\hardi\SimplicityStudio\v4_workspace\Blinky_SDK_2_9\platform\radio\rail_lib\autogen\librail_release\librail_efr32xg13_gcc_release.a(pa.o)
                0x0000c8e0                PA_GetPowerLevel
 .text.PA_SetPowerLevel
                0x0000c8ec      0x178 C:\Users\hardi\SimplicityStudio\v4_workspace\Blinky_SDK_2_9\platform\radio\rail_lib\autogen\librail_release\librail_efr32xg13_gcc_release.a(pa.o)
                0x0000c8ec                PA_SetPowerLevel
 .text.PA_RunPeakDetectorHigh
                0x0000ca64       0x40 C:\Users\hardi\SimplicityStudio\v4_workspace\Blinky_SDK_2_9\platform\radio\rail_lib\autogen\librail_release\librail_efr32xg13_gcc_release.a(pa.o)
                0x0000ca64                PA_RunPeakDetectorHigh
 .text.PA_RunPeakDetectorLow
                0x0000caa4        0x2 C:\Users\hardi\SimplicityStudio\v4_workspace\Blinky_SDK_2_9\platform\radio\rail_lib\autogen\librail_release\librail_efr32xg13_gcc_release.a(pa.o)
                0x0000caa4                PA_RunPeakDetectorLow
 *fill*         0x0000caa6        0x2 
 .text.PA_RunBatHigh
                0x0000caa8       0x2c C:\Users\hardi\SimplicityStudio\v4_workspace\Blinky_SDK_2_9\platform\radio\rail_lib\autogen\librail_release\librail_efr32xg13_gcc_release.a(pa.o)
                0x0000caa8                PA_RunBatHigh
 .text.PA_GetRampTime
                0x0000cad4        0xc C:\Users\hardi\SimplicityStudio\v4_workspace\Blinky_SDK_2_9\platform\radio\rail_lib\autogen\librail_release\librail_efr32xg13_gcc_release.a(pa.o)
                0x0000cad4                PA_GetRampTime
 .text.PA_CalcRampTime
                0x0000cae0       0x3c C:\Users\hardi\SimplicityStudio\v4_workspace\Blinky_SDK_2_9\platform\radio\rail_lib\autogen\librail_release\librail_efr32xg13_gcc_release.a(pa.o)
                0x0000cae0                PA_CalcRampTime
 .text.PA_SetRampTime
                0x0000cb1c      0x100 C:\Users\hardi\SimplicityStudio\v4_workspace\Blinky_SDK_2_9\platform\radio\rail_lib\autogen\librail_release\librail_efr32xg13_gcc_release.a(pa.o)
                0x0000cb1c                PA_SetRampTime
 .text.PA_SetCTune
                0x0000cc1c       0x34 C:\Users\hardi\SimplicityStudio\v4_workspace\Blinky_SDK_2_9\platform\radio\rail_lib\autogen\librail_release\librail_efr32xg13_gcc_release.a(pa.o)
                0x0000cc1c                PA_SetCTune
 .text.PA_SelectBand
                0x0000cc50       0x38 C:\Users\hardi\SimplicityStudio\v4_workspace\Blinky_SDK_2_9\platform\radio\rail_lib\autogen\librail_release\librail_efr32xg13_gcc_release.a(pa.o)
                0x0000cc50                PA_SelectBand
 .text.PA_Config
                0x0000cc88      0x114 C:\Users\hardi\SimplicityStudio\v4_workspace\Blinky_SDK_2_9\platform\radio\rail_lib\autogen\librail_release\librail_efr32xg13_gcc_release.a(pa.o)
                0x0000cc88                PA_Config
 .text.PA_UpdateConfig
                0x0000cd9c       0x38 C:\Users\hardi\SimplicityStudio\v4_workspace\Blinky_SDK_2_9\platform\radio\rail_lib\autogen\librail_release\librail_efr32xg13_gcc_release.a(pa.o)
                0x0000cd9c                PA_UpdateConfig
 .text.PROTIMER_Init
                0x0000cdd4       0xe4 C:\Users\hardi\SimplicityStudio\v4_workspace\Blinky_SDK_2_9\platform\radio\rail_lib\autogen\librail_release\librail_efr32xg13_gcc_release.a(protimer.o)
                0x0000cdd4                PROTIMER_Init
 .text.PROTIMER_Start
                0x0000ceb8       0x1c C:\Users\hardi\SimplicityStudio\v4_workspace\Blinky_SDK_2_9\platform\radio\rail_lib\autogen\librail_release\librail_efr32xg13_gcc_release.a(protimer.o)
                0x0000ceb8                PROTIMER_Start
 .text.PROTIMER_ElapsedTime
                0x0000ced4       0x40 C:\Users\hardi\SimplicityStudio\v4_workspace\Blinky_SDK_2_9\platform\radio\rail_lib\autogen\librail_release\librail_efr32xg13_gcc_release.a(protimer.o)
                0x0000ced4                PROTIMER_ElapsedTime
 .text.PROTIMER_CCTimerStop
                0x0000cf14       0x20 C:\Users\hardi\SimplicityStudio\v4_workspace\Blinky_SDK_2_9\platform\radio\rail_lib\autogen\librail_release\librail_efr32xg13_gcc_release.a(protimer.o)
                0x0000cf14                PROTIMER_CCTimerStop
 .text.PROTIMER_CCTimerIsEnabled
                0x0000cf34       0x14 C:\Users\hardi\SimplicityStudio\v4_workspace\Blinky_SDK_2_9\platform\radio\rail_lib\autogen\librail_release\librail_efr32xg13_gcc_release.a(protimer.o)
                0x0000cf34                PROTIMER_CCTimerIsEnabled
 .text.PROTIMER_CCTimerCapture
                0x0000cf48       0x18 C:\Users\hardi\SimplicityStudio\v4_workspace\Blinky_SDK_2_9\platform\radio\rail_lib\autogen\librail_release\librail_efr32xg13_gcc_release.a(protimer.o)
                0x0000cf48                PROTIMER_CCTimerCapture
 .text.PROTIMER_ClearRxEnable
                0x0000cf60       0x10 C:\Users\hardi\SimplicityStudio\v4_workspace\Blinky_SDK_2_9\platform\radio\rail_lib\autogen\librail_release\librail_efr32xg13_gcc_release.a(protimer.o)
                0x0000cf60                PROTIMER_ClearRxEnable
 .text.PROTIMER_GetTime
                0x0000cf70       0x38 C:\Users\hardi\SimplicityStudio\v4_workspace\Blinky_SDK_2_9\platform\radio\rail_lib\autogen\librail_release\librail_efr32xg13_gcc_release.a(protimer.o)
                0x0000cf70                PROTIMER_GetTime
 .text.PROTIMER_LBTStop
                0x0000cfa8       0x18 C:\Users\hardi\SimplicityStudio\v4_workspace\Blinky_SDK_2_9\platform\radio\rail_lib\autogen\librail_release\librail_efr32xg13_gcc_release.a(protimer.o)
                0x0000cfa8                PROTIMER_LBTStop
 .text.PROTIMER_PrecntOverflowToUs
                0x0000cfc0       0x34 C:\Users\hardi\SimplicityStudio\v4_workspace\Blinky_SDK_2_9\platform\radio\rail_lib\autogen\librail_release\librail_efr32xg13_gcc_release.a(protimer.o)
                0x0000cfc0                PROTIMER_PrecntOverflowToUs
 .text.PROTIMER_GetUsTime
                0x0000cff4       0x18 C:\Users\hardi\SimplicityStudio\v4_workspace\Blinky_SDK_2_9\platform\radio\rail_lib\autogen\librail_release\librail_efr32xg13_gcc_release.a(protimer.o)
                0x0000cff4                PROTIMER_GetUsTime
 .text.PROTIMER_GetUsFromRawWrap
                0x0000d00c       0x2e C:\Users\hardi\SimplicityStudio\v4_workspace\Blinky_SDK_2_9\platform\radio\rail_lib\autogen\librail_release\librail_efr32xg13_gcc_release.a(protimer.o)
                0x0000d00c                PROTIMER_GetUsFromRawWrap
 *fill*         0x0000d03a        0x2 
 .text.PROTIMER_UsToPrecntOverflow
                0x0000d03c       0x40 C:\Users\hardi\SimplicityStudio\v4_workspace\Blinky_SDK_2_9\platform\radio\rail_lib\autogen\librail_release\librail_efr32xg13_gcc_release.a(protimer.o)
                0x0000d03c                PROTIMER_UsToPrecntOverflow
 .text.PROTIMER_CCTimerStart
                0x0000d07c      0x1a8 C:\Users\hardi\SimplicityStudio\v4_workspace\Blinky_SDK_2_9\platform\radio\rail_lib\autogen\librail_release\librail_efr32xg13_gcc_release.a(protimer.o)
                0x0000d07c                PROTIMER_CCTimerStart
 .text.PROTIMER_ScheduleTxEnable
                0x0000d224       0x28 C:\Users\hardi\SimplicityStudio\v4_workspace\Blinky_SDK_2_9\platform\radio\rail_lib\autogen\librail_release\librail_efr32xg13_gcc_release.a(protimer.o)
                0x0000d224                PROTIMER_ScheduleTxEnable
 .text.PROTIMER_ScheduleRxEnable
                0x0000d24c       0x28 C:\Users\hardi\SimplicityStudio\v4_workspace\Blinky_SDK_2_9\platform\radio\rail_lib\autogen\librail_release\librail_efr32xg13_gcc_release.a(protimer.o)
                0x0000d24c                PROTIMER_ScheduleRxEnable
 .text.PROTIMER_ScheduleRxDisable
                0x0000d274       0x34 C:\Users\hardi\SimplicityStudio\v4_workspace\Blinky_SDK_2_9\platform\radio\rail_lib\autogen\librail_release\librail_efr32xg13_gcc_release.a(protimer.o)
                0x0000d274                PROTIMER_ScheduleRxDisable
 .text.PROTIMER_DelayUs
                0x0000d2a8       0x16 C:\Users\hardi\SimplicityStudio\v4_workspace\Blinky_SDK_2_9\platform\radio\rail_lib\autogen\librail_release\librail_efr32xg13_gcc_release.a(protimer.o)
                0x0000d2a8                PROTIMER_DelayUs
 *fill*         0x0000d2be        0x2 
 .text.PTI_EnableAppendedInfo
                0x0000d2c0       0x18 C:\Users\hardi\SimplicityStudio\v4_workspace\Blinky_SDK_2_9\platform\radio\rail_lib\autogen\librail_release\librail_efr32xg13_gcc_release.a(pti.o)
                0x0000d2c0                PTI_EnableAppendedInfo
 .text.PTI_Enable
                0x0000d2d8       0x50 C:\Users\hardi\SimplicityStudio\v4_workspace\Blinky_SDK_2_9\platform\radio\rail_lib\autogen\librail_release\librail_efr32xg13_gcc_release.a(pti.o)
                0x0000d2d8                PTI_Enable
 .text.PTI_AuxdataOutput
                0x0000d328       0x1c C:\Users\hardi\SimplicityStudio\v4_workspace\Blinky_SDK_2_9\platform\radio\rail_lib\autogen\librail_release\librail_efr32xg13_gcc_release.a(pti.o)
                0x0000d328                PTI_AuxdataOutput
 .text.PTI_EnableSyncword
                0x0000d344       0x18 C:\Users\hardi\SimplicityStudio\v4_workspace\Blinky_SDK_2_9\platform\radio\rail_lib\autogen\librail_release\librail_efr32xg13_gcc_release.a(pti.o)
                0x0000d344                PTI_EnableSyncword
 .text.RADIO_SetAndForgetWrite
                0x0000d35c       0x74 C:\Users\hardi\SimplicityStudio\v4_workspace\Blinky_SDK_2_9\platform\radio\rail_lib\autogen\librail_release\librail_efr32xg13_gcc_release.a(radio.o)
                0x0000d35c                RADIO_SetAndForgetWrite
 .text.RADIO_RewriteCcTableData
                0x0000d3d0       0x34 C:\Users\hardi\SimplicityStudio\v4_workspace\Blinky_SDK_2_9\platform\radio\rail_lib\autogen\librail_release\librail_efr32xg13_gcc_release.a(radio.o)
                0x0000d3d0                RADIO_RewriteCcTableData
 .text.RADIO_SeqInit
                0x0000d404       0x64 C:\Users\hardi\SimplicityStudio\v4_workspace\Blinky_SDK_2_9\platform\radio\rail_lib\autogen\librail_release\librail_efr32xg13_gcc_release.a(radio.o)
                0x0000d404                RADIO_SeqInit
 .text.RADIO_ClockEnable
                0x0000d468       0x14 C:\Users\hardi\SimplicityStudio\v4_workspace\Blinky_SDK_2_9\platform\radio\rail_lib\autogen\librail_release\librail_efr32xg13_gcc_release.a(radio.o)
                0x0000d468                RADIO_ClockEnable
 .text.RADIO_Init
                0x0000d47c       0x5c C:\Users\hardi\SimplicityStudio\v4_workspace\Blinky_SDK_2_9\platform\radio\rail_lib\autogen\librail_release\librail_efr32xg13_gcc_release.a(radio.o)
                0x0000d47c                RADIO_Init
 .text.RADIO_ClockPrescGet
                0x0000d4d8       0x10 C:\Users\hardi\SimplicityStudio\v4_workspace\Blinky_SDK_2_9\platform\radio\rail_lib\autogen\librail_release\librail_efr32xg13_gcc_release.a(radio.o)
                0x0000d4d8                RADIO_ClockPrescGet
 .text.RADIO_ClockFreqGet
                0x0000d4e8       0x14 C:\Users\hardi\SimplicityStudio\v4_workspace\Blinky_SDK_2_9\platform\radio\rail_lib\autogen\librail_release\librail_efr32xg13_gcc_release.a(radio.o)
                0x0000d4e8                RADIO_ClockFreqGet
 .text.RADIO_Config
                0x0000d4fc       0xb0 C:\Users\hardi\SimplicityStudio\v4_workspace\Blinky_SDK_2_9\platform\radio\rail_lib\autogen\librail_release\librail_efr32xg13_gcc_release.a(radio.o)
                0x0000d4fc                RADIO_Config
 .text.RADIO_IsRxOnForRssi
                0x0000d5ac       0x18 C:\Users\hardi\SimplicityStudio\v4_workspace\Blinky_SDK_2_9\platform\radio\rail_lib\autogen\librail_release\librail_efr32xg13_gcc_release.a(radio.o)
                0x0000d5ac                RADIO_IsRxOnForRssi
 .text.RADIO_RxTrailDataLength
                0x0000d5c4       0x3c C:\Users\hardi\SimplicityStudio\v4_workspace\Blinky_SDK_2_9\platform\radio\rail_lib\autogen\librail_release\librail_efr32xg13_gcc_release.a(radio.o)
                0x0000d5c4                RADIO_RxTrailDataLength
 .text.RADIO_ComputeTxBaudrate
                0x0000d600       0x24 C:\Users\hardi\SimplicityStudio\v4_workspace\Blinky_SDK_2_9\platform\radio\rail_lib\autogen\librail_release\librail_efr32xg13_gcc_release.a(radio.o)
                0x0000d600                RADIO_ComputeTxBaudrate
 .text.RADIO_ComputeTxSymbolRate
                0x0000d624       0x54 C:\Users\hardi\SimplicityStudio\v4_workspace\Blinky_SDK_2_9\platform\radio\rail_lib\autogen\librail_release\librail_efr32xg13_gcc_release.a(radio.o)
                0x0000d624                RADIO_ComputeTxSymbolRate
 .text.RADIO_ComputeTxBitRate
                0x0000d678       0x44 C:\Users\hardi\SimplicityStudio\v4_workspace\Blinky_SDK_2_9\platform\radio\rail_lib\autogen\librail_release\librail_efr32xg13_gcc_release.a(radio.o)
                0x0000d678                RADIO_ComputeTxBitRate
 .text.RADIO_GetRssi
                0x0000d6bc       0x64 C:\Users\hardi\SimplicityStudio\v4_workspace\Blinky_SDK_2_9\platform\radio\rail_lib\autogen\librail_release\librail_efr32xg13_gcc_release.a(radio.o)
                0x0000d6bc                RADIO_GetRssi
 .text.RADIO_SetCRCInitVal
                0x0000d720       0x10 C:\Users\hardi\SimplicityStudio\v4_workspace\Blinky_SDK_2_9\platform\radio\rail_lib\autogen\librail_release\librail_efr32xg13_gcc_release.a(radio.o)
                0x0000d720                RADIO_SetCRCInitVal
 .text.RADIO_RACClearRxOverflow
                0x0000d730       0x20 C:\Users\hardi\SimplicityStudio\v4_workspace\Blinky_SDK_2_9\platform\radio\rail_lib\autogen\librail_release\librail_efr32xg13_gcc_release.a(radio.o)
                0x0000d730                RADIO_RACClearRxOverflow
 .text.RFSENSE_IRQHandler
                0x0000d750       0x10 C:\Users\hardi\SimplicityStudio\v4_workspace\Blinky_SDK_2_9\platform\radio\rail_lib\autogen\librail_release\librail_efr32xg13_gcc_release.a(rfsense.o)
                0x0000d750                RFSENSE_IRQHandler
 .text.PRORTC_IRQHandler
                0x0000d760       0x10 C:\Users\hardi\SimplicityStudio\v4_workspace\Blinky_SDK_2_9\platform\radio\rail_lib\autogen\librail_release\librail_efr32xg13_gcc_release.a(rtccsync.o)
                0x0000d760                PRORTC_IRQHandler
 .text.RTCCSYNC_Init
                0x0000d770       0x88 C:\Users\hardi\SimplicityStudio\v4_workspace\Blinky_SDK_2_9\platform\radio\rail_lib\autogen\librail_release\librail_efr32xg13_gcc_release.a(rtccsync.o)
                0x0000d770                RTCCSYNC_Init
 .text.SYNTH_RfFreqGet
                0x0000d7f8        0xc C:\Users\hardi\SimplicityStudio\v4_workspace\Blinky_SDK_2_9\platform\radio\rail_lib\autogen\librail_release\librail_efr32xg13_gcc_release.a(synth.o)
                0x0000d7f8                SYNTH_RfFreqGet
 .text.SYNTH_ChSpacingGet
                0x0000d804        0xc C:\Users\hardi\SimplicityStudio\v4_workspace\Blinky_SDK_2_9\platform\radio\rail_lib\autogen\librail_release\librail_efr32xg13_gcc_release.a(synth.o)
                0x0000d804                SYNTH_ChSpacingGet
 .text.SYNTH_LoDivGet
                0x0000d810       0x20 C:\Users\hardi\SimplicityStudio\v4_workspace\Blinky_SDK_2_9\platform\radio\rail_lib\autogen\librail_release\librail_efr32xg13_gcc_release.a(synth.o)
                0x0000d810                SYNTH_LoDivGet
 .text.SYNTH_Is2p4GHz
                0x0000d830       0x14 C:\Users\hardi\SimplicityStudio\v4_workspace\Blinky_SDK_2_9\platform\radio\rail_lib\autogen\librail_release\librail_efr32xg13_gcc_release.a(synth.o)
                0x0000d830                SYNTH_Is2p4GHz
 .text.SYNTH_VcoRangeIsValid
                0x0000d844       0x30 C:\Users\hardi\SimplicityStudio\v4_workspace\Blinky_SDK_2_9\platform\radio\rail_lib\autogen\librail_release\librail_efr32xg13_gcc_release.a(synth.o)
                0x0000d844                SYNTH_VcoRangeIsValid
 .text.SYNTH_RetimeLimitsConfig
                0x0000d874       0x64 C:\Users\hardi\SimplicityStudio\v4_workspace\Blinky_SDK_2_9\platform\radio\rail_lib\autogen\librail_release\librail_efr32xg13_gcc_release.a(synth.o)
                0x0000d874                SYNTH_RetimeLimitsConfig
 .text.SYNTH_RetimeClkConfig
                0x0000d8d8       0xb4 C:\Users\hardi\SimplicityStudio\v4_workspace\Blinky_SDK_2_9\platform\radio\rail_lib\autogen\librail_release\librail_efr32xg13_gcc_release.a(synth.o)
                0x0000d8d8                SYNTH_RetimeClkConfig
 .text.SYNTH_Config
                0x0000d98c      0x104 C:\Users\hardi\SimplicityStudio\v4_workspace\Blinky_SDK_2_9\platform\radio\rail_lib\autogen\librail_release\librail_efr32xg13_gcc_release.a(synth.o)
                0x0000d98c                SYNTH_Config
 .text.SYNTH_ChannelSet
                0x0000da90       0x40 C:\Users\hardi\SimplicityStudio\v4_workspace\Blinky_SDK_2_9\platform\radio\rail_lib\autogen\librail_release\librail_efr32xg13_gcc_release.a(synth.o)
                0x0000da90                SYNTH_ChannelSet
 .text.SYNTH_DCDCRetimeClkSet
                0x0000dad0       0x68 C:\Users\hardi\SimplicityStudio\v4_workspace\Blinky_SDK_2_9\platform\radio\rail_lib\autogen\librail_release\librail_efr32xg13_gcc_release.a(synth.o)
                0x0000dad0                SYNTH_DCDCRetimeClkSet
 .text.SYNTH_DCDCRetimeEnable
                0x0000db38       0x18 C:\Users\hardi\SimplicityStudio\v4_workspace\Blinky_SDK_2_9\platform\radio\rail_lib\autogen\librail_release\librail_efr32xg13_gcc_release.a(synth.o)
                0x0000db38                SYNTH_DCDCRetimeEnable
 .text.SYNTH_DCDCRetimeDisable
                0x0000db50       0x18 C:\Users\hardi\SimplicityStudio\v4_workspace\Blinky_SDK_2_9\platform\radio\rail_lib\autogen\librail_release\librail_efr32xg13_gcc_release.a(synth.o)
                0x0000db50                SYNTH_DCDCRetimeDisable
 .text.SYNTH_KvnFreqCompensationEnable
                0x0000db68        0xc C:\Users\hardi\SimplicityStudio\v4_workspace\Blinky_SDK_2_9\platform\radio\rail_lib\autogen\librail_release\librail_efr32xg13_gcc_release.a(synth.o)
                0x0000db68                SYNTH_KvnFreqCompensationEnable
 .text.TEMPCAL_Init
                0x0000db74       0x38 C:\Users\hardi\SimplicityStudio\v4_workspace\Blinky_SDK_2_9\platform\radio\rail_lib\autogen\librail_release\librail_efr32xg13_gcc_release.a(tempcal.o)
                0x0000db74                TEMPCAL_Init
 .text.TIMING_NsToStimerTickCalc
                0x0000dbac       0x2c C:\Users\hardi\SimplicityStudio\v4_workspace\Blinky_SDK_2_9\platform\radio\rail_lib\autogen\librail_release\librail_efr32xg13_gcc_release.a(timings.o)
 .text.TIMING_Recalculate
                0x0000dbd8      0x1ec C:\Users\hardi\SimplicityStudio\v4_workspace\Blinky_SDK_2_9\platform\radio\rail_lib\autogen\librail_release\librail_efr32xg13_gcc_release.a(timings.o)
 .text.TIMING_InitStimer
                0x0000ddc4       0x8c C:\Users\hardi\SimplicityStudio\v4_workspace\Blinky_SDK_2_9\platform\radio\rail_lib\autogen\librail_release\librail_efr32xg13_gcc_release.a(timings.o)
                0x0000ddc4                TIMING_InitStimer
 .text.TIMING_SeqTimingInit
                0x0000de50       0x90 C:\Users\hardi\SimplicityStudio\v4_workspace\Blinky_SDK_2_9\platform\radio\rail_lib\autogen\librail_release\librail_efr32xg13_gcc_release.a(timings.o)
                0x0000de50                TIMING_SeqTimingInit
 .text.TIMING_SetTransitionTime
                0x0000dee0       0x18 C:\Users\hardi\SimplicityStudio\v4_workspace\Blinky_SDK_2_9\platform\radio\rail_lib\autogen\librail_release\librail_efr32xg13_gcc_release.a(timings.o)
                0x0000dee0                TIMING_SetTransitionTime
 .text.TIMING_RxSearchTimeSet
                0x0000def8       0x10 C:\Users\hardi\SimplicityStudio\v4_workspace\Blinky_SDK_2_9\platform\radio\rail_lib\autogen\librail_release\librail_efr32xg13_gcc_release.a(timings.o)
                0x0000def8                TIMING_RxSearchTimeSet
 .text.TIMING_TxToRxSearchTimeSet
                0x0000df08       0x10 C:\Users\hardi\SimplicityStudio\v4_workspace\Blinky_SDK_2_9\platform\radio\rail_lib\autogen\librail_release\librail_efr32xg13_gcc_release.a(timings.o)
                0x0000df08                TIMING_TxToRxSearchTimeSet
 .text.TIMING_RecalculateAll
                0x0000df18        0x6 C:\Users\hardi\SimplicityStudio\v4_workspace\Blinky_SDK_2_9\platform\radio\rail_lib\autogen\librail_release\librail_efr32xg13_gcc_release.a(timings.o)
                0x0000df18                TIMING_RecalculateAll
 .text.TIMING_RecalculatePaRampChanged
                0x0000df1e        0x6 C:\Users\hardi\SimplicityStudio\v4_workspace\Blinky_SDK_2_9\platform\radio\rail_lib\autogen\librail_release\librail_efr32xg13_gcc_release.a(timings.o)
                0x0000df1e                TIMING_RecalculatePaRampChanged
 .text.TIMING_RecalculateViterbiChanged
                0x0000df24        0x6 C:\Users\hardi\SimplicityStudio\v4_workspace\Blinky_SDK_2_9\platform\radio\rail_lib\autogen\librail_release\librail_efr32xg13_gcc_release.a(timings.o)
                0x0000df24                TIMING_RecalculateViterbiChanged
 .text.TIMING_SetChainDelays
                0x0000df2a        0x8 C:\Users\hardi\SimplicityStudio\v4_workspace\Blinky_SDK_2_9\platform\radio\rail_lib\autogen\librail_release\librail_efr32xg13_gcc_release.a(timings.o)
                0x0000df2a                TIMING_SetChainDelays
 *fill*         0x0000df32        0x2 
 .text.TIMING_CalcAdjustUs
                0x0000df34       0x40 C:\Users\hardi\SimplicityStudio\v4_workspace\Blinky_SDK_2_9\platform\radio\rail_lib\autogen\librail_release\librail_efr32xg13_gcc_release.a(timings.o)
                0x0000df34                TIMING_CalcAdjustUs
 .text.TIMING_PacketBits
                0x0000df74       0x14 C:\Users\hardi\SimplicityStudio\v4_workspace\Blinky_SDK_2_9\platform\radio\rail_lib\autogen\librail_release\librail_efr32xg13_gcc_release.a(timings.o)
                0x0000df74                TIMING_PacketBits
 .text.TIMING_PreambleSyncBits
                0x0000df88       0x38 C:\Users\hardi\SimplicityStudio\v4_workspace\Blinky_SDK_2_9\platform\radio\rail_lib\autogen\librail_release\librail_efr32xg13_gcc_release.a(timings.o)
                0x0000df88                TIMING_PreambleSyncBits
 .text.TIMING_CalcRxTimeStampUs
                0x0000dfc0       0x66 C:\Users\hardi\SimplicityStudio\v4_workspace\Blinky_SDK_2_9\platform\radio\rail_lib\autogen\librail_release\librail_efr32xg13_gcc_release.a(timings.o)
                0x0000dfc0                TIMING_CalcRxTimeStampUs
 *fill*         0x0000e026        0x2 
 .text.TIMING_AdjustRxTimeStampUs
                0x0000e028       0x40 C:\Users\hardi\SimplicityStudio\v4_workspace\Blinky_SDK_2_9\platform\radio\rail_lib\autogen\librail_release\librail_efr32xg13_gcc_release.a(timings.o)
                0x0000e028                TIMING_AdjustRxTimeStampUs
 .text.RFRAND_GetRadioEntropy
                0x0000e068      0x100 C:\Users\hardi\SimplicityStudio\v4_workspace\Blinky_SDK_2_9\platform\radio\rail_lib\autogen\librail_release\librail_efr32xg13_gcc_release.a(rf_rand.o)
                0x0000e068                RFRAND_GetRadioEntropy
 .text.RFRAND_SeedProtimerRandom
                0x0000e168       0x3c C:\Users\hardi\SimplicityStudio\v4_workspace\Blinky_SDK_2_9\platform\radio\rail_lib\autogen\librail_release\librail_efr32xg13_gcc_release.a(rf_rand.o)
                0x0000e168                RFRAND_SeedProtimerRandom
 .text.RAIL_GetTxPowerCurve
                0x0000e1a4       0x14 C:\Users\hardi\SimplicityStudio\v4_workspace\Blinky_SDK_2_9\platform\radio\rail_lib\autogen\librail_release\librail_efr32xg13_gcc_release.a(pa_conversions_efr32.o)
                0x0000e1a4                RAIL_GetTxPowerCurve
 .text.RAIL_InitTxPowerCurves
                0x0000e1b8       0x2c C:\Users\hardi\SimplicityStudio\v4_workspace\Blinky_SDK_2_9\platform\radio\rail_lib\autogen\librail_release\librail_efr32xg13_gcc_release.a(pa_conversions_efr32.o)
                0x0000e1b8                RAIL_InitTxPowerCurves
 .text.RAIL_ConvertDbmToRaw
                0x0000e1e4       0xd8 C:\Users\hardi\SimplicityStudio\v4_workspace\Blinky_SDK_2_9\platform\radio\rail_lib\autogen\librail_release\librail_efr32xg13_gcc_release.a(pa_conversions_efr32.o)
                0x0000e1e4                RAIL_ConvertDbmToRaw
 .text.RAIL_ConvertRawToDbm
                0x0000e2bc       0xb8 C:\Users\hardi\SimplicityStudio\v4_workspace\Blinky_SDK_2_9\platform\radio\rail_lib\autogen\librail_release\librail_efr32xg13_gcc_release.a(pa_conversions_efr32.o)
                0x0000e2bc                RAIL_ConvertRawToDbm
 .text.GENERIC_PHY_EnableDisableInt
                0x0000e374       0x22 C:\Users\hardi\SimplicityStudio\v4_workspace\Blinky_SDK_2_9\platform\radio\rail_lib\autogen\librail_release\librail_efr32xg13_gcc_release.a(generic_phy.o)
 *fill*         0x0000e396        0x2 
 .text.GENERIC_PHY_DisableRadioIrqs
                0x0000e398       0x50 C:\Users\hardi\SimplicityStudio\v4_workspace\Blinky_SDK_2_9\platform\radio\rail_lib\autogen\librail_release\librail_efr32xg13_gcc_release.a(generic_phy.o)
 .text.GENERIC_PHY_ConfigureRollbackReporting
                0x0000e3e8       0x68 C:\Users\hardi\SimplicityStudio\v4_workspace\Blinky_SDK_2_9\platform\radio\rail_lib\autogen\librail_release\librail_efr32xg13_gcc_release.a(generic_phy.o)
 .text.GENERIC_PHY_ClearPendedRxWindowEnd
                0x0000e450       0x1c C:\Users\hardi\SimplicityStudio\v4_workspace\Blinky_SDK_2_9\platform\radio\rail_lib\autogen\librail_release\librail_efr32xg13_gcc_release.a(generic_phy.o)
 .text.GENERIC_PHY_RxOverflowHook
                0x0000e46c       0x34 C:\Users\hardi\SimplicityStudio\v4_workspace\Blinky_SDK_2_9\platform\radio\rail_lib\autogen\librail_release\librail_efr32xg13_gcc_release.a(generic_phy.o)
 .text.RADIO_RACRxAbort
                0x0000e4a0       0x3c C:\Users\hardi\SimplicityStudio\v4_workspace\Blinky_SDK_2_9\platform\radio\rail_lib\autogen\librail_release\librail_efr32xg13_gcc_release.a(generic_phy.o)
 .text.GENERIC_PHY_CheckPendedRxWindowEnd
                0x0000e4dc       0x44 C:\Users\hardi\SimplicityStudio\v4_workspace\Blinky_SDK_2_9\platform\radio\rail_lib\autogen\librail_release\librail_efr32xg13_gcc_release.a(generic_phy.o)
 .text.GENERIC_PHY_ConfigureEvents
                0x0000e520      0x2c8 C:\Users\hardi\SimplicityStudio\v4_workspace\Blinky_SDK_2_9\platform\radio\rail_lib\autogen\librail_release\librail_efr32xg13_gcc_release.a(generic_phy.o)
                0x0000e520                GENERIC_PHY_ConfigureEvents
 .text.GENERIC_PHY_PacketTxCommon
                0x0000e7e8       0x3c C:\Users\hardi\SimplicityStudio\v4_workspace\Blinky_SDK_2_9\platform\radio\rail_lib\autogen\librail_release\librail_efr32xg13_gcc_release.a(generic_phy.o)
                0x0000e7e8                GENERIC_PHY_PacketTxCommon
 .text.GENERIC_PHY_PacketTx
                0x0000e824       0x40 C:\Users\hardi\SimplicityStudio\v4_workspace\Blinky_SDK_2_9\platform\radio\rail_lib\autogen\librail_release\librail_efr32xg13_gcc_release.a(generic_phy.o)
                0x0000e824                GENERIC_PHY_PacketTx
 .text.GENERIC_PHY_SchedulePacketRx
                0x0000e864      0x100 C:\Users\hardi\SimplicityStudio\v4_workspace\Blinky_SDK_2_9\platform\radio\rail_lib\autogen\librail_release\librail_efr32xg13_gcc_release.a(generic_phy.o)
                0x0000e864                GENERIC_PHY_SchedulePacketRx
 .text.GENERIC_PHY_SchedulePacketTx
                0x0000e964       0x78 C:\Users\hardi\SimplicityStudio\v4_workspace\Blinky_SDK_2_9\platform\radio\rail_lib\autogen\librail_release\librail_efr32xg13_gcc_release.a(generic_phy.o)
                0x0000e964                GENERIC_PHY_SchedulePacketTx
 .text.GENERIC_PHY_SeqAtomicLock
                0x0000e9dc       0x30 C:\Users\hardi\SimplicityStudio\v4_workspace\Blinky_SDK_2_9\platform\radio\rail_lib\autogen\librail_release\librail_efr32xg13_gcc_release.a(generic_phy.o)
                0x0000e9dc                GENERIC_PHY_SeqAtomicLock
 .text.GENERIC_PHY_RACConfig
                0x0000ea0c       0x40 C:\Users\hardi\SimplicityStudio\v4_workspace\Blinky_SDK_2_9\platform\radio\rail_lib\autogen\librail_release\librail_efr32xg13_gcc_release.a(generic_phy.o)
                0x0000ea0c                GENERIC_PHY_RACConfig
 .text.GENERIC_PHY_Init
                0x0000ea4c       0x70 C:\Users\hardi\SimplicityStudio\v4_workspace\Blinky_SDK_2_9\platform\radio\rail_lib\autogen\librail_release\librail_efr32xg13_gcc_release.a(generic_phy.o)
                0x0000ea4c                GENERIC_PHY_Init
 .text.GENERIC_PHY_ResetRxFifo
                0x0000eabc       0x30 C:\Users\hardi\SimplicityStudio\v4_workspace\Blinky_SDK_2_9\platform\radio\rail_lib\autogen\librail_release\librail_efr32xg13_gcc_release.a(generic_phy.o)
                0x0000eabc                GENERIC_PHY_ResetRxFifo
 .text.GENERIC_PHY_RadioIdle
                0x0000eaec      0x154 C:\Users\hardi\SimplicityStudio\v4_workspace\Blinky_SDK_2_9\platform\radio\rail_lib\autogen\librail_release\librail_efr32xg13_gcc_release.a(generic_phy.o)
                0x0000eaec                GENERIC_PHY_RadioIdle
 .text.FRC_IRQHandler
                0x0000ec40      0x528 C:\Users\hardi\SimplicityStudio\v4_workspace\Blinky_SDK_2_9\platform\radio\rail_lib\autogen\librail_release\librail_efr32xg13_gcc_release.a(generic_phy.o)
                0x0000ec40                FRC_IRQHandler
 .text.FRC_PRI_IRQHandler
                0x0000f168        0x4 C:\Users\hardi\SimplicityStudio\v4_workspace\Blinky_SDK_2_9\platform\radio\rail_lib\autogen\librail_release\librail_efr32xg13_gcc_release.a(generic_phy.o)
                0x0000f168                FRC_PRI_IRQHandler
 .text.BUFC_IRQHandler
                0x0000f16c        0x4 C:\Users\hardi\SimplicityStudio\v4_workspace\Blinky_SDK_2_9\platform\radio\rail_lib\autogen\librail_release\librail_efr32xg13_gcc_release.a(generic_phy.o)
                0x0000f16c                BUFC_IRQHandler
 .text.PROTIMER_IRQHandler
                0x0000f170        0x4 C:\Users\hardi\SimplicityStudio\v4_workspace\Blinky_SDK_2_9\platform\radio\rail_lib\autogen\librail_release\librail_efr32xg13_gcc_release.a(generic_phy.o)
                0x0000f170                PROTIMER_IRQHandler
 .text.RAC_SEQ_IRQHandler
                0x0000f174        0x4 C:\Users\hardi\SimplicityStudio\v4_workspace\Blinky_SDK_2_9\platform\radio\rail_lib\autogen\librail_release\librail_efr32xg13_gcc_release.a(generic_phy.o)
                0x0000f174                RAC_SEQ_IRQHandler
 .text.RAILCb_RadioStateChanged
                0x0000f178       0x14 C:\Users\hardi\SimplicityStudio\v4_workspace\Blinky_SDK_2_9\platform\radio\rail_lib\autogen\librail_release\librail_efr32xg13_gcc_release.a(generic_phy.o)
                0x0000f178                RAILCb_RadioStateChanged
 .text.RAC_RSM_IRQHandler
                0x0000f18c       0x48 C:\Users\hardi\SimplicityStudio\v4_workspace\Blinky_SDK_2_9\platform\radio\rail_lib\autogen\librail_release\librail_efr32xg13_gcc_release.a(generic_phy.o)
                0x0000f18c                RAC_RSM_IRQHandler
 .text.MODEM_IRQHandler
                0x0000f1d4        0x4 C:\Users\hardi\SimplicityStudio\v4_workspace\Blinky_SDK_2_9\platform\radio\rail_lib\autogen\librail_release\librail_efr32xg13_gcc_release.a(generic_phy.o)
                0x0000f1d4                MODEM_IRQHandler
 .text.AGC_IRQHandler
                0x0000f1d8       0x40 C:\Users\hardi\SimplicityStudio\v4_workspace\Blinky_SDK_2_9\platform\radio\rail_lib\autogen\librail_release\librail_efr32xg13_gcc_release.a(generic_phy.o)
                0x0000f1d8                AGC_IRQHandler
 .text.SYNTH_IRQHandler
                0x0000f218       0x10 C:\Users\hardi\SimplicityStudio\v4_workspace\Blinky_SDK_2_9\platform\radio\rail_lib\autogen\librail_release\librail_efr32xg13_gcc_release.a(generic_phy.o)
                0x0000f218                SYNTH_IRQHandler
 .text.GENERIC_PHY_SetFeatures
                0x0000f228       0x24 C:\Users\hardi\SimplicityStudio\v4_workspace\Blinky_SDK_2_9\platform\radio\rail_lib\autogen\librail_release\librail_efr32xg13_gcc_release.a(generic_phy.o)
                0x0000f228                GENERIC_PHY_SetFeatures
 .text.GENERIC_PHY_IsFeatureEnabled
                0x0000f24c       0x14 C:\Users\hardi\SimplicityStudio\v4_workspace\Blinky_SDK_2_9\platform\radio\rail_lib\autogen\librail_release\librail_efr32xg13_gcc_release.a(generic_phy.o)
                0x0000f24c                GENERIC_PHY_IsFeatureEnabled
 .text.CORTEX_UTILS_BitsetLowestSetBit
                0x0000f260       0x26 C:\Users\hardi\SimplicityStudio\v4_workspace\Blinky_SDK_2_9\platform\radio\rail_lib\autogen\librail_release\librail_efr32xg13_gcc_release.a(cortex_utils.o)
                0x0000f260                CORTEX_UTILS_BitsetLowestSetBit
 *fill*         0x0000f286        0x2 
 .text.gecko_init_alloc
                0x0000f288       0x38 C:\Users\hardi\SimplicityStudio\v4_workspace\Blinky_SDK_2_9\protocol\bluetooth\lib\EFR32BG13P\GCC\libbluetooth.a(bglib.c.obj)
                0x0000f288                gecko_init_alloc
 .text.user_signal_message_handler
                0x0000f2c0       0x2c C:\Users\hardi\SimplicityStudio\v4_workspace\Blinky_SDK_2_9\protocol\bluetooth\lib\EFR32BG13P\GCC\libbluetooth.a(bglib.c.obj)
 .text.set_ctune
                0x0000f2ec       0x64 C:\Users\hardi\SimplicityStudio\v4_workspace\Blinky_SDK_2_9\protocol\bluetooth\lib\EFR32BG13P\GCC\libbluetooth.a(bglib.c.obj)
                0x0000f2ec                set_ctune
 .text.check_ctune_override
                0x0000f350       0x2c C:\Users\hardi\SimplicityStudio\v4_workspace\Blinky_SDK_2_9\protocol\bluetooth\lib\EFR32BG13P\GCC\libbluetooth.a(bglib.c.obj)
                0x0000f350                check_ctune_override
 .text.gecko_stack_init
                0x0000f37c      0x25c C:\Users\hardi\SimplicityStudio\v4_workspace\Blinky_SDK_2_9\protocol\bluetooth\lib\EFR32BG13P\GCC\libbluetooth.a(bglib.c.obj)
                0x0000f37c                gecko_stack_init
 .text.gecko_stack_update_callback
                0x0000f5d8       0x10 C:\Users\hardi\SimplicityStudio\v4_workspace\Blinky_SDK_2_9\protocol\bluetooth\lib\EFR32BG13P\GCC\libbluetooth.a(bglib.c.obj)
                0x0000f5d8                gecko_stack_update_callback
 .text.gap_is_scanning_or_advertising.part.0
                0x0000f5e8       0x2c C:\Users\hardi\SimplicityStudio\v4_workspace\Blinky_SDK_2_9\protocol\bluetooth\lib\EFR32BG13P\GCC\libbluetooth.a(gap.c.obj)
 .text.gap_is_resolvable
                0x0000f614       0x18 C:\Users\hardi\SimplicityStudio\v4_workspace\Blinky_SDK_2_9\protocol\bluetooth\lib\EFR32BG13P\GCC\libbluetooth.a(gap.c.obj)
                0x0000f614                gap_is_resolvable
 .text.gap_init
                0x0000f62c       0x14 C:\Users\hardi\SimplicityStudio\v4_workspace\Blinky_SDK_2_9\protocol\bluetooth\lib\EFR32BG13P\GCC\libbluetooth.a(gap.c.obj)
                0x0000f62c                gap_init
 .text.gap_reset_state
                0x0000f640       0xb8 C:\Users\hardi\SimplicityStudio\v4_workspace\Blinky_SDK_2_9\protocol\bluetooth\lib\EFR32BG13P\GCC\libbluetooth.a(gap.c.obj)
                0x0000f640                gap_reset_state
 .text.gap_notify_connection_parameters
                0x0000f6f8       0x60 C:\Users\hardi\SimplicityStudio\v4_workspace\Blinky_SDK_2_9\protocol\bluetooth\lib\EFR32BG13P\GCC\libbluetooth.a(gap.c.obj)
                0x0000f6f8                gap_notify_connection_parameters
 .text.gap_connection_complete.part.4
                0x0000f758       0xc8 C:\Users\hardi\SimplicityStudio\v4_workspace\Blinky_SDK_2_9\protocol\bluetooth\lib\EFR32BG13P\GCC\libbluetooth.a(gap.c.obj)
 .text.gap_notify_phy_status
                0x0000f820       0x3c C:\Users\hardi\SimplicityStudio\v4_workspace\Blinky_SDK_2_9\protocol\bluetooth\lib\EFR32BG13P\GCC\libbluetooth.a(gap.c.obj)
                0x0000f820                gap_notify_phy_status
 .text.gap_resolver_completed
                0x0000f85c       0x90 C:\Users\hardi\SimplicityStudio\v4_workspace\Blinky_SDK_2_9\protocol\bluetooth\lib\EFR32BG13P\GCC\libbluetooth.a(gap.c.obj)
                0x0000f85c                gap_resolver_completed
 .text.check_private_address_and_timer
                0x0000f8ec       0x64 C:\Users\hardi\SimplicityStudio\v4_workspace\Blinky_SDK_2_9\protocol\bluetooth\lib\EFR32BG13P\GCC\libbluetooth.a(gap.c.obj)
                0x0000f8ec                check_private_address_and_timer
 .text.gap_scan_update
                0x0000f950       0xb8 C:\Users\hardi\SimplicityStudio\v4_workspace\Blinky_SDK_2_9\protocol\bluetooth\lib\EFR32BG13P\GCC\libbluetooth.a(gap.c.obj)
                0x0000f950                gap_scan_update
 .text.gap_listener
                0x0000fa08       0xa4 C:\Users\hardi\SimplicityStudio\v4_workspace\Blinky_SDK_2_9\protocol\bluetooth\lib\EFR32BG13P\GCC\libbluetooth.a(gap.c.obj)
                0x0000fa08                gap_listener
 .text.gap_disconnect_acl
                0x0000faac       0x12 C:\Users\hardi\SimplicityStudio\v4_workspace\Blinky_SDK_2_9\protocol\bluetooth\lib\EFR32BG13P\GCC\libbluetooth.a(gap.c.obj)