Archive member included to satisfy reference by file (symbol)

C:\Users\hardi\SimplicityStudio\v4_workspace\soc-btmesh-friend_3\protocol\bluetooth\lib\EFR32XG13X\GCC\libbluetooth_mesh.a(bgapi.c.obj)
                              ./main.o (symbol from plugin) (gecko_cmd_msg_buf)
C:\Users\hardi\SimplicityStudio\v4_workspace\soc-btmesh-friend_3\protocol\bluetooth\lib\EFR32XG13X\GCC\libbluetooth_mesh.a(bgapi_gatt.c.obj)
                              bgapi.c.obj (symbol from plugin) (bgapi_gatt_listener)
C:\Users\hardi\SimplicityStudio\v4_workspace\soc-btmesh-friend_3\protocol\bluetooth\lib\EFR32XG13X\GCC\libbluetooth_mesh.a(bgapi_gatt_lib.c.obj)
                              ./main.o (symbol from plugin) (sli_bt_cmd_gatt_server_write_attribute_value)
C:\Users\hardi\SimplicityStudio\v4_workspace\soc-btmesh-friend_3\protocol\bluetooth\lib\EFR32XG13X\GCC\libbluetooth_mesh.a(bgapi_hardware.c.obj)
                              ./main.o (symbol from plugin) (sli_bt_cmd_hardware_set_soft_timer)
C:\Users\hardi\SimplicityStudio\v4_workspace\soc-btmesh-friend_3\protocol\bluetooth\lib\EFR32XG13X\GCC\libbluetooth_mesh.a(bgapi_le_connection.c.obj)
                              ./main.o (symbol from plugin) (sli_bt_cmd_le_connection_close)
C:\Users\hardi\SimplicityStudio\v4_workspace\soc-btmesh-friend_3\protocol\bluetooth\lib\EFR32XG13X\GCC\libbluetooth_mesh.a(bgapi_ps.c.obj)
                              ./main.o (symbol from plugin) (sli_bt_cmd_flash_ps_erase_all)
C:\Users\hardi\SimplicityStudio\v4_workspace\soc-btmesh-friend_3\protocol\bluetooth\lib\EFR32XG13X\GCC\libbluetooth_mesh.a(bgapi_system.c.obj)
                              ./main.o (symbol from plugin) (sli_bt_cmd_system_get_bt_address)
C:\Users\hardi\SimplicityStudio\v4_workspace\soc-btmesh-friend_3\protocol\bluetooth\lib\EFR32XG13X\GCC\libbluetooth_mesh.a(bgbuf.c.obj)
                              bgapi.c.obj (symbol from plugin) (bgbuf_chain_free)
C:\Users\hardi\SimplicityStudio\v4_workspace\soc-btmesh-friend_3\protocol\bluetooth\lib\EFR32XG13X\GCC\libbluetooth_mesh.a(bglib.c.obj)
                              ./main.o (symbol from plugin) (gecko_stack_init)
C:\Users\hardi\SimplicityStudio\v4_workspace\soc-btmesh-friend_3\protocol\bluetooth\lib\EFR32XG13X\GCC\libbluetooth_mesh.a(btl_interface.c.obj)
                              bgapi.c.obj (symbol from plugin) (bootloader_getInfo)
C:\Users\hardi\SimplicityStudio\v4_workspace\soc-btmesh-friend_3\protocol\bluetooth\lib\EFR32XG13X\GCC\libbluetooth_mesh.a(gap.c.obj)
                              bglib.c.obj (symbol from plugin) (gap_reset_state)
C:\Users\hardi\SimplicityStudio\v4_workspace\soc-btmesh-friend_3\protocol\bluetooth\lib\EFR32XG13X\GCC\libbluetooth_mesh.a(gap_adv.c.obj)
                              gap.c.obj (symbol from plugin) (gap_adv_update)
C:\Users\hardi\SimplicityStudio\v4_workspace\soc-btmesh-friend_3\protocol\bluetooth\lib\EFR32XG13X\GCC\libbluetooth_mesh.a(gap_resolver.c.obj)
                              gap.c.obj (symbol from plugin) (gap_address_resolver_step)
C:\Users\hardi\SimplicityStudio\v4_workspace\soc-btmesh-friend_3\protocol\bluetooth\lib\EFR32XG13X\GCC\libbluetooth_mesh.a(gap_scan.c.obj)
                              gap.c.obj (symbol from plugin) (gap_status_set_scan_packet)
C:\Users\hardi\SimplicityStudio\v4_workspace\soc-btmesh-friend_3\protocol\bluetooth\lib\EFR32XG13X\GCC\libbluetooth_mesh.a(gatt.c.obj)
                              gap.c.obj (symbol from plugin) (gatt_init_connection)
C:\Users\hardi\SimplicityStudio\v4_workspace\soc-btmesh-friend_3\protocol\bluetooth\lib\EFR32XG13X\GCC\libbluetooth_mesh.a(gatt_client.c.obj)
                              bgapi_gatt_lib.c.obj (symbol from plugin) (gatt_client_init)
C:\Users\hardi\SimplicityStudio\v4_workspace\soc-btmesh-friend_3\protocol\bluetooth\lib\EFR32XG13X\GCC\libbluetooth_mesh.a(gatt_db_minimal.c.obj)
                              gap_adv.c.obj (symbol from plugin) (gatt_db_handle_active)
C:\Users\hardi\SimplicityStudio\v4_workspace\soc-btmesh-friend_3\protocol\bluetooth\lib\EFR32XG13X\GCC\libbluetooth_mesh.a(gatt_server.c.obj)
                              gatt_db_minimal.c.obj (symbol from plugin) (gatt_server_send_attribute_value_event)
C:\Users\hardi\SimplicityStudio\v4_workspace\soc-btmesh-friend_3\protocol\bluetooth\lib\EFR32XG13X\GCC\libbluetooth_mesh.a(gecko_bgapi_dfu.c.obj)
                              ./main.o (symbol from plugin) (gecko_bgapi_class_dfu_init)
C:\Users\hardi\SimplicityStudio\v4_workspace\soc-btmesh-friend_3\protocol\bluetooth\lib\EFR32XG13X\GCC\libbluetooth_mesh.a(gecko_bgapi_endpoint.c.obj)
                              ./main.o (symbol from plugin) (gecko_bgapi_class_endpoint_init)
C:\Users\hardi\SimplicityStudio\v4_workspace\soc-btmesh-friend_3\protocol\bluetooth\lib\EFR32XG13X\GCC\libbluetooth_mesh.a(gecko_bgapi_flash.c.obj)
                              ./main.o (symbol from plugin) (gecko_bgapi_class_flash_init)
[...]
Memory Configuration

Name             Origin             Length             Attributes
FLASH_BOOTLOADER 0x0fe10000         0x00004000         xr
FLASH            0x00000000         0x0007f000         xr
RAM              0x20000000         0x00010000         xrw
*default*        0x00000000         0xffffffff

Linker script and memory map

LOAD c:/siliconlabs/simplicitystudio/v4/developer/toolchains/gnu_arm/7.2_2017q4/bin/../lib/gcc/arm-none-eabi/7.2.1/thumb/v7e-m/fpv4-sp/softfp/crti.o
LOAD c:/siliconlabs/simplicitystudio/v4/developer/toolchains/gnu_arm/7.2_2017q4/bin/../lib/gcc/arm-none-eabi/7.2.1/thumb/v7e-m/fpv4-sp/softfp/crtbegin.o
LOAD c:/siliconlabs/simplicitystudio/v4/developer/toolchains/gnu_arm/7.2_2017q4/bin/../lib/gcc/arm-none-eabi/7.2.1/../../../../arm-none-eabi/lib/thumb/v7e-m/fpv4-sp/softfp/crt0.o
START GROUP
LOAD C:\Users\hardi\AppData\Local\Temp\ccFCjZvk.ltrans0.ltrans.o
LOAD C:\Users\hardi\AppData\Local\Temp\ccFCjZvk.ltrans1.ltrans.o
LOAD C:\Users\hardi\AppData\Local\Temp\ccFCjZvk.ltrans2.ltrans.o
LOAD C:\Users\hardi\AppData\Local\Temp\ccFCjZvk.ltrans3.ltrans.o
LOAD C:\Users\hardi\AppData\Local\Temp\ccFCjZvk.ltrans4.ltrans.o
LOAD C:\Users\hardi\AppData\Local\Temp\ccFCjZvk.ltrans5.ltrans.o
LOAD C:\Users\hardi\AppData\Local\Temp\ccFCjZvk.ltrans6.ltrans.o
LOAD C:\Users\hardi\AppData\Local\Temp\ccFCjZvk.ltrans7.ltrans.o
LOAD C:\Users\hardi\AppData\Local\Temp\ccFCjZvk.ltrans8.ltrans.o
LOAD C:\Users\hardi\AppData\Local\Temp\ccFCjZvk.ltrans9.ltrans.o
LOAD C:\Users\hardi\SimplicityStudio\v4_workspace\soc-btmesh-friend_3\protocol\bluetooth\lib\EFR32XG13X\GCC\libbluetooth_mesh.a
LOAD C:\Users\hardi\SimplicityStudio\v4_workspace\soc-btmesh-friend_3\protocol\bluetooth\lib\EFR32XG13X\GCC\libcoex.a
LOAD C:\Users\hardi\SimplicityStudio\v4_workspace\soc-btmesh-friend_3\protocol\bluetooth\lib\EFR32XG13X\GCC\binapploader.o
LOAD c:/siliconlabs/simplicitystudio/v4/developer/toolchains/gnu_arm/7.2_2017q4/bin/../lib/gcc/arm-none-eabi/7.2.1/../../../../arm-none-eabi/lib/thumb/v7e-m/fpv4-sp/softfp\libm.a
END GROUP
START GROUP
LOAD c:/siliconlabs/simplicitystudio/v4/developer/toolchains/gnu_arm/7.2_2017q4/bin/../lib/gcc/arm-none-eabi/7.2.1/thumb/v7e-m/fpv4-sp/softfp\libgcc.a
LOAD c:/siliconlabs/simplicitystudio/v4/developer/toolchains/gnu_arm/7.2_2017q4/bin/../lib/gcc/arm-none-eabi/7.2.1/../../../../arm-none-eabi/lib/thumb/v7e-m/fpv4-sp/softfp\libc_nano.a
LOAD c:/siliconlabs/simplicitystudio/v4/developer/toolchains/gnu_arm/7.2_2017q4/bin/../lib/gcc/arm-none-eabi/7.2.1/../../../../arm-none-eabi/lib/thumb/v7e-m/fpv4-sp/softfp\libnosys.a
END GROUP
START GROUP
LOAD c:/siliconlabs/simplicitystudio/v4/developer/toolchains/gnu_arm/7.2_2017q4/bin/../lib/gcc/arm-none-eabi/7.2.1/thumb/v7e-m/fpv4-sp/softfp\libgcc.a
LOAD c:/siliconlabs/simplicitystudio/v4/developer/toolchains/gnu_arm/7.2_2017q4/bin/../lib/gcc/arm-none-eabi/7.2.1/../../../../arm-none-eabi/lib/thumb/v7e-m/fpv4-sp/softfp\libg_nano.a
LOAD c:/siliconlabs/simplicitystudio/v4/developer/toolchains/gnu_arm/7.2_2017q4/bin/../lib/gcc/arm-none-eabi/7.2.1/../../../../arm-none-eabi/lib/thumb/v7e-m/fpv4-sp/softfp\libc_nano.a
END GROUP
START GROUP
LOAD c:/siliconlabs/simplicitystudio/v4/developer/toolchains/gnu_arm/7.2_2017q4/bin/../lib/gcc/arm-none-eabi/7.2.1/thumb/v7e-m/fpv4-sp/softfp\libgcc.a
LOAD c:/siliconlabs/simplicitystudio/v4/developer/toolchains/gnu_arm/7.2_2017q4/bin/../lib/gcc/arm-none-eabi/7.2.1/../../../../arm-none-eabi/lib/thumb/v7e-m/fpv4-sp/softfp\libc_nano.a
END GROUP
LOAD c:/siliconlabs/simplicitystudio/v4/developer/toolchains/gnu_arm/7.2_2017q4/bin/../lib/gcc/arm-none-eabi/7.2.1/thumb/v7e-m/fpv4-sp/softfp/crtend.o
LOAD c:/siliconlabs/simplicitystudio/v4/developer/toolchains/gnu_arm/7.2_2017q4/bin/../lib/gcc/arm-none-eabi/7.2.1/thumb/v7e-m/fpv4-sp/softfp/crtn.o

.text_bootloader
                0x0fe10000        0x0
 *(.binbootloader*)
                0x0fe10000                . = ALIGN (0x4000)

.text_apploader
                0x00000000     0x8fc0
 *(.binapploader*)
 .binapploader  0x00000000     0x8fc0 C:\Users\hardi\SimplicityStudio\v4_workspace\soc-btmesh-friend_3\protocol\bluetooth\lib\EFR32XG13X\GCC\binapploader.o

.text_signature
                0x00008fc0       0x40
                0x00009000                . = ALIGN (0x800)
 *fill*         0x00008fc0       0x40 
                0x00009000                __text_start__ = .

.text_application
                0x00009000    0x39b04
 *(.vectors)
 .vectors       0x00009000       0xfc C:\Users\hardi\AppData\Local\Temp\ccFCjZvk.ltrans4.ltrans.o
                0x00009000                __Vectors
                0x000090fc                __Vectors_End = .
                0x000000fc                __Vectors_Size = (__Vectors_End - __Vectors)
                0x000090fc                __end__ = .
 *(.application_properties)
 .application_properties
                0x000090fc       0x38 C:\Users\hardi\AppData\Local\Temp\ccFCjZvk.ltrans5.ltrans.o
                0x000090fc                bg_application_properties
 *(.gecko_configuration)
 *(.xo_configuration)
 *(.gatt_header)
 .gatt_header   0x00009134       0x34 C:\Users\hardi\AppData\Local\Temp\ccFCjZvk.ltrans9.ltrans.o
                0x00009134                bg_gattdb_data
 *(.gatt_data)
 .gatt_data     0x00009168      0x264 C:\Users\hardi\AppData\Local\Temp\ccFCjZvk.ltrans9.ltrans.o
                0x00009168                bg_gattdb_data_attribute_field_26
                0x00009170                bg_gattdb_data_attribute_field_25
                0x00009186                bg_gattdb_data_attribute_field_24
                0x00009198                bg_gattdb_data_attribute_field_22
                0x000091a0                bg_gattdb_data_attribute_field_21
                0x000091a8                bg_gattdb_data_attribute_field_20
                0x000091b0                bg_gattdb_data_attribute_field_19
                0x000091b8                bg_gattdb_data_attribute_field_18
                0x000091bc                bg_gattdb_data_attribute_field_16
                0x000091c4                bg_gattdb_data_attribute_field_15
                0x000091cc                bg_gattdb_data_attribute_field_14
                0x000091d4                bg_gattdb_data_attribute_field_13
                0x000091dc                bg_gattdb_data_attribute_field_12
                0x000091e0                bg_gattdb_data_attribute_field_11
                0x000091ee                bg_gattdb_data_attribute_field_10
                0x000091f6                bg_gattdb_data_attribute_field_9
                0x000091fa                bg_gattdb_data_attribute_field_8
                0x000091fe                bg_gattdb_data_attribute_field_7
                0x00009208                bg_gattdb_data_attribute_field_6
                0x00009210                bg_gattdb_data_attribute_field_5
                0x00009218                bg_gattdb_data_attribute_field_4
                0x0000921c                bg_gattdb_data_attribute_field_2
                0x00009224                bg_gattdb_data_attribute_field_1
                0x0000922c                bg_gattdb_data_attribute_field_0
                0x00009230                bg_gattdb_data_adv_uuid128_map
                0x00009231                bg_gattdb_data_adv_uuid16_map
                0x00009236                bg_gattdb_data_attributes_dynamic_mapping_map
                0x00009244                bg_gattdb_data_uuidtable_128_map
                0x00009264                bg_gattdb_data_uuidtable_16_map
                0x00009288                bg_gattdb_data_attributes_map
 *(.text*)
 .text          0x000093cc       0x40 c:/siliconlabs/simplicitystudio/v4/developer/toolchains/gnu_arm/7.2_2017q4/bin/../lib/gcc/arm-none-eabi/7.2.1/thumb/v7e-m/fpv4-sp/softfp/crtbegin.o
 .text          0x0000940c       0x74 c:/siliconlabs/simplicitystudio/v4/developer/toolchains/gnu_arm/7.2_2017q4/bin/../lib/gcc/arm-none-eabi/7.2.1/../../../../arm-none-eabi/lib/thumb/v7e-m/fpv4-sp/softfp/crt0.o
                0x0000940c                _mainCRTStartup
                0x0000940c                _start
 .text          0x00009480     0x5cec C:\Users\hardi\AppData\Local\Temp\ccFCjZvk.ltrans0.ltrans.o
                0x00009500                RAIL_YieldRadio
                0x00009b18                sli_bt_cmd_mesh_generic_server_init
                0x00009bf8                sli_bt_cmd_mesh_generic_client_init
                0x00009cc4                sli_bt_cmd_mesh_generic_server_update
                0x00009d68                sli_bt_cmd_mesh_generic_server_response
                0x00009fd0                sli_bt_cmd_mesh_friend_init
                0x0000a0ac                sli_bt_cmd_mesh_generic_client_publish
                0x0000a1b0                sli_bt_cmd_mesh_generic_client_set
                0x0000a288                sb2b9c601cc46226b5bb2932854316060b0f4ecbc09e3ac85b0759af8fd5e17e5.lto_priv.751
                0x0000a350                s09c27f1dcf1aa2f8cd58408797518d3afd58b33f4e6e6c4b2454fb1500044f00
                0x0000a38c                s6511bdaeedecfe11658fc89b4e16b5429bdfd823fd9bc082d860b1649aba5995
                0x0000a3d0                s59dfc794530d0975de1f2f53f94b104bcbf320c923927523ab8443b14be389a0.lto_priv.501
                0x0000a3f0                s1967a7a229d4ae623378a9646807f65cda9f7cf1ffb8836775a7d0099c309343.lto_priv.517
                0x0000a414                sli_bt_cmd_mesh_node_start_unprov_beaconing
                0x0000a65c                header_invalid
                0x0000a67a                crc32_calc.lto_priv.500
                0x0000a6a8                find_obj
                0x0000a704                flash_write_u32.lto_priv.837
                0x0000a7c4                erase_db
                0x0000a7f4                TIMING_Recalculate.lto_priv.626
                0x0000b71c                s3090f14c3265652bdeef45fd059dd45b630cfd2e384a89d274e91ccf2eee559c.lto_priv.709
                0x0000d904                store_write
                0x0000db8c                sli_bt_cmd_mesh_node_init_oob
 .text.unlikely
                0x0000f16c       0xec C:\Users\hardi\AppData\Local\Temp\ccFCjZvk.ltrans0.ltrans.o
                0x0000f21c                s21837a89709527f76a22b50cacde2eeb23f009585933d94c497d12b51fb631f8
 .text          0x0000f258     0x6a8c C:\Users\hardi\AppData\Local\Temp\ccFCjZvk.ltrans1.ltrans.o
                0x0000f258                s44ebc822c20598f288a917f3bd72f1008d423805491578c4af9200167dec1655
                0x0000f2f8                s81464a2878d09dbd2de6234ce8934184bf5116fd04efc613284ea48a9619bc39.lto_priv.775
                0x0000f476                s0f162da1e6a3decc61507ebe76a98a73dbc69631290d76a2cd0d8030911e07bc
                0x0000f5a8                sf644eec1fc685a1dcfbc126b2e0f411dddb5a35dbeb82fa6680d1b9ab236a975
                0x0000f824                s1ffd0196d252e0f4d7e4477127421ba4a76636428213799e1381acc8a5b2e4c7
                0x0000f874                see1835b268c14345827643d2db8d6e541bbf519fb1efe3eceda8dc536ab8cfcd
                0x0000f8c4                sd8daf9d2f525b9d7df701df05a7e9217ba3ad0f82106a4d8943a37cd8f74f9b6
                0x0000f93c                seeb1c0610aeda6bc65ee4f5f170daa5706784586b3b921d785668b719f49817a
                0x0000f980                s157cafae5a5906cab81177591fca8c3c4d0bb591655d10b6e7a9df25541b87de
                0x0000f9c0                s9a5d365ccb583cf42f95ea1dd7551bc15ab9920f291e7c107d212bf554b7e067
                0x0000fa24                s684374d330e48f781771ed004225826b421dc30045bf667a94a6ea755aadefb6
                0x0000fa88                s8e98a06aab92489452ed8e5580b2df4e7e9d32f474a0c2c5280664ddea969326
                0x0000fadc                sada35b0b5f97c9d9c0b01d164a6dd10afad9da0721f02c7f816ec6277cd179f8
                0x0000fb40                sdc8e58961101255e6e5d4d599c823819d8fa52629b05ed69310fc4dfcb069502
                0x0000fbec                sd21ede9d3dab691913fddfc4a657168bba89221d6d138396a5cb280f108fa9a2
                0x0000fc98                s7d0c37c33df01886308fc9e09a56271d7cda24ab7835f01131eed20750367193
                0x0000fcfc                s3458b2ec2faca0458bd702fa08a5034660c4c9dd9a2224fc04c3dd605b42bc65
                0x0000fd58                s8b00edbd50a06bb37f8636d9da31ec6855af90831a16ab747986d7902e796d6c
                0x00010ebc                sf36d8d780fc95f18233d37fe7ff1d263ff5779c7cbee229dc67fa00d04dcf0aa
                0x00010f68                sd77738b41f860799fd52f2514eb6f59f3efc0192ddfd7b83755c1bf4311d15ed.lto_priv.725
                0x00010f84                se056d6ad4bc905c0d7e7668c45efc58a601a7f9acbc82512b49f4a00da725978.lto_priv.723
                0x00010f94                sb7363b9be572e36de0710513bade175b535417dd45fb4477e006a11698462f0b
                0x00010fa6                s10c080622db43a528090d85d73850e3517522bdd586825533e33a2d54cddd554
                0x00010fbc                s3bddd3dfd10149a614ea0bb8a32dd855247236b7e1c6b3879a72ead78e0f2895
                0x000110b8                sdda070b8da2cc650e6b612d06086f07a5f551cde83db6f459a25f7e4ac860118
                0x000111b8                sc22d564d97794cc78e3748e475370d7932794c538198102e07d388bfc30eed3c
                0x000111ec                scf693e2c0b279b154d67dd44d9403714592aefeeb7b25ed901c1737727362cc5
                0x0001123c                s7363c4a1809b88f585f1a98af055457294968d3f2103b534d684d54ef15926d8.lto_priv.689
                0x000112b2                s152355094cfade3d783d1516d9e2dc87f4fe7f56ca9590becd12b3e93603400b.lto_priv.732.lto_priv.796
                0x000112b2                s152355094cfade3d783d1516d9e2dc87f4fe7f56ca9590becd12b3e93603400b.lto_priv.731.lto_priv.792
                0x000112b8                s8169a3e0e65baf978ae3316024359b37b6bf4730a501b2068e4200dcb56f6639
                0x0001153c                scf4af741e157394c998479cb003d5cf203c5198b2e65a822cfffac72047d77b6.lto_priv.597
                0x00011584                s017abe2391b5fa14727ae1b61760bd6e7675c87790a53b5c8ae8b51c16a53d74.lto_priv.727
                0x000115b8                s3b12f72c86808517df0a3d6331892da2d66b8e9bbaa06d12ff26d860074fcf07.lto_priv.774
                0x00011604                s836147ef04765530636f5d110318c78d86972384cb0a54d728cf08e7c69545c6
                0x00011648                s9de2d04aceb57da7832415dc572ff12ee17c2ef0d1a7d803dad8449d8300e8df
                0x0001164a                sbf8dd28a6c6118d55cabd21f14cccd4b50441e6dcf23046d431300eda4b6b36b
                0x0001164c                s890fcd60767f256ee5b13f44afc14bb3ab7d1bdd6e247bccd10b99b1568ec506
                0x0001164e                s0a2382009035cc61f3ea65bab00791d9224b6d545564a39cd5476eb181d5decf
                0x00011650                s44e3124870589b009fc28e44b31cd745f6481542fa286e8583deb621c9b197f1
                0x00011652                s2213f5792ea4e59af1a2801e7bf4d0c3ab5b7b458e895d2e246136479051afe8
                0x00011654                s97ae481bbade53fbeed96d22e388a13ab7b6a53bef24a58b595033911f65dfa6
                0x00011656                s7cce00725c17b5fa1f05023056c2620e6835260ee6e5dc93f877728d46fc6e96
                0x00011658                s55f4ce9f868bcae5747a03eb64c57f53992a4b1c06e24b47225984de0a87da06.lto_priv.794
                0x000116a0                _mesh_foundation_send_byte_array_impl
                0x00011754                s5a9ea35d33bf4ab8bcc7b6e7fcb5fcbcbf57fec60faa44fcbcca7ecee176e1a9
                0x000117ca                s2961a7c16099e65a023def275a9a79a88d18560bcf6d8b7d3ce6fe445e71f6cd
                0x0001180e                s8a5b8a30a2133f3ee9bd748bb73b8e69f6bf9b05e9118e371b70e7ac38206d20
                0x00011810                sd5699aef6084a290996ea955f957a57987e3c370445af2997004bdc2778afabc
                0x00011812                s2ae6d5f70ead843e752f37b0ab2b8bd6029fcafbd92516271cf81c89ccf34574
                0x00011814                sca6b944d97bd8e437696a6bdbf8b1a2fbfbd6b175986bdd2f7107d9ccfc49791
                0x00011816                scadac62caad1a5d40102505cfbb2a19a3f029dac1f04a1735fad62916e1cc1fa
                0x00011818                s1cd7cde67471ba6cf9414371ab606bf222b7affcbd1724981d662222dffaea86
                0x0001181a                s022dfbeed394e9c9c6835d30619ba5da6546e41f4000dd5f010303deb5f89703
                0x0001181c                s6e790e4389aaf46aab77b6ee048f85f694d1bb0f5dfae966461622fa1912d45f
                0x0001181e                sc533058bf47a8cdb1c2bd08ac2ccfa005925b95915c7feb5c92fc40e16ae2dd0
                0x00011820                s8ed8ce1780dc24cc054ca6860acf0d179d86bf06d7e550447052b1370c24f510
                0x0001183a                s00c2adf39adaa8204c45a2ebd4be1beb97d743e177096d7b15c7ebaccc5930b4
                0x0001183c                sfc7236fc386af335549083bbdc5ab61ee40369ae996f7c33ee573b7f60fa0189
                0x0001183e                sf1326fbdcf95a0ac150c56f1fc8ff59f078eeb25842c2553607970c77669509b
                0x00011840                s89badc08722f8dd8cca913bb878f62f6299a5c20da4d6632d3ceb54fd838ce4c
                0x00011842                s480292f7da1cc04043a015da5983b7d4f87306a4af91aac9046b2d42acb6a9d1
                0x00011844                s9ca3a558bed4c088f6e6e7d34a19235cec334eb5040ba244da2d4d1467359005
                0x00011846                sf9d1942b632d8a719f4d2937258048b03526e2949ddfe0c1c576bcfd2a2cf999
                0x00011848                s85e415f6b5fe7877e76531ce06e83d328dc4031ac98320d4e3e7ec1286612bc9
                0x0001184a                sb674ba5b1042fb9c676d298c5ee18529c6ca3968a94669c58fbab33f9acb3bdc
                0x0001184c                s199f0081f2c9151a0a833b317bdef997cf17ca6ec8276ea394feb57dc6729a2b
                0x0001184e                s0b7f8471f464990d74e7d1f07c813369e5869a90a1c22bc34378f9970642177f
                0x00011850                s30185812b90e18f9f842b3007d4fc63073066ba883d7ed8aec240672e062cda9
                0x00011852                s064b9ebe14234db4a190f16cc9cf7bcb5f5784a2d9c4eacc4d1ad7e5af0148df.lto_priv.793
                0x0001187c                s19afc5aeb0fa3ad5437453e4974a9aca3c414191115ed0d8573b5b0b1457b096
                0x000118ac                s0c21d9c58eaf8c6fa188d6a57f53e2f862fe7079b5332d18aa8911137c359cf4
                0x00011ae8                se63787913999295d3840ffda1c593788a4602db3059ec1a85a9aadadb3435d5f
                0x00011afa                s859685f3bb9cd4a78eb6cc50812d921e8f4bcb7ee9fecccb6c5b446b54795a28
                0x00011b52                s374883e05db0975f279acd0c8a7bd3843a3fdaa58062202d513dfaab3dfccf9b
                0x00011b86                sb687b9f58812454f1c13f6036a5c63f36284b9e88ca9ad887c426990f7110dc0
                0x00011be2                sbd8d750ca7f3c236d340c1eaec8486d971fb17a5c4354f20d8dfef33ab592bbf.lto_priv.524
                0x00011bf4                s50634a7bc4f75d381180e45dbba85383bd69c706f2da09f32bcd83277bcdb9b7.part.21
                0x00011d74                s5b1748ad1dc9a094278a70ed0e64dbea6aed97ce55e1be117a5fe3cee4600ae6
                0x00012292                sc4c6a823f842d1814601d4202e4663eec22f1c956512ebca334bacebd269355b.lto_priv.583
                0x000122b0                s7106f745c102199fe27f21960295fdb4457a22b491cfa616eb470481f7a9fe98.lto_priv.726
                0x000124ec                s9f68a26d035d1f514a015a273071c91891899c1e9d01919edc19081ead2e6093.lto_priv.711
                0x0001250c                sc1ba439c94aa9693f7b611877a2f066f5e83b256029e30df009fc20d45c324a3.lto_priv.697
                0x0001268c                s2bd23c8fceacb806d93b517200516653f75b899c45b63f4c5072c942834cc226
                0x000126b6                s4942a71b887c9604bea622a56e8b8e7c6834c4b6cd7a90bc47610d8ff0b93624
                0x000126c4                s4486de96d7f76e2a57775d4e0eb83bdaf4745d1d303f0d4421d3c0b20a527fcc.lto_priv.734.lto_priv.797
                0x000126d4                s4fdd739175590387efed4a3fce66a1bca4f17b519a444ac1b9e275fe54fae31a
                0x000126f0                s79558a2aefdf9c28e56d0fab6e02360b174da1e51d40a35761c4d4f3855183b9
                0x00012714                s88e74df6d693c3d7072d1fe7fe4d86667f9069cbeff5f446a6304df81426420e
                0x000127e8                s776b64871e16c5fe4fd0ce9b7c158901e9ee87f3d75d954796a56d0090cebfc3.lto_priv.716
                0x0001298c                s2d7c2b66b296b20695246b9d12c06f5f15430c75a64577e2ffbb4ab7fd07562a
                0x000129b8                s7dd37f975cb4ea4a55a3390f89eac6ce4072985cee4b23787bd88f2083502aa2
                0x00012a44                sb5e3f4eb369f16c4402c3b1112765b69eb90375593ae58bc3f93192c54da5e3f
                0x00012ab0                scb28c1f42ed39204eaf76b33514208eb84e19d5454a84bc9ef7bbc97bb22b3ec
                0x00012cf8                se2dfec209fa446700a33541d6c1bb13dfaa01e1e866573701ba5f9140c7a7c00.lto_priv.707
                0x00012e28                s76cb0009c38d97748c40fb80af8eb69e087d975dcb9e945047195ce1b5cf8e07
                0x00013148                s5cbf039156296d6c2bb8d0c0604e837c75f1723762aba8a1c8166c00fa15a638
                0x000132b4                s48513b360ea7300b262e06734521d6d41ede06d8596657e7bd86f44506c097d1.lto_priv.776
                0x000138f8                sd0a94330b4a104a8b342e6aa42697660429b35303c23dc8cbf35eebd6849be4b
                0x00013d84                s5684044cf5175a8b740cd2961a53a120b7e3f5ed816134bb06f946cf9d956db9
                0x00014138                sb4cbcfb27a049a42f8c328b3b32e31225fa58acd8fa1fbd156c1086204d42f54
                0x0001481c                sa03d0b469bac1de825e65e5240dff1e6682267dbae50d14bf525c5f838fb31fa
                0x00014920                sdf47c9e324a5222f56ae184e90d9afb14c827d98f884492480980fa3f559625a
                0x00014a08                sb9918a94f03b53f9cd2af80918fe902a7d6580fd9d195ae323f65d68154cae84
 .text.unlikely
                0x00015ce4      0x18c C:\Users\hardi\AppData\Local\Temp\ccFCjZvk.ltrans1.ltrans.o
                0x00015ce4                sb1bc03e4d3c109dc962987dfcd910a0c7c00d1c755a9367d94b92928f21f161b
                0x00015d2e                s35cb1658b1849af7e6f5595ed9d54ca080a066cf5bec33ae3c3be1271fae72eb
                0x00015d80                s1a8ee2bcac1599feb58e1b1ed33e45a95bd03febd32de637684d473d3eae735c.lto_priv.787
                0x00015dd4                seec249431fcb9d5d5ea133fee50277659005ff96792d0f1161e15cb24ac3da5c.lto_priv.788
 .text          0x00015e70     0x4f98 C:\Users\hardi\AppData\Local\Temp\ccFCjZvk.ltrans2.ltrans.o
                0x00015f68                PRORTC_IRQHandler
                0x00015f78                RFSENSE_IRQHandler
                0x00015f7a                getMultiTimer.lto_priv.873
                0x00015f7e                isMultiTimerExpired.lto_priv.872
                0x00015f82                cancelMultiTimer.lto_priv.870
                0x00015f86                isMultiTimerRunning.lto_priv.871
                0x00015f8a                setMultiTimer.lto_priv.869
                0x00015f8e                RFHAL_IsTimerRunning
                0x00015fa0                RFHAL_IsTimerExpired
                0x00015fbc                RFHAL_GetTimer
                0x00016024                radioConfigChangedDefault.lto_priv.534
                0x0001610c                BG_PRORTC_IRQHandler
                0x0001613c                ll_task_default_callback.lto_priv.460
                0x000164d0                TIMING_NsToStimerTickCalc.lto_priv.798
                0x000164fc                SYNTH_LoDivGet
                0x0001651c                RTCCSYNC_RTCCClockFreqGet.lto_priv.924
                0x00016560                RFHAL_BLEPreambleSyncWordSet
                0x000165a4                RFHAL_IsBleLongRangeEnabled
                0x0001661c                uuid_to_handle
                0x00016680                timer_get_time
                0x000166a8                smp_ah
                0x00016738                usch_SendEvent
                0x00016748                ll_radioTimerExpired.lto_priv.855
                0x00016760                usch_RemoveTask
                0x00016790                task_fail.lto_priv.875
                0x00016798                usch_Schedule
                0x00016958                add_task.lto_priv.631
                0x000169f0                usch_currentTaskRemainingTime
                0x00016a04                ubt_pskey_read_callback
                0x00016a20                ubt_pskey_write_callback
                0x00016a3c                ll_scanSetParameters.part.3
                0x00016a7c                ll_scanCheckStop.lto_priv.877
                0x00016a90                ll_scanNextChannel.lto_priv.878
                0x00016b78                ll_radioRawToTXPower
                0x00016c20                ll_radioTXPowerToRaw
                0x00016c4c                ll_radioLoadPacket
                0x00016c9c                ll_radioGetPacketTimeWithPhy
                0x00016cc0                ll_llcpCommonTimeout.isra.1.lto_priv.874
                0x00016cf0                nvm3_deleteObjects
                0x00016e28                BTLE_LLToHCIEventSAP
                0x00016e5c                ll_to_hci_event_handler.lto_priv.462
                0x00017068                ll_llcpLtkReply.part.3
                0x000170ca                ll_startOrQueueProcedure
                0x00017224                ll_scanCreateConnection
                0x000176c4                RFHAL_CancelTimer
                0x0001770c                RFHAL_SetTimer
                0x00017a34                RAILInt_SetChannel
                0x00017de2                ll_radioSetTxPowerRaw.part.0
                0x00017e44                ll_radioConfigurePhy.lto_priv.630
                0x00017f00                ll_radioConfigureChannel
                0x00017fe8                GENERIC_PHY_EventCallback
                0x000181e4                ll_radioReadRxPacketDetails
                0x000183cc                ll_radioReadRxPacket
                0x0001864c                BTLE_LL_EventRaise
                0x000186fc                ll_connSetLlcpCallback
                0x00018760                ll_connClearLlcpCallback
                0x00018818                ll_llcpCallbackPhyUpdate
                0x0001887a                ll_llcpPhyUpdate_sender.lto_priv.853
                0x000189f0                ll_radioStop
                0x00018a20                ll_scanExtEnd
                0x00018b02                ll_radioTxAfterRx
                0x00018f5e                ll_radioTxSchedule
                0x0001901c                ll_radioTxStart
                0x00019080                ll_radioRxAfterTx
                0x000191a8                ll_radioRxSchedule
                0x00019214                ll_radioRxStart
                0x00019274                ll_scanTaskPrimaryHandler
                0x000196e0                ll_radioSetMaxTxPower
                0x00019730                ll_radioSetRfPathCompensation
                0x00019754                ll_radioInit
                0x00019f48                gecko_priority_handle
 .text.unlikely
                0x0001ae08      0x13c C:\Users\hardi\AppData\Local\Temp\ccFCjZvk.ltrans2.ltrans.o
 .text          0x0001af44     0x50b0 C:\Users\hardi\AppData\Local\Temp\ccFCjZvk.ltrans3.ltrans.o
                0x0001afb2                bg_pre_sleep
                0x0001afb4                bg_post_wakeup
                0x0001b098                gecko_init_alloc
                0x0001b224                ll_llcpCallbackConnectionUpdatePreListen.lto_priv.816
                0x0001b264                ll_llcpCallbackChannelMapUpdate.lto_priv.815
                0x0001b2da                ll_bgbuf_callback.lto_priv.461
                0x0001b494                ll_connAbortLlcp
                0x0001b4c0                ll_llcpCallbackEncryption.lto_priv.814
                0x0001b524                ll_llcpFeatureExchange
                0x0001b560                ll_llcpSend
                0x0001b668                ll_llcpUpdateChannelMap_sender.lto_priv.603
                0x0001b780                ll_llcpSendReject
                0x0001b7bc                ll_hciSendHCIEvent
                0x0001b7c8                ll_hciSendAdvSetTerminated.part.3
                0x0001b802                ll_hciSendEncryptionChange
                0x0001b832                ll_hciSendLeConnectionComplete
                0x0001b8ac                hci_command_alloc
                0x0001b8da                hci_state_listener
                0x0001b90c                hci_increase_token.lto_priv.498
                0x0001b91e                handle_bgapi_output.lto_priv.598
                0x0001b994                sli_bt_cmd_handler_delegate
                0x0001b9e4                user_signal_message_handler.lto_priv.458
                0x0001ba10                gatt_db_find_attribute_by_type
                0x0001ba48                gatt_db_get_16bit_char_handle
                0x0001ba6e                gatt_db_user_value
                0x0001ba8c                gatt_db_get_char_properties
                0x0001bad0                gatt_db_handle_active
                0x0001bb00                gatt_db_get_data
                0x0001bba4                gatt_db_find_by_type_value
                0x0001bd5c                send_notification.lto_priv.920
                0x0001be16                gatt_get_next_connection
                0x0001be3c                gatt_server_report_gattdb_change
                0x0001bed0                use_legacy_advertising.lto_priv.636
                0x0001bf06                check_private_address_and_timer
                0x0001bfd4                gecko_stack_update_callback
                0x0001bfe4                set_ctune
                0x0001c070                gecko_external_signal
                0x0001c088                bgbuf_chain_defragment
                0x0001c114                bgbuf_chain_drop_end
                0x0001c156                bgbuf_chain_drop
                0x0001c184                bgbuf_chain_add
                0x0001c198                bgbuf_chain_len
                0x0001c1ac                bgbuf_prepend_no_alloc
                0x0001c1ec                bgbuf_prepend
                0x0001c210                bgbuf_chain_pop_packet
                0x0001c236                bgbuf_chain_free
                0x0001c284                gatt_db_set_data
                0x0001c410                finish_execute_write_req.lto_priv.921
                0x0001c7d0                cache_adv_scan_packet.lto_priv.634
                0x0001c7f0                bgbuf_append_data
                0x0001c814                bgbuf_chain_append_data
                0x0001c878                bgbuf_chain_append_byte.lto_priv.639.lto_priv.641
                0x0001c878                bgbuf_chain_append_byte.lto_priv.638.lto_priv.640
                0x0001c88e                gap_adv_add_name.lto_priv.635
                0x0001c92c                gap_adv_add_attribute.lto_priv.637
                0x0001c9ca                ll_llcpLinkLost
                0x0001cb00                ll_llcpSendLengthReq
                0x0001cba4                ll_llcpHandleFeatureReq.lto_priv.844
                0x0001cc00                ll_llcpHandlePacketCommon
                0x0001cf20                ll_hciSendNumberOfCompletedPackets
                0x0001cfcc                ll_hciHandleCommand
                0x0001e114                hci_send_acl
                0x0001e250                l2cap_message_handler
                0x0001e284                l2cap_send_fixed_channel
                0x0001e2c6                hci_send_command
                0x0001e3c4                hci_close_acl
                0x0001e4a0                gap_adv_update
                0x0001e700                ubt_gap_set_adv_data
                0x0001fd2c                gap_scan_update
                0x0001fe2c                gap_listener
 .text.unlikely
                0x0001fff4      0x394 C:\Users\hardi\AppData\Local\Temp\ccFCjZvk.ltrans3.ltrans.o
 .text          0x00020388     0x55fc C:\Users\hardi\AppData\Local\Temp\ccFCjZvk.ltrans4.ltrans.o
                0x00020388                SYNTH_IRQHandler
                0x00020398                GENERIC_PHY_RxOverflowHook.lto_priv.821
                0x00020604                AGC_IRQHandler
                0x0002064c                RAC_RSM_IRQHandler
                0x000206f8                ll_dtmTaskHandler
                0x00020c60                ecp_mod_p256.lto_priv.463
                0x0002113e                ccm_ctx_alloc.lto_priv.494
                0x00021156                ccm_aes_setkey_wrap.lto_priv.493
                0x0002115a                ccm_ctx_free.lto_priv.495
                0x00021502                PA_SetRampTime
                0x00021620                PA_SetPowerLevel
                0x00021754                GENERIC_PHY_SeqAtomicLock
                0x00021794                GENERIC_PHY_PacketTxCommon
                0x000217d4                BUFC_WriteBuffer
                0x00021880                ll_linkGetWindowWidening
                0x000218d4                ll_connEncDataToBuffer
                0x000218fc                ll_connEncBufferToData
                0x00021928                ll_connValidateParams
                0x00021962                ll_connUpdateMaxPacketLengths
                0x000219d0                ll_connGetHandleByConn
                0x000219fc                ll_connGetByHandle
                0x00021a24                bg_bit_clr_exclusive.lto_priv.610.lto_priv.843
                0x00021a24                bg_bit_clr_exclusive.lto_priv.607.lto_priv.842
                0x00021a24                bg_bit_clr_exclusive.lto_priv.608.lto_priv.845
                0x00021a24                bg_bit_clr_exclusive.lto_priv.609.lto_priv.847
                0x00021a24                bg_bit_clr_exclusive.lto_priv.606.lto_priv.852
                0x00021a24                bg_bit_clr_exclusive.lto_priv.611.lto_priv.840
                0x00021a36                bg_bit_set_exclusive.lto_priv.614.lto_priv.849
                0x00021a36                bg_bit_set_exclusive.lto_priv.617.lto_priv.681
                0x00021a36                bg_bit_set_exclusive.lto_priv.612.lto_priv.692
                0x00021a36                bg_bit_set_exclusive.lto_priv.615.lto_priv.848
                0x00021a36                bg_bit_set_exclusive.lto_priv.616.lto_priv.839
                0x00021a36                bg_bit_set_exclusive.lto_priv.619.lto_priv.841
                0x00021a36                bg_bit_set_exclusive.lto_priv.613.lto_priv.851
                0x00021a46                ll_connEncryptionConnectionInit
                0x00021a7c                ll_connRaiseEvents
                0x000220b0                ll_channelmapUpdate
                0x0002212a                ll_connInitNew
                0x0002230c                ll_channelmapUsedChannels
                0x00022334                ll_channelmapGetChannelMap
                0x0002234c                ll_connUpdatedChannelClassification
                0x000223b4                ll_advExtUpdateChannelMap
                0x000223d4                ll_advGetByHandle
                0x0002241c                adv_getRadioPhy.lto_priv.879
                0x0002241c                scan_getRadioPhy.lto_priv.846
                0x00022430                ubt_gap_set_le_mode
                0x00022874                mbedtls_ecp_point_free.part.8
                0x00022890                mbedtls_ecp_point_init.part.5
                0x000228a8                ecp_modp.lto_priv.523
                0x00022930                mbedtls_ecp_check_pubkey
                0x00022ac4                mbedtls_ecp_copy
                0x00022af0                mbedtls_ecp_point_free
                0x00022af6                crypto_management_release
                0x00022b2c                mbedtls_aes_init.part.3
                0x00022b34                aes_ctx_free.lto_priv.492
                0x00022b48                aes_ctx_alloc.lto_priv.491
                0x00022b5c                mbedtls_aes_setkey_enc
                0x00022b98                aes_setkey_enc_wrap.lto_priv.489
                0x00022b9a                mbedtls_cipher_update
                0x00022c3c                mbedtls_cipher_cmac_update
                0x00022d04                mbedtls_cipher_setup
                0x00022d38                bondingdb_handle_valid.lto_priv.838
                0x00022d5c                ubt_sm_get_bond_data
                0x00022d8c                ubt_sm_set_bond_data
                0x00022dba                set_change_awareness
                0x00022dd4                set_client_features
                0x00022e12                ll_connFree
                0x00022e68                ll_advTaskStopHandle
                0x00023150                ll_advExtTaskHandlerWaitTx
                0x000233ac                ll_advTaskHandlerWaitTx
                0x000234d0                ll_connAlloc
                0x0002352c                ll_advUpdateMaxEventLength
                0x0002362c                GENERIC_PHY_EnableRadioIrqs.lto_priv.833
                0x00023660                GENERIC_PHY_DisableRadioIrqs.lto_priv.835
                0x00023710                GENERIC_PHY_ConfigureInterrupts.lto_priv.834
                0x000238a0                GENERIC_PHY_ClearPendedRxWindowEnd.lto_priv.831
                0x000238f8                RADIO_RACRxAbort.lto_priv.499
                0x00023930                BUFC_RxBufferReset
                0x00023984                GENERIC_PHY_ResetRxFifo
                0x000239b4                FRC_IRQHandler
                0x000240d8                FRC_PRI_IRQHandler
                0x000240da                MODEM_IRQHandler
                0x000240dc                RAC_SEQ_IRQHandler
                0x000240de                PROTIMER_IRQHandler
                0x000240e0                BUFC_IRQHandler
                0x000240e2                GENERIC_PHY_RadioIdle
                0x00024254                crypto_management_release_preemption
                0x000246a8                ll_connSendData
                0x00024850                ll_connEnableDataFlow
                0x00024876                ll_connEncryptionFail
                0x000248c6                mbedtls_aes_crypt_ctr
                0x00024a6c                aes_crypt_ctr_wrap.lto_priv.488
                0x00024a6e                mbedtls_aes_crypt_ecb
                0x00024b14                ll_connEncryptionSetSessionKey
                0x00024bac                aes_crypt_ecb_wrap.lto_priv.487
                0x00024bae                aes_setkey_dec_wrap.lto_priv.490
                0x00024c5c                ecp_double_jac.lto_priv.520
                0x00025236                ecp_add_mixed.lto_priv.522
                0x000257e8                mbedtls_ecp_group_free
                0x00025846                mbedtls_cipher_cmac_finish
                0x00025954                mbedtls_cipher_free
 .text.unlikely
                0x00025984      0x8cc C:\Users\hardi\AppData\Local\Temp\ccFCjZvk.ltrans4.ltrans.o
                0x00025d1e                fill_buffer_byte.lto_priv.876
                0x00025d44                ecp_safe_invert_jac.lto_priv.518
                0x00025d8c                ecp_normalize_jac.lto_priv.519
                0x00025e5a                ecp_normalize_jac_many.lto_priv.521
 .text          0x00026250     0x2eec C:\Users\hardi\AppData\Local\Temp\ccFCjZvk.ltrans5.ltrans.o
                0x00026644                sleepCallbackWrapper.lto_priv.459
                0x00026680                USART0_RX_IRQHandler
                0x00026864                I2C0_IRQHandler
                0x00026864                WDOG1_IRQHandler
                0x00026864                MemManage_Handler
                0x00026864                LEUART0_IRQHandler
                0x00026864                USART2_RX_IRQHandler
                0x00026864                BusFault_Handler
                0x00026864                CRYOTIMER_IRQHandler
                0x00026864                USART2_TX_IRQHandler
                0x00026864                ACMP0_IRQHandler
                0x00026864                USART1_RX_IRQHandler
                0x00026864                CSEN_IRQHandler
                0x00026864                WTIMER0_IRQHandler
                0x00026864                CRYPTO1_IRQHandler
                0x00026864                SysTick_Handler
                0x00026864                SMU_IRQHandler
                0x00026864                IDAC0_IRQHandler
                0x00026864                RTCC_IRQHandler
                0x00026864                USART0_TX_IRQHandler
                0x00026864                UsageFault_Handler
                0x00026864                WDOG0_IRQHandler
                0x00026864                TRNG0_IRQHandler
                0x00026864                USART1_TX_IRQHandler
                0x00026864                SVC_Handler
                0x00026864                MSC_IRQHandler
                0x00026864                PCNT0_IRQHandler
                0x00026864                PendSV_Handler
                0x00026864                VDAC0_IRQHandler
                0x00026864                ADC0_IRQHandler
                0x00026864                EMU_IRQHandler
                0x00026864                CRYPTO0_IRQHandler
                0x00026864                I2C1_IRQHandler
                0x00026864                LESENSE_IRQHandler
                0x00026864                NMI_Handler
                0x00026864                FPUEH_IRQHandler
                0x00026864                CMU_IRQHandler
                0x00026864                Default_Handler
                0x00026864                HardFault_Handler
                0x00026864                LDMA_IRQHandler
                0x00026864                DebugMon_Handler
                0x00026b64                sli_bt_cmd_gatt_server_send_characteristic_notification
                0x00026d30                bgapi_ubt_listener
                0x000273f0                LETIMER0_IRQHandler
                0x0002740c                TIMER1_IRQHandler
                0x00027448                TIMER0_IRQHandler
                0x00027830                GPIO_ODD_IRQHandler
                0x00027854                GPIO_EVEN_IRQHandler
                0x00027d6c                Reset_Handler
                0x00027da4                DMD_writeColor.part.2
                0x0002816c                MSC_Deinit
                0x00028180                MSC_Init
                0x000281a0                EMU_DCDCLnRcoBandSet
                0x000281c8                EMU_VScaleGet.lto_priv.882
                0x000281dc                CORE_SetNvicRamTableHandler
                0x000281ec                CORE_ExitAtomic
                0x000281ec                CORE_ExitCritical
                0x000281f2                bgbuf_free
                0x00028268                bgbuf_alloc_int.lto_priv.496
                0x00028304                bgbuf_clone
                0x00028376                bgbuf_alloc_size
                0x00028384                bgbuf_alloc
                0x00028458                CMU_OscillatorEnable
                0x000285bc                CMU_ClockSelectGet
                0x00028684                CMU_ClockEnable
                0x0002877c                CMU_UpdateWaitStates
                0x00028798                setHfLeConfig.lto_priv.881
                0x000287dc                SystemHFClockGet
                0x00028824                EMU_VScaleEM01ByClock
                0x00028950                CMU_ClockFreqGet
                0x00028ab8                CMU_ClockSelectSet
                0x00029032                _write
                0x00029070                _sbrk
                0x00029094                _read
                0x00029124                _lseek
                0x00029128                _isatty
                0x0002912c                _fstat
                0x00029136                _exit
                0x00029138                _close
 .text.startup  0x0002913c     0x1ca4 C:\Users\hardi\AppData\Local\Temp\ccFCjZvk.ltrans5.ltrans.o
                0x0002913c                main
 .text          0x0002ade0     0x5440 C:\Users\hardi\AppData\Local\Temp\ccFCjZvk.ltrans6.ltrans.o
                0x0002ae08                s811283eda8925aa908a29c0fb184c1693eb6e29d68029a5072949c207b4f7cb8.lto_priv.577
                0x0002ae48                bgapi_test_lib_msg_handler
                0x0002ae94                sli_bt_cmd_le_gap_bt5_set_adv_parameters
                0x0002af64                sli_bt_cmd_le_gap_set_scan_parameters
                0x0002afd0                sli_bt_cmd_le_gap_end_procedure
                0x0002b018                sli_bt_cmd_le_gap_discover
                0x0002b094                sli_bt_cmd_le_gap_bt5_set_adv_data
                0x0002b0f8                sli_bt_cmd_le_gap_bt5_set_mode
                0x0002b208                s41cf796d48d7b53f8fa7d175a2a127293b7721f1e0ec3523449edaa208a8969d
                0x0002b20c                s1b49cd26019356c4c454a01517f002dc201ba322e198f3e78a2fcb7c8ad003c4
                0x0002b210                s39306f0a0d9350665a5c86f8165bd54d865e6ef7333bd8c797eb65a1fe3d3b4d
                0x0002b214                sa5db633a61810b7b4e88e9a5213a81d5ba7ebefca2a78d7df1d0d08ca1e4089c
                0x0002b218                scc1e99b60b7e9541180287ab3d84674f647171c0094f228159f4e1db85d79750
                0x0002b21c                s7fa5a335c460b33b60b9bf12f950cf0b87e4e5e1581f6561812f2a67a6b3815f
                0x0002b2e4                s5a9f6f074040ce74d93e3f684d76bca764d82305f4061ed5d88dfbc6574b4486
                0x0002b410                s4ed80eb4c9e0990d91d711f47158efeab22935dcfb71e38ba6c10e05aa9130e1
                0x0002bad4                s3b8af17dc1984bef9dfe136fe6f6903d953c7650b2c9af7638a9d6517266c96a.lto_priv.466
                0x0002bb00                mbedtls_mpi_cmp_mpi
                0x0002bb80                mbedtls_mpi_cmp_int
                0x0002bb9a                mbedtls_mpi_cmp_abs
                0x0002bbfc                mbedtls_mpi_bitlen
                0x0002bc3c                mbedtls_mpi_lsb
                0x0002bc72                mbedtls_mpi_free
                0x0002bc9e                bg_random_get_data
                0x0002bd18                bg_pool_free
                0x0002bd5a                bg_pool_alloc
                0x0002bd74                bg_message_run
                0x0002be04                bg_message_call
                0x0002be32                bg_message_remove_receivers
                0x0002be64                bg_message_send_later_alloc_pool
                0x0002bef4                bg_message_send
                0x0002bf3a                bg_message_cancel_matching
                0x0002bf90                bg_malloc
                0x0002bfae                bg_message_add_receiver
                0x0002bfd2                bg_zalloc
                0x0002bfea                mbedtls_mpi_grow
                0x0002c03c                mbedtls_mpi_shift_l
                0x0002c0ca                mbedtls_mpi_lset
                0x0002c0f2                mbedtls_mpi_shift_r
                0x0002c166                mbedtls_mpi_read_binary
                0x0002c1d2                s3aac575e28da0d7964dad5ad5d6c85d4997f65b29590a405fb0f8c020dbac66b
                0x0002c2c2                mbedtls_mpi_copy
                0x0002c316                mbedtls_mpi_mul_mpi
                0x0002c918                mbedtls_mpi_sub_abs
                0x0002caa6                mbedtls_mpi_sub_mpi
                0x0002caec                mbedtls_mpi_add_mpi
                0x0002cb30                mbedtls_mpi_shrink
                0x0002cba0                bg_event_raise
                0x0002cbcc                bg_event_allocate
                0x0002cbf4                bg_bit_popcount
                0x0002cc1a                att_buf_send
                0x0002cc24                att_send_pdu
                0x0002cc30                att_alloc_pdu_copy_data
                0x0002cc6a                att_alloc_buf
                0x0002cc82                att_alloc_pdu
                0x0002cc92                att_send_execute_write_response
                0x0002ccac                att_send_write_response
                0x0002ccc6                att_send_error_response
                0x0002ccec                acl_find_by_addr
                0x0002cd1c                acl_find_by_index
                0x0002cd34                acl_find_by_hci_handle
                0x0002cd4c                acl_release_
                0x0002cdf0                s0c83dbf80cd6ed3a3e9ae223b4683f746e30fffdf1211b02f02c0492bfee977d
                0x0002cf08                sde1a9ba2693b3ad6aac10ee8b861b8b7d7cd04179ce6c38a709765b6792f2330
                0x0002cf3c                s6d380183df0b781240090db6d22dec74d362caf943d3f86b6a7a8dec2b7beb1e
                0x0002cf98                se27ffd4e335c1b287068f894ab12cd726a9f6a2615712701a687f5fd281d4cff
                0x0002cfbe                s209982b582be70cf7990f9b873281f2e890fc861caea8609036859f4f0205138
                0x0002cfe0                sf7e2afdb3823d4035da9afeba95a4a5af41fd8124ffccc0f72e60a1fa3a01a9f.part.0
                0x0002d0e8                s400811aa0cd11c4cb41e52ce55495c20a1bbba83da63015ee4f93f619f033e7b
                0x0002d130                s3af4da5ae226a5fafe91e81ba2c31fb669ea28b51513723d8faa1123a21ee5d1
                0x0002d178                s1f40accdd736e425e48d817527fb227caae2b320c9f97e70010bfc8cfe92324a
                0x0002d49c                s01772fb76dbed7b3183333f0ce6d75f7231a12170ebba267e48e2c10a6f03513.part.6
                0x0002d4ec                sb1a0f761cc5f42b2788cab3ad9ca54ac472c702ee6f9d32aa9b48379c26abce8
                0x0002d51a                s78100db7be33e72f198dd455e36a69667451e1481a8917036bb90e7f7efa52a0
                0x0002d5b2                sb13f131771b26c25ba0fe8c84354089a2bb045683557277aba9ec535f6236b07.part.1
                0x0002d89e                se527918f4c901aeb7216061e2ab885f1e1cff68b74e80ce6403486bd4f3b8099
                0x0002d8d8                s97afb8527847f11a55577e950df24069f7e5a5b7f4ceff80ab51e912f6dab521
                0x0002d98a                sa7f5314f00bfcc4521a7d1b365a6b91c07974c97dd4da76ba113d6e86800e261
                0x0002d9fc                s5f5c3c304aac6756cdf41d57d95d8bc3ea5739f23dfff6bb027f9a2c284c4388
                0x0002da42                sb67c72a8d289d4ba6fed3c33dec3e7e8b61af4dd0b87c24de750f5f7d271693c
                0x0002daf4                s3de5170f4552a3c69475eaf4560185b592e86ecaa1683d7edd54757fdc76e33f
                0x0002db4e                s68a2e0afa498fcd2704fb14ae53ceeb80b149f4e726c3ffc6d2123e5cbe977d2.part.1.lto_priv.589
                0x0002db7c                sde778c787f98f879fb24013e79bf2879330a17453cb0da1321a8695b37de5995.lto_priv.512
                0x0002dbd8                sa9fa4419e9b98f124930888065baf4e06b65a8189054d093682a52abbff1d8e7.lto_priv.594
                0x0002dbfc                sc96c8ee327dbf4788de6c825351bb9921e20a75bff30be820055db7982e78ac4.lto_priv.587
                0x0002dc20                s4e7adfb85a0516b47aa7b4d1a2c14f2ebff439c70cb5c934109625c077ca51a3.lto_priv.584
                0x0002dc6c                s0954221c1a9f9708187a6b78840c6ef452f586287a276713ec25353eb8f9406a.lto_priv.588
                0x0002dc9c                sd09e90db062aba7a485b818a8b8292be87b116a80119968fb7e55f47408b4cf8.lto_priv.593
                0x0002dd5c                sefadbf67c58fb46c289d1ab9c5d80dc12486d7cee315da1c8833f928991bae32
                0x0002dd8c                s47d58c22dd520fdc4819aa8b4ba43c5e1bd5085d1d507c1ccc868cc96765a39d.lto_priv.585
                0x0002ddac                sc2b085198caad59532be00573ea274b95b652e05e20fa402ef9cfc32006f16c5
                0x0002de1c                sd781d953cd4f054f4e694d937d5dc29ebbf7f8922d52a3e9252aba27db72d3c9
                0x0002de34                sa9857b5d797c92bedc6af155e7303a2b28fe0c67080bd8d007b028484be03fe0
                0x0002de64                s97883586fbc16cac6a15bf423cb4894369f84caca35876f6be3e2698e78f4cb8
                0x0002de94                sefcf855296e3ebeb40461302ec77153dbc14d8b7343459d104494c055f36f37a
                0x0002df10                sb3ab9401e541618ef9464dc9dc279a39fe8a98408c8627c4657039eaab26f0de
                0x0002df54                s8987b89eb8d003cb3c46e146f226893cd7d4dc045215a206c1aa1d49e810f691
                0x0002df90                s1050f3816948dec04ec1c09d009193abb842d1939e7d5426d2d4a9c153fa19e4
                0x0002dfc0                sb0a0e7dcc0aff66940393115d537bebc9e159573c855ec5411edbeb12839bac0
                0x0002dfdc                se98db4dd27ee87b19a138a390e62f7893fe203dbb85bab88a77cc8b8a614fb8f.lto_priv.591
                0x0002e00c                s2e706f4c17d4ea23e81bf66fdff240bb90fd55d0186c6d1eda5cbcb22504ad5e.lto_priv.592
                0x0002e0d8                s08c36e5c93079ccf4d81647e3db1428a7d5a579a54b1e6e7f35f8d273d18e26d
                0x0002e104                sfc184ab84ea5e9956e3f0cb94dc3ae7f61c042516f939e8654763716d14a7a81
                0x0002e130                s1902c353513a46e4cd63cc1f67ad9b3ed6b03db525594ff1190d66187c988aaa.lto_priv.790
                0x0002e18c                s31b72b6e17f66a75028f13e3b569068eab7b7f76390102ba2f9865df1577ae62
                0x0002e1c8                s0c6bfff49a261ea18faf7e5beb1c85f478315014f2a74981dcb05064c886f467
                0x0002e3d8                se263be2a0b7c61240fd9e57a89877d3f5530a3065eb9518d2e80626d679449e1
                0x0002e414                s2d25e67a1dff175339e8a52a5bfc7f39aefdd0e3e7af7e01f51a5a6470bd83cf
                0x0002e530                s84476a5ffe0e3f078d3c5923082966062475e23dfc77615bda3b57b3a777eb53.lto_priv.578
                0x0002e56c                sbf2ac1065610d3d5d84bda651927927d88cb7a9e0ca536e5fd8e2941ebe14da2
                0x0002e5e4                se2ac50849b88f78cfc22b491336fffca4e4fd919eda671a79ff653737fdaeee5
                0x0002e654                s59fda895212499eb341894a754b6a8799cd070e09c2bea080538c1a9504b52d5
                0x0002e744                s0a1bfc2a0c5d787842e86cdcb14f277dd1cacdc8dd398d0d81fe73935d236f0b
                0x0002e75c                secc6bf91f48f6e16151fd077159682ea379e98faa6c2e6e80454c04fb3c507d4
                0x0002e7a8                sbd8afb566a1ea086ff1907750150be7937a659173c463521c9436e71ff28a4ae
                0x0002e830                s3203fca0711eb4bb0e37e1b5de1351d8a1e0d233ce6341ea972f92c06fe48f3e
                0x0002e87c                s18ca20e6edd7b1dafa111ed259e869b324c456749ccf13e15a084847d5bff424
                0x0002e978                s15c3aa335e4014577105e5f7ac7d6df0d79f2fc33405a5c6dc0a2a3b1c4da159
                0x0002e9b8                s187bcaadfa1d4bd2089d46791a381f7ca2a439c4c30cfa85d232cfc3df36bdd9.lto_priv.586
                0x0002ea48                sdae12e034c336a2007efc5ff5da68577c816387d0e5e9ac4bc409b4dd2ae493f
                0x0002eae0                sb60ae40d295f456443d07c2a32c37c5a0e63f7321cd92bf5ac322a4d3a78b530
                0x0002eb2c                s8633ed229e1c84f4429ddba42c890c6191d9c432c0e6a84977fc4264d4c644fc
                0x0002eb88                sd9986e35a85516bf26ff6b1218cf202e6f1172c3527907ac829ee61275658a4a
                0x0002ebdc                sfc9cd36a1bbb920521ea04ce8c64ab351e3bc801eff8f04e8bc97e393a4dba42
                0x0002ebfc                saad99ac0ad18b3524a4f97ecdae7c27474b69cf8f9a5152e1dca53104d5872f6
                0x0002ec14                sad25edc3cc896798a2dbff4577d09756b38b0ba95a822d83d4da80677cd8fd4e
                0x0002ec78                s4476b960ac1dbf2ac96d5a2c51857539a577e6cef3fd0127721ea1216eff0a2c
                0x0002ed5c                s454e80092bb670d8ea836663e842b03a18eec19a32bfe4f8a0c65cad898738dd
                0x0002ee58                sa010cd761afb93ce24ca32913863e8806dbe6ba7274dae9953e7846a24bcc635
                0x0002eebc                sfb7bec1d149166c9890d3e0ce20dddbe96136e7a3fccd166ae1f48e6d15f6743
                0x0002f278                sccc159e0818bc3416cf5ea5e03b2db05ae2a5f61d3e670403df7b3380971840b
                0x0002f308                s53d65179ce58217b8dbbda4d6a962b325730c74ab87b5d6e6462a55cdc28bc31
                0x0002f328                sfccfa04b675878208b0bdd7c5ae9bb6285224f7f9545ce4640a144450783d728
                0x0002f414                sc61fcdde71e46892d60e95ecb0602537c22b68b895619f4a46516071c6966c2b
                0x0002f5f4                sf18520a544a8bfb6e33c5f6b7b9192c354f1134662a3cab32accef9a53a74ea9
                0x0002f7c8                s7ba794e11b8949de9e5275129b4ba633ce9f1faf54f25f6e280481b07fab0490
                0x0002f9f0                s13cabea84cbad62e2df1cf6ba1004329592d58650d6092e7d5d09b34d629a011
                0x0002faf4                s55aa115f5304976b41d66a7ca64ddfff017dc83836a40847cf51b17a7c642872
                0x0002fd8c                s29429ac4445a8672f9894f8cb9e80d8079c3fd3b99c5a5a98ab30c5076ab5dbc
                0x0002fe02                s1cbe3fe16558876dc5e8411c6e00e76e73d0dc824929cdfa88bb3c699cc6be52
                0x0002feb2                sdea61585e18ca5ec2653cd57eba0f5f5cb260711df5713dc02714c82ca8cfa1f
                0x0002fff0                sb01c0c6b5f7fad080c3b853b80a384592a7c04f998589695044f39b9dd8cc496
                0x00030098                sbdab0a659a16ba137b7d899db62f0b250227ca35db821e3eae0ad86b6f52ca17
                0x0003016c                sdae43e33b155587c01dcd99a12efa714bd1bea37c2e312cdcf6f5d3015940365
                0x0003019c                s14c4813b24e87bb88444bb6a3386809cb9a78b23a4513fc89a4ee471c67c6c08.lto_priv.705
 .text.unlikely
                0x00030220      0x2c4 C:\Users\hardi\AppData\Local\Temp\ccFCjZvk.ltrans6.ltrans.o
                0x00030220                mbedtls_mpi_safe_cond_assign
                0x00030288                sb757ea2164791fd86a5ee7def8113152704c255e6fc33d18b31fd6b63f0e7dfb.lto_priv.745
                0x0003029a                s8cd570e7c4ed3e3540ac5c675077a70067e7bf80be7cabc7685a7c7bb44dff1b.part.3.lto_priv.596
                0x000302fc                sd9038c93eed87bddb38a63c2f0e6d0e0c9a54e9ebc8659ec70537589ba45d407.lto_priv.595
                0x00030330                s0408690682cb3436f632c42469ecba5306b402f1c8e9aadd9e11b01bd77b1201
                0x0003037a                s113e2670c561fa1b518d06d7a71031984f646f284cc10f4d51f7b7cb1b8d3f20.part.11
                0x00030392                sd589b776b3f7a27d2ad9980e25f89155292f3d2d0184175f503e08437ef8f345.lto_priv.590
                0x000303d4                s5df900385b51eb670f368b1ea2c786b3a6dc6727b4c5c9fb538f07fb23ed7df6
                0x00030498                sd9e94f8fc36e83d2d2b276da826a5a682079ce5f587c74329cc207f253f1f473
 .text          0x000304e4     0x3d58 C:\Users\hardi\AppData\Local\Temp\ccFCjZvk.ltrans7.ltrans.o
                0x000304e4                s5ad1fa4191f3ccb36fb97c2ef6225191588ef0fd75f8cc98a16e688db40d5bfa.lto_priv.699
                0x00030542                sfa7d4ced569ec162284f98dec27e7c53b38f9db2735667b2b8dea00e4a363081
                0x000305bc                s57c5640bfee223650e674e78dbd5151760c9d90d8f8237f6f1859df9e8569b27.lto_priv.698
                0x000305cc                se70c2aa28d2f59c7577823c670ab2389ad7d7455a3313477adcd39c3bac98240
                0x000306a8                s91d970e5fa6755d762095036b278ea33c9fb46799228c569eaf1a7cc48fabce2
                0x000306f0                s7413f59c5c3e6f88b5203a095a4c3fe2381d18309aa7af23e7b20c0681c1e567
                0x00030734                s2c47450d827ee803876a1a82f9a56f0e77721e06937524eb4c062d3b87927f0d.lto_priv.915
                0x00030746                s0012ba35f380ee8555045e5957615304786d5c55579203bce19b2ddfa68711f7
                0x0003083c                s85fec278c5d74e6b9700b5ba82c5744233419731e6d2b1a31bd60fcad1ef632c
                0x00030858                s394827979bc517d8c3056ed32db702b680b9a4e9c4ffba37e5359ca17d84f0fb
                0x00030a44                s72779115b1b07fe678f0d68ddd2c3b732b8d9d0591b9f1ea6615a8f2754843c9
                0x00030ae4                s7a7660b4e42ffc7178b6ee3d394b9b3f153dfab2816d5cc25a0a94fb491fb79b.lto_priv.530
                0x00030b44                sf76c7740676ad4b729d57b6fb75ee679e37dbe08d3b7483121a75727256f9e5b.lto_priv.710
                0x00030b82                s1054add7b737c2e8a1eb5454fa7d500e5da5ca554d4238ec791bfb1eadc21f34.lto_priv.528
                0x00030bdc                s82671978564b6495334f191e363e3cbca289c131b22d30ffc25c1755db7043f4.lto_priv.527
                0x00030d94                s0dc9f3dac3978978783c93d16465792ca693c636ffb19cce20e8809d9cbaf0af.lto_priv.529
                0x00030e0c                s8c68a0c6bf1cbdbc58c79dbdbfc6b2edeb50a6cbee567808d4d3648f5780572d
                0x00030e80                sc49df645112e0087bba00e59c32a79e66f966bcb37e78cbb3bd047b620a0f113
                0x00030f58                sbcd8dae26664b2a215c8d4ec6508b9de986ce387e5ac0c61d32ff9eafa46f02e.lto_priv.704
                0x00030f80                s4a2a986fd5dd9c8779079d62399c235a2b6ddbb601cb5d5b92cb838b240c2f19.lto_priv.701
                0x00030fb0                s087f70de52ac3dee8ffc614ad91b70511c7d160dcba60f1cb04e5d71c8049996.lto_priv.700
                0x00030fe4                sd71f0cf7eddd46b6d8ac861f620a55ba20f6f433336a75e89e01978e5e78f4c5.isra.12.lto_priv.509
                0x00030fe6                s7605ee873f62bfeb488db1a6fcaa463289294d441dcb665e91461cea0669233e.isra.8.lto_priv.714
                0x00030fe8                sd8f89ec1100339a81538c46217710e24913a0ef7e9fb11d872efd8f54d61b5a8.isra.7.lto_priv.712
                0x00030fea                s555e05d96c28502d6d0733c44e1c44652a56e2eba66e844d22bdba7a41206103.lto_priv.686
                0x00031050                sbcb44dbbb4e15915ca392a362af3aa0be96eec60363c5bfb54f719c936b2c4b0.lto_priv.684
                0x00031070                seb5bf1da0c9ed9347cd8bc15e5634dc71718bcd4cab32c48dcb28bea072dc14a
                0x000310a0                s43b667355dd07062fe0261de806a446b9e11c49e03ade53aa00d1d143b39cd91.lto_priv.511
                0x000310f0                s1f5aa6f1203ab098ddb83c749573190ebbab63dcccd24d476c32d143c6ee4e13.lto_priv.715
                0x00031128                s058a35f627504dd2ebcb53ed9c8dd0a2699ae3b3ed9ea263900462988391b489.lto_priv.537.lto_priv.748
                0x00031128                s058a35f627504dd2ebcb53ed9c8dd0a2699ae3b3ed9ea263900462988391b489.lto_priv.538.lto_priv.737
                0x00031128                s058a35f627504dd2ebcb53ed9c8dd0a2699ae3b3ed9ea263900462988391b489.lto_priv.502
                0x00031134                s9ff64dc159da670e77c85b13eee3f9cbfaa7038e9c63174821f1d22e366c436c.lto_priv.541.lto_priv.749
                0x00031134                s9ff64dc159da670e77c85b13eee3f9cbfaa7038e9c63174821f1d22e366c436c.lto_priv.543.lto_priv.736
                0x00031134                s9ff64dc159da670e77c85b13eee3f9cbfaa7038e9c63174821f1d22e366c436c.lto_priv.540.lto_priv.719
                0x00031134                s9ff64dc159da670e77c85b13eee3f9cbfaa7038e9c63174821f1d22e366c436c.lto_priv.542.lto_priv.738
                0x00031144                s82dd3ab8003cd2497ba2ed2c0c21b4458767185e45364604942182c9348f9aaa.lto_priv.706
                0x00031144                s82dd3ab8003cd2497ba2ed2c0c21b4458767185e45364604942182c9348f9aaa.lto_priv.503.lto_priv.531
                0x00031144                s82dd3ab8003cd2497ba2ed2c0c21b4458767185e45364604942182c9348f9aaa.lto_priv.504.lto_priv.505
                0x00031152                s9610a5a138da8a33629598358a9ac6e952b2e337f916aa05ee616ccd21fcd676.lto_priv.746
                0x000311bc                scecbc50c9cf28dd98845aa205755e3e4c50ab3cbc03c879de116cb37f4edb289.lto_priv.547.lto_priv.708
                0x000311bc                scecbc50c9cf28dd98845aa205755e3e4c50ab3cbc03c879de116cb37f4edb289.lto_priv.545.lto_priv.729
                0x000311bc                scecbc50c9cf28dd98845aa205755e3e4c50ab3cbc03c879de116cb37f4edb289.lto_priv.546.lto_priv.720
                0x000311c6                s05aa84cedcc11cf1c562137c390b3cbb385eae382cb5349ed3cdb9cbe87d95ac
                0x0003122c                s671b6088cd303b07b712b0a1be2aedede858afd9462658e78c0cdbe2d753299a.lto_priv.553.lto_priv.741
                0x0003122c                s671b6088cd303b07b712b0a1be2aedede858afd9462658e78c0cdbe2d753299a.lto_priv.557.lto_priv.721
                0x0003122c                s671b6088cd303b07b712b0a1be2aedede858afd9462658e78c0cdbe2d753299a.lto_priv.549.lto_priv.750
                0x0003122c                s671b6088cd303b07b712b0a1be2aedede858afd9462658e78c0cdbe2d753299a.lto_priv.558.lto_priv.691
                0x0003122c                s671b6088cd303b07b712b0a1be2aedede858afd9462658e78c0cdbe2d753299a.lto_priv.551.lto_priv.743
                0x0003122c                s671b6088cd303b07b712b0a1be2aedede858afd9462658e78c0cdbe2d753299a.lto_priv.554.lto_priv.739
                0x0003122c                s671b6088cd303b07b712b0a1be2aedede858afd9462658e78c0cdbe2d753299a.lto_priv.559.lto_priv.683
                0x0003122c                s671b6088cd303b07b712b0a1be2aedede858afd9462658e78c0cdbe2d753299a.lto_priv.560.lto_priv.682
                0x0003122c                s671b6088cd303b07b712b0a1be2aedede858afd9462658e78c0cdbe2d753299a.lto_priv.548.lto_priv.728
                0x0003122c                s671b6088cd303b07b712b0a1be2aedede858afd9462658e78c0cdbe2d753299a.lto_priv.556.lto_priv.722
                0x0003122c                s671b6088cd303b07b712b0a1be2aedede858afd9462658e78c0cdbe2d753299a.lto_priv.550.lto_priv.747
                0x0003122c                s671b6088cd303b07b712b0a1be2aedede858afd9462658e78c0cdbe2d753299a.lto_priv.507.lto_priv.508
                0x0003122c                s671b6088cd303b07b712b0a1be2aedede858afd9462658e78c0cdbe2d753299a.lto_priv.506.lto_priv.532
                0x0003122c                s671b6088cd303b07b712b0a1be2aedede858afd9462658e78c0cdbe2d753299a.lto_priv.552.lto_priv.742
                0x0003122c                s671b6088cd303b07b712b0a1be2aedede858afd9462658e78c0cdbe2d753299a.lto_priv.555.lto_priv.724
                0x00031250                s21b03dd586d728cd675973bf87cc7df0b94301a77a7148ef41693704498750f5.isra.22.lto_priv.713
                0x00031390                swapl.lto_priv.562.lto_priv.685
                0x00031390                swapl.lto_priv.561.lto_priv.693
                0x0003142a                bgbuf_chain_links.lto_priv.563.lto_priv.730
                0x0003142a                bgbuf_chain_links.lto_priv.565.lto_priv.744
                0x0003142a                bgbuf_chain_links.lto_priv.567.lto_priv.717
                0x0003142a                bgbuf_chain_links.lto_priv.564.lto_priv.880
                0x0003142a                bgbuf_chain_links.lto_priv.566.lto_priv.740
                0x0003143a                mesh_trans_send_sdu
                0x000317c0                s1b037843a5798a501b1bf997ec66a5d32c1273f48a95622356b6cfeb2de10fb3
                0x000317e8                s806233bbd3dc53cce472d676990bebc134264d01b979aade18a51e7c661ab5e4.lto_priv.497
                0x00031830                int32_from_buf.lto_priv.922
                0x00031834                s6f00d7ff79989e47e4de58201b5928a1b2e1bf2cf48f9b8ba9ec412c85f3a7ae
                0x00031a98                sbae177fa25566daf82f1d50c5c368d6ef771ae8a26258ae2eb392a54af1cf514
                0x00031a98                mesh_lib_deserialize_request
                0x00031c2e                s0198e9aaf28957347d4660bf7c76298dfdfc28068911f0cfb72e1c7f7b92ce83
                0x00031c3a                s4b0768ec1694b4462a50c6a0009d2c968480882bab2f3870f44b96db31289e11.lto_priv.718
                0x00031c54                scab1be5017b41f56d14d3fcef52a148bb609efd81dc7cc82de3aa10b50cc8043
                0x00031ca4                s3cab21e792d54b7541fed56ab1cdc2638fc0c5dfa65136d194a7115f225fe29a
                0x00031cbc                s1c191b5248f708c675e993605301d9ca96e7511e19170fce8d2ba23302a66c37.lto_priv.516
                0x00031cdc                sad9cedfdff57fcf1f2e8a7cb957987afcdd37d68e343d6fb4af70f8cc2d26818.lto_priv.514
                0x00031dd2                sdc285a045a4d184ba1f96a679bf976dad3cc4dd6d580b7bdcc8d7221f193317a
                0x00031e1a                sad68bd15d6e2e6b2fe2e5c40a1b4e2937165ee45a1171231878240f07ff2db96.lto_priv.515
                0x00031ef0                s9af9e10166b4dfbcbd649fca5486b552c344542f69d081c660bc42f9606e3c40
                0x00032070                s268808e179520926de9973ff7b3a6217a186a7862d8adaecdfb83b553adb5de7
                0x000320ae                s6cde2f2134fa96584fdcfab30c5890642817dec76c53de88f7945652b79e7ae6
                0x000320c4                scda99358aee15b47126b17bb7665c374c4b5f197f6fc3b67606a931b692d8bf6
                0x000321d8                s24414439278278109a31be670ffd8cd0098f486d06e26d4bd910964725169f78.lto_priv.925
                0x00032250                s495947f0fcecf09be7c1bc75c6ed4bd12df63a4e6f8314cc576a6d8ccf270fa7
                0x00032274                sce3ab1eaa7ee027e4a572370dde4aae59fcb8710f9a5aeb9155cb6bd6bec0c2e
                0x00032344                sddd99ff8736e059d0ece66ec3df74ab77094df6a97722fbc80a6b0a3c3e55697
                0x00032398                s1573ff43048a4da8c49031b54d796ef8be152c24842a072118e765733677d113
                0x000323f0                RADIO_RACClearRxOverflow
                0x00032410                RADIO_RxTrailDataLength
                0x0003244c                RADIO_ClockFreqGet
                0x00032468                RADIO_RACStateGet.lto_priv.571.lto_priv.629
                0x00032468                RADIO_RACStateGet.lto_priv.574.lto_priv.628
                0x00032468                RADIO_RACStateGet.lto_priv.572.lto_priv.832
                0x00032468                RADIO_RACStateGet.lto_priv.575.lto_priv.836
                0x00032468                RADIO_RACStateGet.lto_priv.573.lto_priv.850
                0x00032478                PTI_AuxdataOutput
                0x00032494                PROTIMER_PrecntOverflowToUs
                0x000324c4                PA_ProtectPa.part.1.lto_priv.627
                0x0003255c                PA_SelectBand
                0x000325bc                getRampTimeFromLevelAndRate.lto_priv.625
                0x000325dc                PROTIMER_GetTime
                0x00032618                PROTIMER_GetUsTime
                0x0003262e                PROTIMER_CCTimerStart
                0x00032814                s2c7f8256c21a35c957be583dc5b45f9844e0daca7f8d870e7167cc73e2251152.lto_priv.526
                0x000329c8                sf8de3044167a266727bd3087aa78703eca05d914a537eb9123555524c11c8890.lto_priv.703
                0x00032a48                s965e05dd09705c2e0e02fbb53c43b72c67dd0c8ea4bd0be2819ad08faf988a7e.lto_priv.702
                0x00032c18                s4df97908585f13e4f95c41529f173c5feae8db8c963509c90b492826dbcc9c34.lto_priv.510
                0x00032e24                sd7400f1c67758aeba68a9b1772cd5984be401a023cba2a4b0091dfe27b2617d0
                0x00033324                s2d8d60151f84e2fe74c36f9345a673a736f6d41e148e924262ba779b16ff2942
 .text          0x0003423c     0x3d58 C:\Users\hardi\AppData\Local\Temp\ccFCjZvk.ltrans8.ltrans.o
                0x0003425c                s203c11a0e296da6702f974aa7096ebe966ea61a0ec7b70ba6d359e8bda6a59aa.lto_priv.782
                0x000342c0                s64ec19537b527aa778a6ec009b06ebbe07b609befdc684ca07977921956276c2.lto_priv.781
                0x000342f0                s005973216bcb99fc86eb4ed314903a24bab65fe7bae1a6fa154d0eaba59507a5
                0x00034300                s4c268cfa430be076f01d3337cf775803e8667b3264b47e79ced2d2262a4a020e
                0x000343b0                sba37ae8601690b0896cea959395272b96624ac4b5aad20973574360601a0ed90.lto_priv.768
                0x00034490                s7511782b6bff733265fdc80150f483bb1a5d0f42f56c21cff7ea617278ca4bb0.lto_priv.779
                0x000345a0                s195bd06d3d7dced800230fa572adb64d223a3b6c1382fc621c40b28a20ce051a
                0x000345a4                s8d64c438403c36792474ee14f02ef44de28731e5538b6b61deb7027fb9f1213d
                0x000345a8                sef1316e1438ae2cf117c40ca6556dc740ddd34034083b129a49abc7f7a4a9153
                0x000345ac                s5519abc2b89ababc4364a73ca9bf14192bbaf331bb8f600cb502ad89d69dc189
                0x0003461c                s49a5aef00ed35d07789c1a79de9e63fc357b634005e3f893e064f4a74e900002.lto_priv.784
                0x0003461e                sc1caa8d631e234034408bfda5382abeb136472432d5432eb4abfc0f4c4b28078
                0x00034620                s7d71c9802e3958162b5fdd55fa253c867fa29d2fb4c4ba23cdcbc795d5c42be2
                0x00034674                sfba4a69959f432b6a16997869735d5345a408c9f4f869c7678226c11563073aa.lto_priv.688
                0x00034768                s90457651413029d1b805c9791502f80dad2bc331f03b9db5ed195366407d1399.lto_priv.687
                0x000347cc                sc0bbe4f47f33af52dada84dab2be3fc53ee775c69299aff02a8271f1c942b4fb.lto_priv.690
                0x000347fc                s6595fbcfaef90445a8a7fe8b1058808e3c4bf4a91e1235f3abbf289f9d80551a
                0x00034828                sb241fa3dc15733d9775993c7589cc8f49674c5d5f760c34ca1a2b79b81ba1023.lto_priv.525
                0x000348a0                sa9cdbf1c2f0abaddb8437928276edfa6a082ed7bc09c9a43fb34626888d3f8bb.lto_priv.464
                0x00034908                sf9d43ee24c22e4a0d791e151797a50e128102eddd2b65ba04e8e198c7ad606ec.part.1
                0x00034998                s5eaf0a4d55384ca30b34cc0178a6627cd3fe69363781b6501a2ed94a913b41b8
                0x00034a00                s0e4204c9985a631fef91cc925f3a985694db1a47c33f068b6c9649e9844a699b
                0x00034b64                sfea6553aadd267fc80fdfe1303406cd6927524d8ca67cc4f9a6cd69da8da5d70
                0x00034cb4                sc0b927b5dab52591298ea90e5bafc5313839b5ed12b0d58d571261e45a9b3b28
                0x00034d72                s033743affbe89c62aec89e2ef002f98eda2e968afa369e1474fb9500aad6eb05
                0x00034da8                sf365a46675558c2f81c154bfd91549a0b25271febea7a3335ac1aa340784dcfd
                0x00034e0c                s679d72007eb32f71aba107132f47390d6606383fd5a0a51bd02d786edf6f1055
                0x00034e24                s947f6669e09c6036614206fb2c14e49b1ae9d094fa52d588c71a512d123143d2
                0x00034fc8                s1e8e801ca7427338dc34d3e97947e5bfe3d14495fcb70cb319c4b8281406ab6e
                0x0003515a                s8afa8bd57a010aaa072e78cbb63f2f498a52b945ba2ab92e73978fbb5a72aff7
                0x000351c6                s142612325e982800554450aa041378f4a8504d71b5dd193dd4a126296bae52a1
                0x00035202                bgbuf_copy_to
                0x00035202                s3c8561c978fd97690e535f33470c7a4cae732740e95669ae53f051876cf36cf6
                0x00035260                s8cd01b457a5b70765d659e3b0eb35c23f704299ba5a79083d3a1375f55e3b885
                0x00035470                s7a2ef2cf9caf09b2e7bf287f1aab8a6e6825474a67084bfad2c92beb912ebc6a
                0x000354b8                sdc528b59434616cacd0b3a6d4e3017e72844ba46e00cfb5cbc5115adf3488bcc
                0x0003564c                s998ea7f5216b6e1ca0e897fe0feb989b23cf8c68c723b283079a5d8c035fa2a2
                0x000357f4                s1c8bb5f1550650306aab296e8862df91c69b6ffa3e6906f99102c7b26fc89414.lto_priv.513
                0x00035848                sc590a76df500be8234c3d77551d13e28eeb4ef80aabe09db0f298a454b02ebbe
                0x00035894                s34fbf48579147efba8ae800ebb75fe70c3b70da86ede68139bcfdd890a68d444.lto_priv.795
                0x00035ac4                scce964ede00a122913c7caa0b1fb8fcbb6498fda16b841d84f18f76fe794b8c9
                0x00035c14                s89514f25042a56d1f6d876f640c2de839850d5baeae349e3d922d77a14be4872
                0x00035c88                s15a8e3b6fcc9da0cc72a5c562b5f743a4f4be5adc234b47cf314c1a381c4b9b4.lto_priv.783
                0x00035d18                s1e6876ced0d548b56d377ef41dc0f3f0b12b41ce6a9494dc8c35c87e8e3b22d7.lto_priv.785
                0x00035da4                sa36264136eaef7bbdc807fb560b6eda803241d39164a2730557470734ef84f43.lto_priv.786
                0x00035e0c                s8681d0293da3d4e9319e50b9d093b5eed863ee1d4c03d481b4634a636ecc899a.lto_priv.780
                0x00035e62                s217a21a7a8f3f1091596dbf4f08a61fd3c16462ef6f203ac78993ce8701dc5dd
                0x00035e78                sc15e72523a4fff591eb1c022dda22a453478a0af2d8130b937420b069e3b7fb1
                0x00035e94                sd8a21cfa0a7aa956f6c22fc1950b44e920a03eec22249fc0b05680e2c5b406e9
                0x00035eac                s1ee9b56ab38b39eefe77c768c6fb6fddfac9d7e905cc009948dce405026bda2a
                0x00035f7c                s7ae258203eebfbaaaaaa28f4a7f0e29f3444686b97ed7d00e4196a644b70ff9b.lto_priv.791
                0x00036040                s71ef9039c4f0980b7703ce018af82d8ee850b8e5ea3e323100ec94940da324e0.lto_priv.465
                0x000362f8                s0bf263814e8bf4e1110c8681e3324ae8f04bd13d39bdd85f6ca1eac5cae2ab1e
                0x0003644c                s3277fbf5ab0c15a80b6b614e5aa3e78205fc99258e41a17ccc003a0c86a182cf.lto_priv.767
                0x000365ec                s9d53c1a2ffea051bd6441e519f88905446467a57e789caff4796045f80852b69
                0x0003661a                sa4a3dd4d9c89d330f1ed88b0ab06f5ce086e9510afbb612cc8bcfb63dcee141b
                0x00036678                s52a958eed992c5285bed4345ee3d727bb229196b3be3728a0283b14bea5bbfac
                0x000376f0                sf0565216273da3f4f72c20fec26d2e0647b3b064af3e75fbb354b3fef1f61a80
                0x0003775a                s14394823fdb1a4dd6c5f0097ea0f4fa3ca90f45831c90889c96e2be2e299fb7f
                0x000378f0                s6f57eb6a7c74529af588693aa5038e89b6815648f3a1132e31b95a690f78472a
                0x00037972                s5cb4210b3e08c6887fc9d1d25cf45b4247e34312f4c813ceb3edbc8c31061806
                0x000379f0                sfb236dad0e3b9a6ba5f71bf6154df58253ecfeeddf8ab1c9e230f8ce02543e59
                0x00037b28                s15a0a36617ab2c00edef932b212592c232eef8642d944829cc0bfe4e7e296016
                0x00037bb2                s0d70aa0b448be667b438bb513c65613c732fa5051f0a702e0c113acb7cdca1e6
                0x00037c38                sd197966131b96fedbbe10724ff77a88880847d9dd59b96f5a4210833cd3175e0.lto_priv.769
                0x00037c84                s815b4ab54b5d66d4f4c099599897597aab9547f6f150416983323418fbcfcd63.lto_priv.789
                0x00037e1c                sb4abdc41eb49b8e076241efa49704a180ff0e0d6e8eaefdba762fb55a4ac2ca3
                0x00037ee4                scfc0e2e1128071105522c23c9451e1bb2465ed08baa33cf1d9181b1d53169813
                0x00037f32                s449e7a51a7e703ed2efe63cbb5046a7a7e9db7e8d0813ad844005c51e298a967
 .text.unlikely
                0x00037f94      0x19c C:\Users\hardi\AppData\Local\Temp\ccFCjZvk.ltrans8.ltrans.o
                0x00037f94                s3033267058558a9277cf69c7eeac6de89f91399fd2564e66cdfa2e0f949820b8.lto_priv.923
                0x00037fca                s262d060773e899a6be2dace8de0c67edeba542acbdb5ed7bfef1868a039bafd4
                0x00038068                s61fa9467253c29a9338eb58eb8c5b76571e4a1d231c64732156dc5c669825e2c
                0x000380c4                s0c051ca4cd653994c4bdbefc91d4a2de441889bfd6d8701556b78812eeb7d5ce
 .text          0x00038130     0x3a38 C:\Users\hardi\AppData\Local\Temp\ccFCjZvk.ltrans9.ltrans.o
                0x000382d0                sd69063ac414aa9b182b3715be7c99e550c11a43ab43002cd16895150daad7b64
                0x0003831a                graphPrintCenter.constprop.447
                0x000384d0                PTI_Enable.constprop.433
                0x0003851c                USART_InitSync.constprop.426
                0x000385dc                send_pri_level_request.constprop.392
                0x00038684                bgbuf_alloc_copy_data.constprop.388
                0x000386ae                ccm_auth_crypt.constprop.383
                0x0003895c                mbedtls_ccm_setkey.constprop.379
                0x000389b0                s6d39ade7f44649b27cc26f65d9f86fa1ec4cc84e98bf51e9e8cfc9e7988777c2.constprop.372
                0x00038a00                sa6d352c37b4fa930ecbaec9816bb56056daa3d3e7623f8c520936b092a43a476.constprop.363
                0x00038a50                sdc7cbe274a0bd68f48e0a525a58b269c5262196daafddd164cb38663c5344a77.constprop.362
                0x00038a82                ADC_PrescaleCalc.constprop.348
                0x00038aa8                gecko_register_bgapi_library.constprop.331
                0x00038ae4                hci_le_set_ext_scan_enable.constprop.327
                0x00038b18                nvm3_writeData.constprop.323
                0x00038b34                PA_Config.constprop.312
                0x00038c60                nvm3_readData.constprop.309
                0x00038c94                RFHAL_ConfigRxOptions.constprop.299
                0x00038d6c                RFHAL_ResetTxFifo.constprop.290
                0x00038d98                hci_command_alloc_bgbuf.constprop.235
                0x00038dec                swap_endianess.constprop.233
                0x00038e08                bondingdb_find_by_data.part.2.constprop.229
                0x00038e58                validate_scanning_phymask.constprop.219
                0x00038e68                gatt_set_enabled_caps.constprop.209
                0x00038f18                find_address.constprop.184
                0x00038f78                preTxOps.constprop.162
                0x00039060                ll_scanTaskExtCommonHandler.constprop.155
                0x000390f4                gecko_cmd_le_gap_bt5_set_adv_data.constprop.147
                0x0003914c                s1111ff367ed81175c48c8adb7f8bb0bb8796a61c1f4772065b2c2f98692b0bfe.constprop.143
                0x0003915a                s049e1d01f06c5f833f1916c8aa37af2664c3060cc97b8154e5e981264e5c3cfd.constprop.140
                0x000391cc                s992c1f8497eff751a815360ace7b41ae6c84e3f304a9140490c2232261d3913d.constprop.135
                0x00039290                sd2a37a3f28df5a67c6c309e951a8328fe164bc27fefa3b4e4abf9ed9d9caa37d.part.4.constprop.122
                0x00039314                s5a1766c84873223f8dc26b867cf62a40b775da77c003414a2378edf79eb83444.part.3.constprop.120
                0x00039382                s72f0327aaf4a5b5d1b8846c7ff740323d8b9fb0fa26c3c39306563deba2716ea.constprop.106
                0x00039598                s6b6cf546326ecfdaa45b5ab0c9b319f4652a20ac438b1de23d1340ca3be1e31f.constprop.101
                0x000395b4                s12d6165640c970c592a062daeb924a8ad82661000943aa0e2e8d8bfc7c841cf7.constprop.90
                0x000396b0                mbedtls_ecp_group_load.constprop.88
                0x00039724                mbedtls_mpi_write_binary.constprop.72
                0x0003976a                s46dec11741421a29b011731561b6bd9293ef7ee403a2428c8d41fe77d18d302c.constprop.67
                0x00039840                s617e494c409f265694ebaceeb984e42905f3b96e1c0246796425f0b3ecac989e.constprop.36
                0x000399b6                se416c492aedb0cb37373f93ac8e17f9ba6085f4b705624dd81bcfb1d1d52c6a4.constprop.33
                0x00039b98                s25fe1f32d256b6f9faa48676081c88e5070b1c5f55116f3efe6fac7281b5352c.constprop.22
                0x00039bfc                se5695084ddd1adb318f562e7c21b1d3964fdfee9399d146f7c2ab949daf9342b.constprop.15
                0x00039ce4                s6e114f95379bb5b5d8bdcc12f0a6f184258c2b82d2191d83bb05dc6e358df3ab.constprop.10
                0x00039d48                sa76c86811b162592dc0102cc6e17d26637d51ef5c1982f87f99ab35a53a7d670.constprop.9
                0x00039dac                ecp_crypto_device_init.isra.0.lto_priv.645
                0x00039df0                mbedtls_internal_ecp_grp_capable
                0x00039dfa                ecp_crypto_ddata_write.lto_priv.644
                0x00039e70                mpitobigint.lto_priv.648
                0x00039eae                CRYPTO_InstructionSequenceWait.lto_priv.468.lto_priv.643
                0x00039eae                CRYPTO_InstructionSequenceWait.lto_priv.467.lto_priv.658
                0x00039eb6                CRYPTO_DDataRead.lto_priv.474.lto_priv.647
                0x00039eb6                CRYPTO_DDataRead.lto_priv.473.lto_priv.659
                0x00039ef0                crypto_management_acquire_preemption.constprop.197
                0x0003a034                CRYPTO_DDataWrite.lto_priv.477.lto_priv.646
                0x0003a034                CRYPTO_DDataWrite.lto_priv.475.lto_priv.655
                0x0003a034                CRYPTO_DDataWrite.lto_priv.476.lto_priv.651
                0x0003a058                CRYPTO_DData0Write260.lto_priv.469.lto_priv.652
                0x0003a070                CRYPTO_DataReadUnaligned.lto_priv.479.lto_priv.632
                0x0003a070                CRYPTO_DataReadUnaligned.lto_priv.478.lto_priv.653
                0x0003a0ae                CRYPTO_DataWriteUnaligned.lto_priv.480.lto_priv.654
                0x0003a0ae                CRYPTO_DataWriteUnaligned.lto_priv.481.lto_priv.633
                0x0003a0f2                mbedtls_zeroize.lto_priv.484.lto_priv.656
                0x0003a0f2                mbedtls_zeroize.lto_priv.483.lto_priv.657
                0x0003a0f2                mbedtls_zeroize.lto_priv.485.lto_priv.650
                0x0003a0f2                mbedtls_zeroize.lto_priv.486.lto_priv.582
                0x0003a0f2                mbedtls_zeroize.lto_priv.482.lto_priv.599
                0x0003a102                mbedtls_ccm_free
                0x0003a114                mbedtls_cipher_cmac_starts.constprop.375
                0x0003a15c                mbedtls_ecp_mul.constprop.74
                0x0003a58c                sa2d107fa6f8913066e5b4df3cdd87f0997e09273df6a7c6585f33659836c546d.isra.4.lto_priv.579
                0x0003a5a2                s087f70de52ac3dee8ffc614ad91b70511c7d160dcba60f1cb04e5d71c8049996.part.6.lto_priv.581
                0x0003a5a2                s4a2a986fd5dd9c8779079d62399c235a2b6ddbb601cb5d5b92cb838b240c2f19.part.5.lto_priv.580
                0x0003a5c4                see718346e034d96d58e5a80fabd20c59a92b6115337c9b9cfec2ec3d4869dfb8
                0x0003a680                sbdec9ad3cd384617597eb97673acfd1f42c77a70767f57c354430d80c2b82071
                0x0003a700                gecko_stack_init.constprop.262
                0x0003b0b8                ll_advSetData.constprop.192
                0x0003b12e                ecp_crypto_ddata_read.lto_priv.642
                0x0003b1c2                crypto_mpi_div_mod.lto_priv.649
                0x0003b3dc                mbedtls_internal_ecp_normalize_jac
                0x0003b4c8                s958311d77e975b6afb09c253a317568fb99686d6ed7f12efea46b505d98f5d14.constprop.378
                0x0003b574                sd906ef5a2b1a3b6d706927e4c9811336532fa5d100dd96643833a07bb9061ee6.constprop.370
                0x0003b710                s39143644810349b74f0af37849af2c7f3c45cd2cff47951227f2f86f0b2e6959.constprop.124
                0x0003b7c6                sab502123964e55aa42c788423fe4aca83448c71c429d539ca270feacd99b8114.constprop.115
                0x0003b970                s35a10c806c834b5f02b759b96a6aa0613573e4cd2d69b753a1162c661a106755.constprop.139
 .text.unlikely
                0x0003bb68       0xb2 C:\Users\hardi\AppData\Local\Temp\ccFCjZvk.ltrans9.ltrans.o
                0x0003bbd2                l2cap_send_command_reject.constprop.207
 *fill*         0x0003bc1a        0x6 
 .text.ceil     0x0003bc20      0x100 c:/siliconlabs/simplicitystudio/v4/developer/toolchains/gnu_arm/7.2_2017q4/bin/../lib/gcc/arm-none-eabi/7.2.1/../../../../arm-none-eabi/lib/thumb/v7e-m/fpv4-sp/softfp\libm.a(lib_a-s_ceil.o)
                0x0003bc20                ceil
 .text.pow      0x0003bd20      0x33c c:/siliconlabs/simplicitystudio/v4/developer/toolchains/gnu_arm/7.2_2017q4/bin/../lib/gcc/arm-none-eabi/7.2.1/../../../../arm-none-eabi/lib/thumb/v7e-m/fpv4-sp/softfp\libm.a(lib_a-w_pow.o)
                0x0003bd20                pow
 *fill*         0x0003c05c        0x4 
 .text.__ieee754_pow
                0x0003c060      0xaa8 c:/siliconlabs/simplicitystudio/v4/developer/toolchains/gnu_arm/7.2_2017q4/bin/../lib/gcc/arm-none-eabi/7.2.1/../../../../arm-none-eabi/lib/thumb/v7e-m/fpv4-sp/softfp\libm.a(lib_a-e_pow.o)
                0x0003c060                __ieee754_pow
 .text.__ieee754_sqrt
                0x0003cb08      0x180 c:/siliconlabs/simplicitystudio/v4/developer/toolchains/gnu_arm/7.2_2017q4/bin/../lib/gcc/arm-none-eabi/7.2.1/../../../../arm-none-eabi/lib/thumb/v7e-m/fpv4-sp/softfp\libm.a(lib_a-e_sqrt.o)
                0x0003cb08                __ieee754_sqrt
 .text.fabs     0x0003cc88        0x8 c:/siliconlabs/simplicitystudio/v4/developer/toolchains/gnu_arm/7.2_2017q4/bin/../lib/gcc/arm-none-eabi/7.2.1/../../../../arm-none-eabi/lib/thumb/v7e-m/fpv4-sp/softfp\libm.a(lib_a-s_fabs.o)
                0x0003cc88                fabs
 .text.finite   0x0003cc90        0xc c:/siliconlabs/simplicitystudio/v4/developer/toolchains/gnu_arm/7.2_2017q4/bin/../lib/gcc/arm-none-eabi/7.2.1/../../../../arm-none-eabi/lib/thumb/v7e-m/fpv4-sp/softfp\libm.a(lib_a-s_finite.o)
                0x0003cc90                finite
 .text.matherr  0x0003cc9c        0x4 c:/siliconlabs/simplicitystudio/v4/developer/toolchains/gnu_arm/7.2_2017q4/bin/../lib/gcc/arm-none-eabi/7.2.1/../../../../arm-none-eabi/lib/thumb/v7e-m/fpv4-sp/softfp\libm.a(lib_a-s_matherr.o)
                0x0003cc9c                matherr
 .text.nan      0x0003cca0        0xc c:/siliconlabs/simplicitystudio/v4/developer/toolchains/gnu_arm/7.2_2017q4/bin/../lib/gcc/arm-none-eabi/7.2.1/../../../../arm-none-eabi/lib/thumb/v7e-m/fpv4-sp/softfp\libm.a(lib_a-s_nan.o)
                0x0003cca0                nan
 .text.rint     0x0003ccac      0x11c c:/siliconlabs/simplicitystudio/v4/developer/toolchains/gnu_arm/7.2_2017q4/bin/../lib/gcc/arm-none-eabi/7.2.1/../../../../arm-none-eabi/lib/thumb/v7e-m/fpv4-sp/softfp\libm.a(lib_a-s_rint.o)
                0x0003ccac                rint
 .text.scalbn   0x0003cdc8       0xfc c:/siliconlabs/simplicitystudio/v4/developer/toolchains/gnu_arm/7.2_2017q4/bin/../lib/gcc/arm-none-eabi/7.2.1/../../../../arm-none-eabi/lib/thumb/v7e-m/fpv4-sp/softfp\libm.a(lib_a-s_scalbn.o)
                0x0003cdc8                scalbn
 .text.copysign
                0x0003cec4       0x10 c:/siliconlabs/simplicitystudio/v4/developer/toolchains/gnu_arm/7.2_2017q4/bin/../lib/gcc/arm-none-eabi/7.2.1/../../../../arm-none-eabi/lib/thumb/v7e-m/fpv4-sp/softfp\libm.a(lib_a-s_copysign.o)
                0x0003cec4                copysign
 .text          0x0003ced4      0x378 c:/siliconlabs/simplicitystudio/v4/developer/toolchains/gnu_arm/7.2_2017q4/bin/../lib/gcc/arm-none-eabi/7.2.1/thumb/v7e-m/fpv4-sp/softfp\libgcc.a(_arm_addsubdf3.o)
                0x0003ced4                __aeabi_drsub
                0x0003cedc                __subdf3
                0x0003cedc                __aeabi_dsub
                0x0003cee0                __aeabi_dadd
                0x0003cee0                __adddf3
                0x0003d158                __floatunsidf
                0x0003d158                __aeabi_ui2d
                0x0003d178                __aeabi_i2d
                0x0003d178                __floatsidf
                0x0003d19c                __extendsfdf2
                0x0003d19c                __aeabi_f2d
                0x0003d1e0                __floatundidf
                0x0003d1e0                __aeabi_ul2d
                0x0003d1f0                __aeabi_l2d
                0x0003d1f0                __floatdidf
 .text          0x0003d24c      0x424 c:/siliconlabs/simplicitystudio/v4/developer/toolchains/gnu_arm/7.2_2017q4/bin/../lib/gcc/arm-none-eabi/7.2.1/thumb/v7e-m/fpv4-sp/softfp\libgcc.a(_arm_muldivdf3.o)
                0x0003d24c                __aeabi_dmul
                0x0003d24c                __muldf3
                0x0003d4a0                __divdf3
                0x0003d4a0                __aeabi_ddiv
 .text          0x0003d670      0x110 c:/siliconlabs/simplicitystudio/v4/developer/toolchains/gnu_arm/7.2_2017q4/bin/../lib/gcc/arm-none-eabi/7.2.1/thumb/v7e-m/fpv4-sp/softfp\libgcc.a(_arm_cmpdf2.o)
                0x0003d670                __gtdf2
                0x0003d670                __gedf2
                0x0003d678                __ltdf2
                0x0003d678                __ledf2
                0x0003d680                __nedf2
                0x0003d680                __cmpdf2
                0x0003d680                __eqdf2
                0x0003d6fc                __aeabi_cdrcmple
                0x0003d70c                __aeabi_cdcmple
                0x0003d70c                __aeabi_cdcmpeq
                0x0003d71c                __aeabi_dcmpeq
                0x0003d730                __aeabi_dcmplt
                0x0003d744                __aeabi_dcmple
                0x0003d758                __aeabi_dcmpge
                0x0003d76c                __aeabi_dcmpgt
 .text          0x0003d780       0x2c c:/siliconlabs/simplicitystudio/v4/developer/toolchains/gnu_arm/7.2_2017q4/bin/../lib/gcc/arm-none-eabi/7.2.1/thumb/v7e-m/fpv4-sp/softfp\libgcc.a(_arm_unorddf2.o)
                0x0003d780                __unorddf2
                0x0003d780                __aeabi_dcmpun
 .text          0x0003d7ac       0x30 c:/siliconlabs/simplicitystudio/v4/developer/toolchains/gnu_arm/7.2_2017q4/bin/../lib/gcc/arm-none-eabi/7.2.1/thumb/v7e-m/fpv4-sp/softfp\libgcc.a(_aeabi_uldivmod.o)
                0x0003d7ac                __aeabi_uldivmod